Archive member included to satisfy reference by file (symbol)

app/libapp.a(main.c.obj)      (--whole-archive)
app/libapp.a(if.c.obj)        (--whole-archive)
app/libapp.a(protocol.c.obj)  (--whole-archive)
app/libapp.a(ble.c.obj)       (--whole-archive)
app/libapp.a(dfe_local_config.c.obj)
                              (--whole-archive)
zephyr/libzephyr.a(crc32_sw.c.obj)
                              (--whole-archive)
zephyr/libzephyr.a(crc16_sw.c.obj)
                              (--whole-archive)
zephyr/libzephyr.a(crc8_sw.c.obj)
                              (--whole-archive)
zephyr/libzephyr.a(crc7_sw.c.obj)
                              (--whole-archive)
zephyr/libzephyr.a(dec.c.obj)
                              (--whole-archive)
zephyr/libzephyr.a(fdtable.c.obj)
                              (--whole-archive)
zephyr/libzephyr.a(hex.c.obj)
                              (--whole-archive)
zephyr/libzephyr.a(mempool.c.obj)
                              (--whole-archive)
zephyr/libzephyr.a(notify.c.obj)
                              (--whole-archive)
zephyr/libzephyr.a(printk.c.obj)
                              (--whole-archive)
zephyr/libzephyr.a(onoff.c.obj)
                              (--whole-archive)
zephyr/libzephyr.a(rb.c.obj)  (--whole-archive)
zephyr/libzephyr.a(sem.c.obj)
                              (--whole-archive)
zephyr/libzephyr.a(thread_entry.c.obj)
                              (--whole-archive)
zephyr/libzephyr.a(timeutil.c.obj)
                              (--whole-archive)
zephyr/libzephyr.a(work_q.c.obj)
                              (--whole-archive)
zephyr/libzephyr.a(heap.c.obj)
                              (--whole-archive)
zephyr/libzephyr.a(heap-validate.c.obj)
                              (--whole-archive)
zephyr/libzephyr.a(configs.c.obj)
                              (--whole-archive)
zephyr/libzephyr.a(validate_base_addresses.c.obj)
                              (--whole-archive)
zephyr/libzephyr.a(validate_enabled_instances.c.obj)
                              (--whole-archive)
zephyr/libzephyr.a(log_list.c.obj)
                              (--whole-archive)
zephyr/libzephyr.a(log_core.c.obj)
                              (--whole-archive)
zephyr/libzephyr.a(log_msg.c.obj)
                              (--whole-archive)
zephyr/libzephyr.a(log_output.c.obj)
                              (--whole-archive)
zephyr/libzephyr.a(log_backend_uart.c.obj)
                              (--whole-archive)
zephyr/libzephyr.a(log_backend_rtt.c.obj)
                              (--whole-archive)
zephyr/libzephyr.a(addr_utils.c.obj)
                              (--whole-archive)
zephyr/libzephyr.a(power.c.obj)
                              (--whole-archive)
zephyr/libzephyr.a(policy_residency.c.obj)
                              (--whole-archive)
zephyr/libzephyr.a(uart_console.c.obj)
                              (--whole-archive)
zephyr/libzephyr.a(nrf_power_clock.c.obj)
                              (--whole-archive)
zephyr/libzephyr.a(sys_clock_init.c.obj)
                              (--whole-archive)
zephyr/libzephyr.a(nrf_rtc_timer.c.obj)
                              (--whole-archive)
zephyr/libzephyr.a(SEGGER_RTT.c.obj)
                              (--whole-archive)
zephyr/libzephyr.a(SEGGER_RTT_zephyr.c.obj)
                              (--whole-archive)
zephyr/arch/common/libarch__common.a(isr_tables.c.obj)
                              (--whole-archive)
zephyr/arch/common/libarch__common.a(sw_isr_common.c.obj)
                              (--whole-archive)
zephyr/arch/arch/arm/core/aarch32/libarch__arm__core__aarch32.a(swap.c.obj)
                              (--whole-archive)
zephyr/arch/arch/arm/core/aarch32/libarch__arm__core__aarch32.a(swap_helper.S.obj)
                              (--whole-archive)
zephyr/arch/arch/arm/core/aarch32/libarch__arm__core__aarch32.a(irq_manage.c.obj)
                              (--whole-archive)
zephyr/arch/arch/arm/core/aarch32/libarch__arm__core__aarch32.a(thread.c.obj)
                              (--whole-archive)
zephyr/arch/arch/arm/core/aarch32/libarch__arm__core__aarch32.a(cpu_idle.S.obj)
                              (--whole-archive)
zephyr/arch/arch/arm/core/aarch32/libarch__arm__core__aarch32.a(fatal.c.obj)
                              (--whole-archive)
zephyr/arch/arch/arm/core/aarch32/libarch__arm__core__aarch32.a(nmi.c.obj)
                              (--whole-archive)
zephyr/arch/arch/arm/core/aarch32/libarch__arm__core__aarch32.a(nmi_on_reset.S.obj)
                              (--whole-archive)
zephyr/arch/arch/arm/core/aarch32/libarch__arm__core__aarch32.a(prep_c.c.obj)
                              (--whole-archive)
zephyr/arch/arch/arm/core/aarch32/libarch__arm__core__aarch32.a(isr_wrapper.S.obj)
                              (--whole-archive)
zephyr/arch/arch/arm/core/aarch32/cortex_m/libarch__arm__core__aarch32__cortex_m.a(vector_table.S.obj)
                              (--whole-archive)
[...]
Memory Configuration

Name             Origin             Length             Attributes
FLASH            0x0000000000000000 0x0000000000080000 xr
SRAM             0x0000000020000000 0x0000000000020000 xw
IDT_LIST         0x0000000020020000 0x0000000000000800 xw
*default*        0x0000000000000000 0xffffffffffffffff

Linker script and memory map

LOAD zephyr/CMakeFiles/zephyr_prebuilt.dir/misc/empty_file.c.obj
LOAD zephyr/CMakeFiles/offsets.dir/./arch/arm/core/offsets/offsets.c.obj
                0x0000000000000020                _region_min_align = 0x20

.rel.plt        0x0000000000000000        0x0
 *(SORT_BY_ALIGNMENT(.rel.plt))
                [!provide]                        PROVIDE (__rel_iplt_start = .)
 *(SORT_BY_ALIGNMENT(.rel.iplt))
 .rel.iplt      0x0000000000000000        0x0 zephyr/CMakeFiles/offsets.dir/./arch/arm/core/offsets/offsets.c.obj
                [!provide]                        PROVIDE (__rel_iplt_end = .)

.rela.plt       0x0000000000000000        0x0
 *(SORT_BY_ALIGNMENT(.rela.plt))
                [!provide]                        PROVIDE (__rela_iplt_start = .)
 *(SORT_BY_ALIGNMENT(.rela.iplt))
                [!provide]                        PROVIDE (__rela_iplt_end = .)

.rel.dyn
 *(SORT_BY_ALIGNMENT(.rel.*))

.rela.dyn
 *(SORT_BY_ALIGNMENT(.rela.*))

/DISCARD/
 *(SORT_BY_ALIGNMENT(.plt))
 *(SORT_BY_ALIGNMENT(.iplt))
 *(SORT_BY_ALIGNMENT(.got.plt))
 *(SORT_BY_ALIGNMENT(.igot.plt))
 *(SORT_BY_ALIGNMENT(.got))
 *(SORT_BY_ALIGNMENT(.igot))
 *(SORT_BY_ALIGNMENT(.note.GNU-stack))
                0x0000000000000000                _image_rom_start = 0x0

rom_start       0x0000000000000000      0x100
                0x0000000000000000                . = 0x0
                0x0000000000000000                . = ALIGN (0x4)
                0x0000000000000000                _vector_start = .
 *(SORT_BY_ALIGNMENT(.exc_vector_table))
 *(SORT_BY_ALIGNMENT(.exc_vector_table.*))
 .exc_vector_table._vector_table_section
                0x0000000000000000       0x40 zephyr/arch/arch/arm/core/aarch32/cortex_m/libarch__arm__core__aarch32__cortex_m.a(vector_table.S.obj)
                0x0000000000000000                _vector_table
 *(SORT_BY_ALIGNMENT(.gnu.linkonce.irq_vector_table))
 .gnu.linkonce.irq_vector_table
                0x0000000000000040       0xc0 zephyr/arch/common/libarch__common.a(isr_tables.c.obj)
                0x0000000000000040                _irq_vector_table
 *(SORT_BY_ALIGNMENT(.vectors))
                0x0000000000000100                _vector_end = .
 *(SORT_BY_ALIGNMENT(.openocd_dbg))
 *(SORT_BY_ALIGNMENT(.openocd_dbg.*))

text            0x0000000000000100    0x1090e
                0x0000000000000100                _image_text_start = .
 *(SORT_BY_ALIGNMENT(.text))
 .text          0x0000000000000100       0xa0 /home/rabbi/zephyr-sdk/arm-zephyr-eabi/arm-zephyr-eabi/lib/thumb/v7e-m/nofp/libc_nano.a(lib_a-memchr.o)
                0x0000000000000100                memchr
 .text          0x00000000000001a0      0x21c /home/rabbi/zephyr-sdk/arm-zephyr-eabi/bin/../lib/gcc/arm-zephyr-eabi/9.2.0/thumb/v7e-m/nofp/libgcc.a(_arm_addsubsf3.o)
                0x00000000000001a0                __aeabi_frsub
                0x00000000000001a8                __subsf3
                0x00000000000001a8                __aeabi_fsub
                0x00000000000001ac                __aeabi_fadd
                0x00000000000001ac                __addsf3
                0x000000000000030c                __aeabi_ui2f
                0x000000000000030c                __floatunsisf
                0x0000000000000314                __aeabi_i2f
                0x0000000000000314                __floatsisf
                0x0000000000000330                __floatundisf
                0x0000000000000330                __aeabi_ul2f
                0x0000000000000340                __floatdisf
                0x0000000000000340                __aeabi_l2f
 .text          0x00000000000003bc       0x4c /home/rabbi/zephyr-sdk/arm-zephyr-eabi/bin/../lib/gcc/arm-zephyr-eabi/9.2.0/thumb/v7e-m/nofp/libgcc.a(_arm_fixsfsi.o)
                0x00000000000003bc                __fixsfsi
                0x00000000000003bc                __aeabi_f2iz
 .text          0x0000000000000408       0x30 /home/rabbi/zephyr-sdk/arm-zephyr-eabi/bin/../lib/gcc/arm-zephyr-eabi/9.2.0/thumb/v7e-m/nofp/libgcc.a(_aeabi_uldivmod.o)
                0x0000000000000408                __aeabi_uldivmod
 .text          0x0000000000000438      0x2c4 /home/rabbi/zephyr-sdk/arm-zephyr-eabi/bin/../lib/gcc/arm-zephyr-eabi/9.2.0/thumb/v7e-m/nofp/libgcc.a(_udivmoddi4.o)
                0x0000000000000438                __udivmoddi4
 .text          0x00000000000006fc        0x4 /home/rabbi/zephyr-sdk/arm-zephyr-eabi/bin/../lib/gcc/arm-zephyr-eabi/9.2.0/thumb/v7e-m/nofp/libgcc.a(_dvmd_tls.o)
                0x00000000000006fc                __aeabi_ldiv0
                0x00000000000006fc                __aeabi_idiv0
 .text          0x0000000000000700       0x14 /home/rabbi/zephyr-sdk/arm-zephyr-eabi/arm-zephyr-eabi/lib/thumb/v7e-m/nofp/libc_nano.a(lib_a-strcmp.o)
                0x0000000000000700                strcmp
 *(SORT_BY_ALIGNMENT(.text.*))
 *fill*         0x0000000000000714        0x4 
 .text.ull_scan_params_set
                0x0000000000000718       0x44 zephyr/subsys/bluetooth/controller/libsubsys__bluetooth__controller.a(ull_scan.c.obj)
                0x0000000000000718                ull_scan_params_set
 *fill*         0x000000000000075c        0x4 
 .text.ull_scan_enable
                0x0000000000000760      0x120 zephyr/subsys/bluetooth/controller/libsubsys__bluetooth__controller.a(ull_scan.c.obj)
                0x0000000000000760                ull_scan_enable
 .text.main     0x0000000000000880      0x148 app/libapp.a(main.c.obj)
                0x0000000000000880                main
 .text.uart_send
                0x00000000000009c8       0x24 app/libapp.a(if.c.obj)
 .text.if_uart_app_isr
                0x00000000000009ec       0x50 app/libapp.a(if.c.obj)
 .text.if_initialization
                0x0000000000000a3c       0x6c app/libapp.a(if.c.obj)
                0x0000000000000a3c                if_initialization
 .text.protocol_convert_to_string
                0x0000000000000aa8      0x224 app/libapp.a(protocol.c.obj)
 .text.protocol_initialization
                0x0000000000000ccc       0x20 app/libapp.a(protocol.c.obj)
                0x0000000000000ccc                protocol_initialization
 .text.protocol_handling
                0x0000000000000cec       0x50 app/libapp.a(protocol.c.obj)
                0x0000000000000cec                protocol_handling
 .text.ble_initialization
                0x0000000000000d3c       0x64 app/libapp.a(ble.c.obj)
                0x0000000000000d3c                ble_initialization
 .text.get_switching_duration_ns
                0x0000000000000da0       0x38 app/libapp.a(dfe_local_config.c.obj)
 .text.get_effective_ant_num
                0x0000000000000dd8       0x34 app/libapp.a(dfe_local_config.c.obj)
 .text.dfe_get_sampling_config
                0x0000000000000e0c        0x8 app/libapp.a(dfe_local_config.c.obj)
                0x0000000000000e0c                dfe_get_sampling_config
 .text.dfe_get_antenna_config
                0x0000000000000e14        0x8 app/libapp.a(dfe_local_config.c.obj)
                0x0000000000000e14                dfe_get_antenna_config
 .text.dfe_get_ant_gpios_config
                0x0000000000000e1c        0x8 app/libapp.a(dfe_local_config.c.obj)
                0x0000000000000e1c                dfe_get_ant_gpios_config
 .text.dfe_init
                0x0000000000000e24      0x1f4 app/libapp.a(dfe_local_config.c.obj)
                0x0000000000000e24                dfe_init
 .text.get_sampling_slot_samples_num
                0x0000000000001018       0x54 app/libapp.a(dfe_local_config.c.obj)
 .text.get_ref_samples_num
                0x000000000000106c       0x38 app/libapp.a(dfe_local_config.c.obj)
 .text.dfe_map_iq_samples_to_antennas
                0x00000000000010a4      0x190 app/libapp.a(dfe_local_config.c.obj)
                0x00000000000010a4                dfe_map_iq_samples_to_antennas
 .text.dfe_delay_before_first_sampl
                0x0000000000001234       0x4c app/libapp.a(dfe_local_config.c.obj)
                0x0000000000001234                dfe_delay_before_first_sampl
 .text.char_out
                0x0000000000001280       0x14 zephyr/libzephyr.a(printk.c.obj)
 .text._printk_dec_ulong
                0x0000000000001294       0xa8 zephyr/libzephyr.a(printk.c.obj)
 .text.__printk_hook_install
                0x000000000000133c        0xc zephyr/libzephyr.a(printk.c.obj)
                0x000000000000133c                __printk_hook_install
 .text.vprintk  0x0000000000001348       0x20 zephyr/libzephyr.a(printk.c.obj)
                0x0000000000001348                vprintk
 .text.vsnprintk
                0x0000000000001368       0x2c zephyr/libzephyr.a(printk.c.obj)
                0x0000000000001368                vsnprintk
 .text.is_rodata
                0x0000000000001394       0x20 zephyr/libzephyr.a(log_core.c.obj)
 .text.thread_set
                0x00000000000013b4       0x28 zephyr/libzephyr.a(log_core.c.obj)
 .text.log_process_thread_timer_expiry_fn
                0x00000000000013dc       0x10 zephyr/libzephyr.a(log_core.c.obj)
 .text.enable_logger
                0x00000000000013ec       0x5c zephyr/libzephyr.a(log_core.c.obj)
 .text.z_log_get_s_mask
                0x0000000000001448       0x48 zephyr/libzephyr.a(log_core.c.obj)
                0x0000000000001448                z_log_get_s_mask
 .text.log_core_init
                0x0000000000001490       0x3c zephyr/libzephyr.a(log_core.c.obj)
                0x0000000000001490                log_core_init
 .text.dropped_notify
                0x00000000000014cc       0x58 zephyr/libzephyr.a(log_core.c.obj)
                0x00000000000014cc                dropped_notify
 .text.log_dropped
                0x0000000000001524       0x20 zephyr/libzephyr.a(log_core.c.obj)
                0x0000000000001524                log_dropped
 .text.log_source_name_get
                0x0000000000001544       0x20 zephyr/libzephyr.a(log_core.c.obj)
                0x0000000000001544                log_source_name_get
 .text.log_backend_enable
                0x0000000000001564       0x3c zephyr/libzephyr.a(log_core.c.obj)
                0x0000000000001564                log_backend_enable
 .text.log_init
                0x00000000000015a0       0x80 zephyr/libzephyr.a(log_core.c.obj)
                0x00000000000015a0                log_init
 .text.log_strdup
                0x0000000000001620       0x60 zephyr/libzephyr.a(log_core.c.obj)
                0x0000000000001620                log_strdup
 .text.log_is_strdup
                0x0000000000001680       0x24 zephyr/libzephyr.a(log_core.c.obj)
                0x0000000000001680                log_is_strdup
 .text.detect_missed_strdup
                0x00000000000016a4       0xa8 zephyr/libzephyr.a(log_core.c.obj)
 .text.msg_process
                0x000000000000174c       0x64 zephyr/libzephyr.a(log_core.c.obj)
 .text.z_impl_log_process
                0x00000000000017b0       0x78 zephyr/libzephyr.a(log_core.c.obj)
                0x00000000000017b0                z_impl_log_process
 .text.log_3    0x0000000000001828      0x110 zephyr/libzephyr.a(log_core.c.obj)
                0x0000000000001828                log_3
 .text.z_impl_log_panic
                0x0000000000001938       0x58 zephyr/libzephyr.a(log_core.c.obj)
                0x0000000000001938                z_impl_log_panic
 .text.log_process_thread_func
                0x0000000000001990       0x30 zephyr/libzephyr.a(log_core.c.obj)
 .text.log_1    0x00000000000019c0      0x100 zephyr/libzephyr.a(log_core.c.obj)
                0x00000000000019c0                log_1
 .text.log_2    0x0000000000001ac0      0x108 zephyr/libzephyr.a(log_core.c.obj)
                0x0000000000001ac0                log_2
 .text.log_n    0x0000000000001bc8       0xd8 zephyr/libzephyr.a(log_core.c.obj)
                0x0000000000001bc8                log_n
 .text.log_0    0x0000000000001ca0       0xf0 zephyr/libzephyr.a(log_core.c.obj)
                0x0000000000001ca0                log_0
 .text.log_free
                0x0000000000001d90       0x38 zephyr/libzephyr.a(log_core.c.obj)
                0x0000000000001d90                log_free
 .text.cont_free
                0x0000000000001dc8       0x20 zephyr/libzephyr.a(log_msg.c.obj)
 .text.log_msg_pool_init
                0x0000000000001de8       0x18 zephyr/libzephyr.a(log_msg.c.obj)
                0x0000000000001de8                log_msg_pool_init
 .text.log_msg_no_space_handle
                0x0000000000001e00       0x30 zephyr/libzephyr.a(log_msg.c.obj)
                0x0000000000001e00                log_msg_no_space_handle
 .text.log_msg_chunk_alloc
                0x0000000000001e30       0x38 zephyr/libzephyr.a(log_msg.c.obj)
                0x0000000000001e30                log_msg_chunk_alloc
 .text.msg_free
                0x0000000000001e68       0x80 zephyr/libzephyr.a(log_msg.c.obj)
 .text.print_formatted
                0x0000000000001ee8       0x28 zephyr/libzephyr.a(log_output.c.obj)
 .text.timestamp_print
                0x0000000000001f10       0x8c zephyr/libzephyr.a(log_output.c.obj)
 .text.color_print
                0x0000000000001f9c       0x2c zephyr/libzephyr.a(log_output.c.obj)
 .text.newline_print
                0x0000000000001fc8       0x28 zephyr/libzephyr.a(log_output.c.obj)
 .text.hexdump_line_print
                0x0000000000001ff0       0xc4 zephyr/libzephyr.a(log_output.c.obj)
 .text.ids_print
                0x00000000000020b4       0x5c zephyr/libzephyr.a(log_output.c.obj)
 .text.hexdump_print
                0x0000000000002110       0x54 zephyr/libzephyr.a(log_output.c.obj)
 .text.raw_string_print
                0x0000000000002164       0x5c zephyr/libzephyr.a(log_output.c.obj)
 .text.log_output_dropped_process
                0x00000000000021c0       0x54 zephyr/libzephyr.a(log_output.c.obj)
                0x00000000000021c0                log_output_dropped_process
 .text.log_output_timestamp_freq_set
                0x0000000000002214       0x2c zephyr/libzephyr.a(log_output.c.obj)
                0x0000000000002214                log_output_timestamp_freq_set
 .text.log_backend_uart_init
                0x0000000000002240       0x30 zephyr/libzephyr.a(log_backend_uart.c.obj)
 .text.panic    0x0000000000002270       0x10 zephyr/libzephyr.a(log_backend_uart.c.obj)
 .text.dropped  0x0000000000002280       0x10 zephyr/libzephyr.a(log_backend_uart.c.obj)
 .text.put      0x0000000000002290       0x20 zephyr/libzephyr.a(log_backend_uart.c.obj)
 .text.log_backend_rtt_init
                0x00000000000022b0        0xc zephyr/libzephyr.a(log_backend_rtt.c.obj)
 .text.on_failed_write
                0x00000000000022bc       0x30 zephyr/libzephyr.a(log_backend_rtt.c.obj)
 .text.on_write
                0x00000000000022ec       0x38 zephyr/libzephyr.a(log_backend_rtt.c.obj)
 .text.data_out_block_mode
                0x0000000000002324       0x7c zephyr/libzephyr.a(log_backend_rtt.c.obj)
 .text.panic    0x00000000000023a0       0x18 zephyr/libzephyr.a(log_backend_rtt.c.obj)
 .text.dropped  0x00000000000023b8       0x10 zephyr/libzephyr.a(log_backend_rtt.c.obj)
 .text.put      0x00000000000023c8       0x20 zephyr/libzephyr.a(log_backend_rtt.c.obj)
 .text.console_out
                0x00000000000023e8       0x2c zephyr/libzephyr.a(uart_console.c.obj)
 .text.uart_console_hook_install
                0x0000000000002414       0x18 zephyr/libzephyr.a(uart_console.c.obj)
 .text.uart_console_init
                0x000000000000242c       0x1c zephyr/libzephyr.a(uart_console.c.obj)
 .text.nrf_power_clock_isr
                0x0000000000002448       0x40 zephyr/libzephyr.a(nrf_power_clock.c.obj)
                0x0000000000002448                nrf_power_clock_isr
 .text.set_comparator
                0x0000000000002488       0x10 zephyr/libzephyr.a(nrf_rtc_timer.c.obj)
 .text.get_comparator
                0x0000000000002498        0xc zephyr/libzephyr.a(nrf_rtc_timer.c.obj)
 .text.event_clear
                0x00000000000024a4       0x18 zephyr/libzephyr.a(nrf_rtc_timer.c.obj)
 .text.event_enable
                0x00000000000024bc       0x10 zephyr/libzephyr.a(nrf_rtc_timer.c.obj)
 .text.int_disable
                0x00000000000024cc       0x10 zephyr/libzephyr.a(nrf_rtc_timer.c.obj)
 .text.int_enable
                0x00000000000024dc       0x10 zephyr/libzephyr.a(nrf_rtc_timer.c.obj)
 .text.counter  0x00000000000024ec        0xc zephyr/libzephyr.a(nrf_rtc_timer.c.obj)
 .text.rtc1_nrf_isr
                0x00000000000024f8       0x24 zephyr/libzephyr.a(nrf_rtc_timer.c.obj)
                0x00000000000024f8                rtc1_nrf_isr
 .text.prevent_false_prev_evt
                0x000000000000251c       0x44 zephyr/libzephyr.a(nrf_rtc_timer.c.obj)
 .text.z_clock_driver_init
                0x0000000000002560       0x60 zephyr/libzephyr.a(nrf_rtc_timer.c.obj)
                0x0000000000002560                z_clock_driver_init
 .text.z_clock_set_timeout
                0x00000000000025c0       0x5c zephyr/libzephyr.a(nrf_rtc_timer.c.obj)
                0x00000000000025c0                z_clock_set_timeout
 .text.z_clock_elapsed
                0x000000000000261c       0x2c zephyr/libzephyr.a(nrf_rtc_timer.c.obj)
                0x000000000000261c                z_clock_elapsed
 .text.z_timer_cycle_get_32
                0x0000000000002648       0x30 zephyr/libzephyr.a(nrf_rtc_timer.c.obj)
                0x0000000000002648                z_timer_cycle_get_32
 .text._DoInit  0x0000000000002678       0x60 zephyr/libzephyr.a(SEGGER_RTT.c.obj)
 .text.SEGGER_RTT_WriteSkipNoLock
                0x00000000000026d8       0xc8 zephyr/libzephyr.a(SEGGER_RTT.c.obj)
                0x00000000000026d8                SEGGER_RTT_WriteSkipNoLock
 .text.SEGGER_RTT_HasDataUp
                0x00000000000027a0       0x20 zephyr/libzephyr.a(SEGGER_RTT.c.obj)
                0x00000000000027a0                SEGGER_RTT_HasDataUp
 .text.arch_swap
                0x00000000000027c0       0x34 zephyr/arch/arch/arm/core/aarch32/libarch__arm__core__aarch32.a(swap.c.obj)
                0x00000000000027c0                arch_swap
 .text.z_arm_pendsv
                0x00000000000027f4       0x48 zephyr/arch/arch/arm/core/aarch32/libarch__arm__core__aarch32.a(swap_helper.S.obj)
                0x00000000000027f4                z_arm_pendsv
 .text.z_arm_svc
                0x000000000000283c       0x20 zephyr/arch/arch/arm/core/aarch32/libarch__arm__core__aarch32.a(swap_helper.S.obj)
                0x000000000000283c                z_arm_svc
 .text.arch_irq_enable
                0x000000000000285c       0x20 zephyr/arch/arch/arm/core/aarch32/libarch__arm__core__aarch32.a(irq_manage.c.obj)
                0x000000000000285c                arch_irq_enable
 .text.arch_irq_disable
                0x000000000000287c       0x28 zephyr/arch/arch/arm/core/aarch32/libarch__arm__core__aarch32.a(irq_manage.c.obj)
                0x000000000000287c                arch_irq_disable
 .text.arch_irq_is_enabled
                0x00000000000028a4       0x1c zephyr/arch/arch/arm/core/aarch32/libarch__arm__core__aarch32.a(irq_manage.c.obj)
                0x00000000000028a4                arch_irq_is_enabled
 .text.z_arm_irq_priority_set
                0x00000000000028c0       0x2c zephyr/arch/arch/arm/core/aarch32/libarch__arm__core__aarch32.a(irq_manage.c.obj)
                0x00000000000028c0                z_arm_irq_priority_set
 .text._arch_isr_direct_pm
                0x00000000000028ec       0x1c zephyr/arch/arch/arm/core/aarch32/libarch__arm__core__aarch32.a(irq_manage.c.obj)
                0x00000000000028ec                _arch_isr_direct_pm
 .text.arch_new_thread
                0x0000000000002908       0x3c zephyr/arch/arch/arm/core/aarch32/libarch__arm__core__aarch32.a(thread.c.obj)
                0x0000000000002908                arch_new_thread
 .text.arch_switch_to_main_thread
                0x0000000000002944       0x38 zephyr/arch/arch/arm/core/aarch32/libarch__arm__core__aarch32.a(thread.c.obj)
                0x0000000000002944                arch_switch_to_main_thread
 .text.z_arm_cpu_idle_init
                0x000000000000297c        0xc zephyr/arch/arch/arm/core/aarch32/libarch__arm__core__aarch32.a(cpu_idle.S.obj)
                0x000000000000297c                z_arm_cpu_idle_init
 .text.arch_cpu_idle
                0x0000000000002988       0x1c zephyr/arch/arch/arm/core/aarch32/libarch__arm__core__aarch32.a(cpu_idle.S.obj)
                0x0000000000002988                arch_cpu_idle
 .text.esf_dump
                0x00000000000029a4       0xa0 zephyr/arch/arch/arm/core/aarch32/libarch__arm__core__aarch32.a(fatal.c.obj)
 .text.z_SysNmiOnReset
                0x0000000000002a44        0x8 zephyr/arch/arch/arm/core/aarch32/libarch__arm__core__aarch32.a(nmi_on_reset.S.obj)
                0x0000000000002a44                z_SysNmiOnReset
 .text.z_arm_prep_c
                0x0000000000002a4c       0x44 zephyr/arch/arch/arm/core/aarch32/libarch__arm__core__aarch32.a(prep_c.c.obj)
                0x0000000000002a4c                z_arm_prep_c
 .text._isr_wrapper
                0x0000000000002a90       0x40 zephyr/arch/arch/arm/core/aarch32/libarch__arm__core__aarch32.a(isr_wrapper.S.obj)
                0x0000000000002a90                _isr_wrapper
 .text._reset_section
                0x0000000000002ad0       0x30 zephyr/arch/arch/arm/core/aarch32/cortex_m/libarch__arm__core__aarch32__cortex_m.a(reset.S.obj)
                0x0000000000002ad0                z_arm_reset
                0x0000000000002ad0                __start
 .text.__fault  0x0000000000002b00       0x14 zephyr/arch/arch/arm/core/aarch32/cortex_m/libarch__arm__core__aarch32__cortex_m.a(fault_s.S.obj)
                0x0000000000002b00                z_arm_bus_fault
                0x0000000000002b00                z_arm_usage_fault
                0x0000000000002b00                z_arm_mpu_fault
                0x0000000000002b00                z_arm_exc_spurious
                0x0000000000002b00                z_arm_debug_monitor
                0x0000000000002b00                z_arm_hard_fault
 .text.usage_fault
                0x0000000000002b14      0x174 zephyr/arch/arch/arm/core/aarch32/cortex_m/libarch__arm__core__aarch32__cortex_m.a(fault.c.obj)
 .text.debug_monitor
                0x0000000000002c88       0x34 zephyr/arch/arch/arm/core/aarch32/cortex_m/libarch__arm__core__aarch32__cortex_m.a(fault.c.obj)
 .text.mem_manage_fault
                0x0000000000002cbc      0x18c zephyr/arch/arch/arm/core/aarch32/cortex_m/libarch__arm__core__aarch32__cortex_m.a(fault.c.obj)
 .text.bus_fault
                0x0000000000002e48      0x1c0 zephyr/arch/arch/arm/core/aarch32/cortex_m/libarch__arm__core__aarch32__cortex_m.a(fault.c.obj)
 .text.hard_fault
                0x0000000000003008       0xe8 zephyr/arch/arch/arm/core/aarch32/cortex_m/libarch__arm__core__aarch32__cortex_m.a(fault.c.obj)
 .text.reserved_exception
                0x00000000000030f0       0x48 zephyr/arch/arch/arm/core/aarch32/cortex_m/libarch__arm__core__aarch32__cortex_m.a(fault.c.obj)
 .text.z_arm_fault
                0x0000000000003138       0xd0 zephyr/arch/arch/arm/core/aarch32/cortex_m/libarch__arm__core__aarch32__cortex_m.a(fault.c.obj)
                0x0000000000003138                z_arm_fault
 .text.z_arm_fault_init
                0x0000000000003208       0x10 zephyr/arch/arch/arm/core/aarch32/cortex_m/libarch__arm__core__aarch32__cortex_m.a(fault.c.obj)
                0x0000000000003208                z_arm_fault_init
 .text._HandlerModeExit
                0x0000000000003218       0x1c zephyr/arch/arch/arm/core/aarch32/cortex_m/libarch__arm__core__aarch32__cortex_m.a(exc_exit.S.obj)
                0x0000000000003218                z_arm_exc_exit
                0x0000000000003218                z_arm_int_exit
 .text.z_arm_interrupt_init
                0x0000000000003234       0x34 zephyr/arch/arch/arm/core/aarch32/cortex_m/libarch__arm__core__aarch32__cortex_m.a(irq_init.c.obj)
                0x0000000000003234                z_arm_interrupt_init
 .text.z_impl_k_thread_abort
                0x0000000000003268       0x4c zephyr/arch/arch/arm/core/aarch32/cortex_m/libarch__arm__core__aarch32__cortex_m.a(thread_abort.c.obj)
                0x0000000000003268                z_impl_k_thread_abort
 .text.z_arm_configure_static_mpu_regions
                0x00000000000032b4       0x3c zephyr/arch/arch/arm/core/aarch32/cortex_m/mpu/libarch__arm__core__aarch32__cortex_m__mpu.a(arm_core_mpu.c.obj)
                0x00000000000032b4                z_arm_configure_static_mpu_regions
 .text.region_init
                0x00000000000032f0       0x20 zephyr/arch/arch/arm/core/aarch32/cortex_m/mpu/libarch__arm__core__aarch32__cortex_m__mpu.a(arm_mpu.c.obj)
 .text.region_allocate_and_init
                0x0000000000003310       0x48 zephyr/arch/arch/arm/core/aarch32/cortex_m/mpu/libarch__arm__core__aarch32__cortex_m__mpu.a(arm_mpu.c.obj)
 .text.mpu_configure_regions
                0x0000000000003358       0x7c zephyr/arch/arch/arm/core/aarch32/cortex_m/mpu/libarch__arm__core__aarch32__cortex_m__mpu.a(arm_mpu.c.obj)
 .text.mpu_configure_static_mpu_regions
                0x00000000000033d4       0x14 zephyr/arch/arch/arm/core/aarch32/cortex_m/mpu/libarch__arm__core__aarch32__cortex_m__mpu.a(arm_mpu.c.obj)
 .text.arm_core_mpu_enable
                0x00000000000033e8       0x14 zephyr/arch/arch/arm/core/aarch32/cortex_m/mpu/libarch__arm__core__aarch32__cortex_m__mpu.a(arm_mpu.c.obj)
                0x00000000000033e8                arm_core_mpu_enable
 .text.arm_core_mpu_disable
                0x00000000000033fc       0x10 zephyr/arch/arch/arm/core/aarch32/cortex_m/mpu/libarch__arm__core__aarch32__cortex_m__mpu.a(arm_mpu.c.obj)
                0x00000000000033fc                arm_core_mpu_disable
 .text.arm_mpu_init
                0x000000000000340c       0x44 zephyr/arch/arch/arm/core/aarch32/cortex_m/mpu/libarch__arm__core__aarch32__cortex_m__mpu.a(arm_mpu.c.obj)
 .text.__stdout_hook_install
                0x0000000000003450        0xc zephyr/lib/libc/newlib/liblib__libc__newlib.a(libc-hooks.c.obj)
                0x0000000000003450                __stdout_hook_install
 .text.z_impl_zephyr_read_stdin
                0x000000000000345c       0x2c zephyr/lib/libc/newlib/liblib__libc__newlib.a(libc-hooks.c.obj)
                0x000000000000345c                z_impl_zephyr_read_stdin
 .text.z_impl_zephyr_write_stdout
                0x0000000000003488       0x34 zephyr/lib/libc/newlib/liblib__libc__newlib.a(libc-hooks.c.obj)
                0x0000000000003488                z_impl_zephyr_write_stdout
 .text._exit    0x00000000000034bc       0x14 zephyr/lib/libc/newlib/liblib__libc__newlib.a(libc-hooks.c.obj)
                0x00000000000034bc                _exit
 .text._sbrk    0x00000000000034d0       0x48 zephyr/lib/libc/newlib/liblib__libc__newlib.a(libc-hooks.c.obj)
                0x00000000000034d0                _sbrk
                0x00000000000034d0                sbrk
 .text.nordicsemi_nrf52_init
                0x0000000000003518       0x30 zephyr/soc/arm/nordic_nrf/nrf52/libsoc__arm__nordic_nrf__nrf52.a(soc.c.obj)
 .text.arch_busy_wait
                0x0000000000003548       0x18 zephyr/soc/arm/nordic_nrf/nrf52/libsoc__arm__nordic_nrf__nrf52.a(soc.c.obj)
                0x0000000000003548                arch_busy_wait
 .text.bt_hex_real
                0x0000000000003560       0x50 zephyr/subsys/bluetooth/common/libsubsys__bluetooth__common.a(log.c.obj)
                0x0000000000003560                bt_hex_real
 .text.bt_addr_le_str_real
                0x00000000000035b0       0xa8 zephyr/subsys/bluetooth/common/libsubsys__bluetooth__common.a(log.c.obj)
                0x00000000000035b0                bt_addr_le_str_real
 .text.read_local_ver_complete
                0x0000000000003658       0x28 zephyr/subsys/bluetooth/host/libsubsys__bluetooth__host.a(hci_core.c.obj)
 .text.read_le_features_complete
                0x0000000000003680       0x14 zephyr/subsys/bluetooth/host/libsubsys__bluetooth__host.a(hci_core.c.obj)
 .text.read_supported_commands_complete
                0x0000000000003694       0x28 zephyr/subsys/bluetooth/host/libsubsys__bluetooth__host.a(hci_core.c.obj)
 .text.read_local_features_complete
                0x00000000000036bc       0x14 zephyr/subsys/bluetooth/host/libsubsys__bluetooth__host.a(hci_core.c.obj)
 .text.le_read_supp_states_complete
                0x00000000000036d0       0x3c zephyr/subsys/bluetooth/host/libsubsys__bluetooth__host.a(hci_core.c.obj)
 .text.ver_str  0x000000000000370c       0x3c zephyr/subsys/bluetooth/host/libsubsys__bluetooth__host.a(hci_core.c.obj)
 .text.vs_hw_platform
                0x0000000000003748       0x18 zephyr/subsys/bluetooth/host/libsubsys__bluetooth__host.a(hci_core.c.obj)
 .text.vs_hw_variant
                0x0000000000003760       0x20 zephyr/subsys/bluetooth/host/libsubsys__bluetooth__host.a(hci_core.c.obj)
 .text.vs_fw_variant
                0x0000000000003780       0x18 zephyr/subsys/bluetooth/host/libsubsys__bluetooth__host.a(hci_core.c.obj)
 .text.hci_reset_complete
                0x0000000000003798       0x3c zephyr/subsys/bluetooth/host/libsubsys__bluetooth__host.a(hci_core.c.obj)
 .text.id_find  0x00000000000037d4       0x34 zephyr/subsys/bluetooth/host/libsubsys__bluetooth__host.a(hci_core.c.obj)
 .text.hci_vendor_event
                0x0000000000003808       0x44 zephyr/subsys/bluetooth/host/libsubsys__bluetooth__host.a(hci_core.c.obj)
 .text.hci_cmd_done
                0x000000000000384c      0x170 zephyr/subsys/bluetooth/host/libsubsys__bluetooth__host.a(hci_core.c.obj)
 .text.hci_cmd_status
                0x00000000000039bc       0x28 zephyr/subsys/bluetooth/host/libsubsys__bluetooth__host.a(hci_core.c.obj)
 .text.hci_cmd_complete
                0x00000000000039e4       0x2c zephyr/subsys/bluetooth/host/libsubsys__bluetooth__host.a(hci_core.c.obj)
 .text.bt_dev_show_info
                0x0000000000003a10      0x120 zephyr/subsys/bluetooth/host/libsubsys__bluetooth__host.a(hci_core.c.obj)
 .text.hci_le_meta_event
                0x0000000000003b30       0xb0 zephyr/subsys/bluetooth/host/libsubsys__bluetooth__host.a(hci_core.c.obj)
 .text.hci_event
                0x0000000000003be0      0x110 zephyr/subsys/bluetooth/host/libsubsys__bluetooth__host.a(hci_core.c.obj)
 .text.bt_hci_cmd_create
                0x0000000000003cf0       0x78 zephyr/subsys/bluetooth/host/libsubsys__bluetooth__host.a(hci_core.c.obj)
                0x0000000000003cf0                bt_hci_cmd_create
 .text.bt_hci_cmd_send_sync
                0x0000000000003d68      0x104 zephyr/subsys/bluetooth/host/libsubsys__bluetooth__host.a(hci_core.c.obj)
                0x0000000000003d68                bt_hci_cmd_send_sync
 .text.common_init
                0x0000000000003e6c       0x94 zephyr/subsys/bluetooth/host/libsubsys__bluetooth__host.a(hci_core.c.obj)
 .text.le_init  0x0000000000003f00       0xe0 zephyr/subsys/bluetooth/host/libsubsys__bluetooth__host.a(hci_core.c.obj)
 .text.hci_vs_init
                0x0000000000003fe0      0x194 zephyr/subsys/bluetooth/host/libsubsys__bluetooth__host.a(hci_core.c.obj)
 .text.set_random_address
                0x0000000000004174       0x5c zephyr/subsys/bluetooth/host/libsubsys__bluetooth__host.a(hci_core.c.obj)
 .text.set_le_scan_enable_legacy
                0x00000000000041d0       0x84 zephyr/subsys/bluetooth/host/libsubsys__bluetooth__host.a(hci_core.c.obj)
 .text.bt_read_public_addr
                0x0000000000004254       0xa4 zephyr/subsys/bluetooth/host/libsubsys__bluetooth__host.a(hci_core.c.obj)
 .text.le_adv_recv
                0x00000000000042f8      0x104 zephyr/subsys/bluetooth/host/libsubsys__bluetooth__host.a(hci_core.c.obj)
 .text.le_adv_report
                0x00000000000043fc       0xa8 zephyr/subsys/bluetooth/host/libsubsys__bluetooth__host.a(hci_core.c.obj)
 .text.bt_adv_lookup_legacy
                0x00000000000044a4        0x8 zephyr/subsys/bluetooth/host/libsubsys__bluetooth__host.a(hci_core.c.obj)
                0x00000000000044a4                bt_adv_lookup_legacy
 .text.le_scan_set_random_addr
                0x00000000000044ac       0x3c zephyr/subsys/bluetooth/host/libsubsys__bluetooth__host.a(hci_core.c.obj)
 .text.start_le_scan_legacy
                0x00000000000044e8       0xa4 zephyr/subsys/bluetooth/host/libsubsys__bluetooth__host.a(hci_core.c.obj)
 .text.bt_le_scan_update
                0x000000000000458c       0x40 zephyr/subsys/bluetooth/host/libsubsys__bluetooth__host.a(hci_core.c.obj)
                0x000000000000458c                bt_le_scan_update
 .text.id_create
                0x00000000000045cc       0x74 zephyr/subsys/bluetooth/host/libsubsys__bluetooth__host.a(hci_core.c.obj)
 .text.bt_send  0x0000000000004640       0x14 zephyr/subsys/bluetooth/host/libsubsys__bluetooth__host.a(hci_core.c.obj)
                0x0000000000004640                bt_send
 .text.send_cmd
                0x0000000000004654      0x110 zephyr/subsys/bluetooth/host/libsubsys__bluetooth__host.a(hci_core.c.obj)
 .text.process_events
                0x0000000000004764       0x58 zephyr/subsys/bluetooth/host/libsubsys__bluetooth__host.a(hci_core.c.obj)
 .text.hci_tx_thread
                0x00000000000047bc       0x58 zephyr/subsys/bluetooth/host/libsubsys__bluetooth__host.a(hci_core.c.obj)
 .text.bt_recv  0x0000000000004814       0x4c zephyr/subsys/bluetooth/host/libsubsys__bluetooth__host.a(hci_core.c.obj)
                0x0000000000004814                bt_recv
 .text.bt_recv_prio
                0x0000000000004860      0x138 zephyr/subsys/bluetooth/host/libsubsys__bluetooth__host.a(hci_core.c.obj)
                0x0000000000004860                bt_recv_prio
 .text.bt_hci_driver_register
                0x0000000000004998       0x30 zephyr/subsys/bluetooth/host/libsubsys__bluetooth__host.a(hci_core.c.obj)
                0x0000000000004998                bt_hci_driver_register
 .text.bt_finalize_init
                0x00000000000049c8       0x2c zephyr/subsys/bluetooth/host/libsubsys__bluetooth__host.a(hci_core.c.obj)
                0x00000000000049c8                bt_finalize_init
 .text.bt_id_create
                0x00000000000049f4       0xa0 zephyr/subsys/bluetooth/host/libsubsys__bluetooth__host.a(hci_core.c.obj)
                0x00000000000049f4                bt_id_create
 .text.bt_setup_public_id_addr
                0x0000000000004a94       0x28 zephyr/subsys/bluetooth/host/libsubsys__bluetooth__host.a(hci_core.c.obj)
                0x0000000000004a94                bt_setup_public_id_addr
 .text.bt_read_static_addr
                0x0000000000004abc      0x100 zephyr/subsys/bluetooth/host/libsubsys__bluetooth__host.a(hci_core.c.obj)
                0x0000000000004abc                bt_read_static_addr
 .text.bt_setup_random_id_addr
                0x0000000000004bbc       0x5c zephyr/subsys/bluetooth/host/libsubsys__bluetooth__host.a(hci_core.c.obj)
                0x0000000000004bbc                bt_setup_random_id_addr
 .text.hci_init
                0x0000000000004c18       0xc4 zephyr/subsys/bluetooth/host/libsubsys__bluetooth__host.a(hci_core.c.obj)
 .text.init_work
                0x0000000000004cdc       0x14 zephyr/subsys/bluetooth/host/libsubsys__bluetooth__host.a(hci_core.c.obj)
 .text.bt_enable
                0x0000000000004cf0      0x138 zephyr/subsys/bluetooth/host/libsubsys__bluetooth__host.a(hci_core.c.obj)
                0x0000000000004cf0                bt_enable
 .text.bt_le_scan_start
                0x0000000000004e28      0x124 zephyr/subsys/bluetooth/host/libsubsys__bluetooth__host.a(hci_core.c.obj)
                0x0000000000004e28                bt_le_scan_start
 .text.bt_buf_get_rx
                0x0000000000004f4c       0x20 zephyr/subsys/bluetooth/host/libsubsys__bluetooth__host.a(hci_core.c.obj)
                0x0000000000004f4c                bt_buf_get_rx
 .text.bt_buf_get_cmd_complete
                0x0000000000004f6c       0x50 zephyr/subsys/bluetooth/host/libsubsys__bluetooth__host.a(hci_core.c.obj)
                0x0000000000004f6c                bt_buf_get_cmd_complete
 .text.bt_buf_get_evt
                0x0000000000004fbc       0x44 zephyr/subsys/bluetooth/host/libsubsys__bluetooth__host.a(hci_core.c.obj)
                0x0000000000004fbc                bt_buf_get_evt
 .text.dequeue  0x0000000000005000       0x68 zephyr/subsys/bluetooth/controller/libsubsys__bluetooth__controller.a(mayfly.c.obj)
 .text.mayfly_init
                0x0000000000005068       0x48 zephyr/subsys/bluetooth/controller/libsubsys__bluetooth__controller.a(mayfly.c.obj)
                0x0000000000005068                mayfly_init
 .text.mayfly_enqueue
                0x00000000000050b0       0xc4 zephyr/subsys/bluetooth/controller/libsubsys__bluetooth__controller.a(mayfly.c.obj)
                0x00000000000050b0                mayfly_enqueue
 .text.mayfly_run
                0x0000000000005174      0x148 zephyr/subsys/bluetooth/controller/libsubsys__bluetooth__controller.a(mayfly.c.obj)
                0x0000000000005174                mayfly_run
 .text.ticker_remainder_inc
                0x00000000000052bc       0x2c zephyr/subsys/bluetooth/controller/libsubsys__bluetooth__controller.a(ticker.c.obj)
 .text.ticker_remainder_dec
                0x00000000000052e8       0x30 zephyr/subsys/bluetooth/controller/libsubsys__bluetooth__controller.a(ticker.c.obj)
 .text.ticker_init
                0x0000000000005318       0xb0 zephyr/subsys/bluetooth/controller/libsubsys__bluetooth__controller.a(ticker.c.obj)
                0x0000000000005318                ticker_init
 .text.ticker_trigger
                0x00000000000053c8       0x1c zephyr/subsys/bluetooth/controller/libsubsys__bluetooth__controller.a(ticker.c.obj)
                0x00000000000053c8                ticker_trigger
 .text.ticker_start_ext
                0x00000000000053e4       0xa4 zephyr/subsys/bluetooth/controller/libsubsys__bluetooth__controller.a(ticker.c.obj)
                0x00000000000053e4                ticker_start_ext
 .text.ticker_stop
                0x0000000000005488       0x7c zephyr/subsys/bluetooth/controller/libsubsys__bluetooth__controller.a(ticker.c.obj)
                0x0000000000005488                ticker_stop
 .text.ticker_job
                0x0000000000005504      0x7f4 zephyr/subsys/bluetooth/controller/libsubsys__bluetooth__controller.a(ticker.c.obj)
                0x0000000000005504                ticker_job
 .text.ll_addr_get
                0x0000000000005cf8       0x38 zephyr/subsys/bluetooth/controller/libsubsys__bluetooth__controller.a(ll_addr.c.obj)
                0x0000000000005cf8                ll_addr_get
 .text.ll_addr_set
                0x0000000000005d30       0x3c zephyr/subsys/bluetooth/controller/libsubsys__bluetooth__controller.a(ll_addr.c.obj)
                0x0000000000005d30                ll_addr_set
 .text.hci_driver_init
                0x0000000000005d6c       0x10 zephyr/subsys/bluetooth/controller/libsubsys__bluetooth__controller.a(hci_driver.c.obj)
 .text.cmd_handle
                0x0000000000005d7c       0x34 zephyr/subsys/bluetooth/controller/libsubsys__bluetooth__controller.a(hci_driver.c.obj)
 .text.hci_driver_send
                0x0000000000005db0       0x80 zephyr/subsys/bluetooth/controller/libsubsys__bluetooth__controller.a(hci_driver.c.obj)
 .text.recv_thread
                0x0000000000005e30       0xa4 zephyr/subsys/bluetooth/controller/libsubsys__bluetooth__controller.a(hci_driver.c.obj)
 .text.prio_recv_thread
                0x0000000000005ed4       0x68 zephyr/subsys/bluetooth/controller/libsubsys__bluetooth__controller.a(hci_driver.c.obj)
 .text.hci_driver_open
                0x0000000000005f3c       0xcc zephyr/subsys/bluetooth/controller/libsubsys__bluetooth__controller.a(hci_driver.c.obj)
 .text.enquque_dfe_data_packet
                0x0000000000006008       0x34 zephyr/subsys/bluetooth/controller/libsubsys__bluetooth__controller.a(hci.c.obj)
 .text.le_advertising_report
                0x000000000000603c      0x188 zephyr/subsys/bluetooth/controller/libsubsys__bluetooth__controller.a(hci.c.obj)
 .text.encode_control
                0x00000000000061c4       0x3c zephyr/subsys/bluetooth/controller/libsubsys__bluetooth__controller.a(hci.c.obj)
 .text.cmd_status
                0x0000000000006200       0x14 zephyr/subsys/bluetooth/controller/libsubsys__bluetooth__controller.a(hci.c.obj)
 .text.hci_cmd_complete
                0x0000000000006214       0x20 zephyr/subsys/bluetooth/controller/libsubsys__bluetooth__controller.a(hci.c.obj)
                0x0000000000006214                hci_cmd_complete
 .text.vs_read_build_info
                0x0000000000006234       0x48 zephyr/subsys/bluetooth/controller/libsubsys__bluetooth__controller.a(hci.c.obj)
 .text.set_event_mask
                0x000000000000627c       0x48 zephyr/subsys/bluetooth/controller/libsubsys__bluetooth__controller.a(hci.c.obj)
 .text.reset    0x00000000000062c4       0x44 zephyr/subsys/bluetooth/controller/libsubsys__bluetooth__controller.a(hci.c.obj)
 .text.le_set_event_mask
                0x0000000000006308       0x48 zephyr/subsys/bluetooth/controller/libsubsys__bluetooth__controller.a(hci.c.obj)
 .text.le_set_scan_enable
                0x0000000000006350       0x3c zephyr/subsys/bluetooth/controller/libsubsys__bluetooth__controller.a(hci.c.obj)
 .text.hci_cmd_handle
                0x000000000000638c      0x104 zephyr/subsys/bluetooth/controller/libsubsys__bluetooth__controller.a(hci.c.obj)
                0x000000000000638c                hci_cmd_handle
 .text.perform_lll_reset
                0x0000000000006490       0x5c zephyr/subsys/bluetooth/controller/libsubsys__bluetooth__controller.a(ull.c.obj)
 .text.ll_init  0x00000000000064ec      0x230 zephyr/subsys/bluetooth/controller/libsubsys__bluetooth__controller.a(ull.c.obj)
                0x00000000000064ec                ll_init
 .text.ll_reset
                0x000000000000671c      0x214 zephyr/subsys/bluetooth/controller/libsubsys__bluetooth__controller.a(ull.c.obj)
                0x000000000000671c                ll_reset
 .text.ll_rx_get
                0x0000000000006930       0x28 zephyr/subsys/bluetooth/controller/libsubsys__bluetooth__controller.a(ull.c.obj)
                0x0000000000006930                ll_rx_get
 .text.ll_rx_dequeue
                0x0000000000006958       0xa0 zephyr/subsys/bluetooth/controller/libsubsys__bluetooth__controller.a(ull.c.obj)
                0x0000000000006958                ll_rx_dequeue
 .text.ll_rx_mem_release
                0x00000000000069f8      0x110 zephyr/subsys/bluetooth/controller/libsubsys__bluetooth__controller.a(ull.c.obj)
                0x00000000000069f8                ll_rx_mem_release
 .text.ll_rx_put
                0x0000000000006b08       0x10 zephyr/subsys/bluetooth/controller/libsubsys__bluetooth__controller.a(ull.c.obj)
                0x0000000000006b08                ll_rx_put
 .text.ll_rx_sched
                0x0000000000006b18       0x10 zephyr/subsys/bluetooth/controller/libsubsys__bluetooth__controller.a(ull.c.obj)
                0x0000000000006b18                ll_rx_sched
 .text.ull_ticker_status_give
                0x0000000000006b28       0x10 zephyr/subsys/bluetooth/controller/libsubsys__bluetooth__controller.a(ull.c.obj)
                0x0000000000006b28                ull_ticker_status_give
 .text.ull_ticker_status_take
                0x0000000000006b38       0x1c zephyr/subsys/bluetooth/controller/libsubsys__bluetooth__controller.a(ull.c.obj)
                0x0000000000006b38                ull_ticker_status_take
 .text.ull_disable_mark
                0x0000000000006b54       0x18 zephyr/subsys/bluetooth/controller/libsubsys__bluetooth__controller.a(ull.c.obj)
                0x0000000000006b54                ull_disable_mark
 .text.ull_disable_unmark
                0x0000000000006b6c       0x1c zephyr/subsys/bluetooth/controller/libsubsys__bluetooth__controller.a(ull.c.obj)
                0x0000000000006b6c                ull_disable_unmark
 .text.ull_disable
                0x0000000000006b88       0x80 zephyr/subsys/bluetooth/controller/libsubsys__bluetooth__controller.a(ull.c.obj)
                0x0000000000006b88                ull_disable
 .text.ull_pdu_rx_alloc_peek
                0x0000000000006c08       0x40 zephyr/subsys/bluetooth/controller/libsubsys__bluetooth__controller.a(ull.c.obj)
                0x0000000000006c08                ull_pdu_rx_alloc_peek
 .text.ull_pdu_rx_alloc
                0x0000000000006c48       0x38 zephyr/subsys/bluetooth/controller/libsubsys__bluetooth__controller.a(ull.c.obj)
                0x0000000000006c48                ull_pdu_rx_alloc
 .text.ull_rx_put
                0x0000000000006c80       0x10 zephyr/subsys/bluetooth/controller/libsubsys__bluetooth__controller.a(ull.c.obj)
                0x0000000000006c80                ull_rx_put
 .text.ull_rx_sched
                0x0000000000006c90       0x14 zephyr/subsys/bluetooth/controller/libsubsys__bluetooth__controller.a(ull.c.obj)
                0x0000000000006c90                ull_rx_sched
 .text.ull_prepare_enqueue
                0x0000000000006ca4       0x78 zephyr/subsys/bluetooth/controller/libsubsys__bluetooth__controller.a(ull.c.obj)
                0x0000000000006ca4                ull_prepare_enqueue
 .text.ull_prepare_dequeue_get
                0x0000000000006d1c       0x20 zephyr/subsys/bluetooth/controller/libsubsys__bluetooth__controller.a(ull.c.obj)
                0x0000000000006d1c                ull_prepare_dequeue_get
 .text.rx_demux
                0x0000000000006d3c      0x1ec zephyr/subsys/bluetooth/controller/libsubsys__bluetooth__controller.a(ull.c.obj)
 .text.ull_prepare_dequeue_iter
                0x0000000000006f28       0x44 zephyr/subsys/bluetooth/controller/libsubsys__bluetooth__controller.a(ull.c.obj)
                0x0000000000006f28                ull_prepare_dequeue_iter
 .text.ull_event_done
                0x0000000000006f6c       0x54 zephyr/subsys/bluetooth/controller/libsubsys__bluetooth__controller.a(ull.c.obj)
                0x0000000000006f6c                ull_event_done
 .text.ticker_cb
                0x0000000000006fc0       0x84 zephyr/subsys/bluetooth/controller/libsubsys__bluetooth__controller.a(ull_scan.c.obj)
 .text.ull_scan_disable
                0x0000000000007044       0xdc zephyr/subsys/bluetooth/controller/libsubsys__bluetooth__controller.a(ull_scan.c.obj)
                0x0000000000007044                ull_scan_disable
 .text.ull_scan_set_get
                0x0000000000007120       0x18 zephyr/subsys/bluetooth/controller/libsubsys__bluetooth__controller.a(ull_scan.c.obj)
                0x0000000000007120                ull_scan_set_get
 .text.ull_scan_handle_get
                0x0000000000007138       0x18 zephyr/subsys/bluetooth/controller/libsubsys__bluetooth__controller.a(ull_scan.c.obj)
                0x0000000000007138                ull_scan_handle_get
 .text.dfe_set_mode
                0x0000000000007150       0x20 zephyr/subsys/bluetooth/controller/libsubsys__bluetooth__controller.a(lll_dfe.c.obj)
                0x0000000000007150                dfe_set_mode
 .text.dfe_set_duration
                0x0000000000007170       0x20 zephyr/subsys/bluetooth/controller/libsubsys__bluetooth__controller.a(lll_dfe.c.obj)
                0x0000000000007170                dfe_set_duration
 .text.dfe_set_start_point
                0x0000000000007190       0x18 zephyr/subsys/bluetooth/controller/libsubsys__bluetooth__controller.a(lll_dfe.c.obj)
                0x0000000000007190                dfe_set_start_point
 .text.dfe_set_sample_on_crc_error
                0x00000000000071a8        0xc zephyr/subsys/bluetooth/controller/libsubsys__bluetooth__controller.a(lll_dfe.c.obj)
                0x00000000000071a8                dfe_set_sample_on_crc_error
 .text.dfe_set_trig_dfe_start_task_only
                0x00000000000071b4        0xc zephyr/subsys/bluetooth/controller/libsubsys__bluetooth__controller.a(lll_dfe.c.obj)
                0x00000000000071b4                dfe_set_trig_dfe_start_task_only
 .text.dfe_set_sampling_spacing_ref
                0x00000000000071c0       0x1c zephyr/subsys/bluetooth/controller/libsubsys__bluetooth__controller.a(lll_dfe.c.obj)
                0x00000000000071c0                dfe_set_sampling_spacing_ref
 .text.dfe_set_sampling_type
                0x00000000000071dc       0x18 zephyr/subsys/bluetooth/controller/libsubsys__bluetooth__controller.a(lll_dfe.c.obj)
                0x00000000000071dc                dfe_set_sampling_type
 .text.dfe_set_sample_spacing
                0x00000000000071f4       0x1c zephyr/subsys/bluetooth/controller/libsubsys__bluetooth__controller.a(lll_dfe.c.obj)
                0x00000000000071f4                dfe_set_sample_spacing
 .text.dfe_set_backoff_gain
                0x0000000000007210       0x18 zephyr/subsys/bluetooth/controller/libsubsys__bluetooth__controller.a(lll_dfe.c.obj)
                0x0000000000007210                dfe_set_backoff_gain
 .text.dfe_set_ant_switch_spacing
                0x0000000000007228       0x1c zephyr/subsys/bluetooth/controller/libsubsys__bluetooth__controller.a(lll_dfe.c.obj)
                0x0000000000007228                dfe_set_ant_switch_spacing
 .text.dfe_set_switch_offset
                0x0000000000007244        0xc zephyr/subsys/bluetooth/controller/libsubsys__bluetooth__controller.a(lll_dfe.c.obj)
                0x0000000000007244                dfe_set_switch_offset
 .text.dfe_set_sample_offset
                0x0000000000007250        0xc zephyr/subsys/bluetooth/controller/libsubsys__bluetooth__controller.a(lll_dfe.c.obj)
                0x0000000000007250                dfe_set_sample_offset
 .text.dfe_set_ant_gpios
                0x000000000000725c       0x4c zephyr/subsys/bluetooth/controller/libsubsys__bluetooth__controller.a(lll_dfe.c.obj)
                0x000000000000725c                dfe_set_ant_gpios
 .text.dfe_set_ant_gpio_patterns
                0x00000000000072a8       0x48 zephyr/subsys/bluetooth/controller/libsubsys__bluetooth__controller.a(lll_dfe.c.obj)
                0x00000000000072a8                dfe_set_ant_gpio_patterns
 .text.dfe_init_scan_rx
                0x00000000000072f0       0x84 zephyr/subsys/bluetooth/controller/libsubsys__bluetooth__controller.a(lll_dfe.c.obj)
                0x00000000000072f0                dfe_init_scan_rx
 .text.dfe_setup_package_header
                0x0000000000007374       0x20 zephyr/subsys/bluetooth/controller/libsubsys__bluetooth__controller.a(lll_dfe.c.obj)
                0x0000000000007374                dfe_setup_package_header
 .text.ll_wl_clear
                0x0000000000007394       0x28 zephyr/subsys/bluetooth/controller/libsubsys__bluetooth__controller.a(ull_filter.c.obj)
                0x0000000000007394                ll_wl_clear
 .text.ll_wl_add
                0x00000000000073bc       0x38 zephyr/subsys/bluetooth/controller/libsubsys__bluetooth__controller.a(ull_filter.c.obj)
                0x00000000000073bc                ll_wl_add
 .text.ll_wl_remove
                0x00000000000073f4       0x38 zephyr/subsys/bluetooth/controller/libsubsys__bluetooth__controller.a(ull_filter.c.obj)
                0x00000000000073f4                ll_wl_remove
 .text.ull_filter_reset
                0x000000000000742c       0x18 zephyr/subsys/bluetooth/controller/libsubsys__bluetooth__controller.a(ull_filter.c.obj)
                0x000000000000742c                ull_filter_reset
 .text.ull_filter_lll_get
                0x0000000000007444       0x38 zephyr/subsys/bluetooth/controller/libsubsys__bluetooth__controller.a(ull_filter.c.obj)
                0x0000000000007444                ull_filter_lll_get
 .text.rtc0_nrf5_isr
                0x000000000000747c       0x2c zephyr/subsys/bluetooth/controller/libsubsys__bluetooth__controller.a(lll.c.obj)
 .text.resume_enqueue
                0x00000000000074a8       0x28 zephyr/subsys/bluetooth/controller/libsubsys__bluetooth__controller.a(lll.c.obj)
 .text.ticker_start_op_cb
                0x00000000000074d0       0x30 zephyr/subsys/bluetooth/controller/libsubsys__bluetooth__controller.a(lll.c.obj)
 .text.preempt_ticker_start
                0x0000000000007500       0x78 zephyr/subsys/bluetooth/controller/libsubsys__bluetooth__controller.a(lll.c.obj)
 .text.prepare  0x0000000000007578       0xb8 zephyr/subsys/bluetooth/controller/libsubsys__bluetooth__controller.a(lll.c.obj)
 .text.preempt_ticker_cb
                0x0000000000007630       0x40 zephyr/subsys/bluetooth/controller/libsubsys__bluetooth__controller.a(lll.c.obj)
 .text.preempt  0x0000000000007670      0x13c zephyr/subsys/bluetooth/controller/libsubsys__bluetooth__controller.a(lll.c.obj)
 .text.lll_init
                0x00000000000077ac       0x74 zephyr/subsys/bluetooth/controller/libsubsys__bluetooth__controller.a(lll.c.obj)
                0x00000000000077ac                lll_init
 .text.lll_trng_get
                0x0000000000007820       0x18 zephyr/subsys/bluetooth/controller/libsubsys__bluetooth__controller.a(lll.c.obj)
                0x0000000000007820                lll_trng_get
 .text.lll_resume
                0x0000000000007838       0x50 zephyr/subsys/bluetooth/controller/libsubsys__bluetooth__controller.a(lll.c.obj)
                0x0000000000007838                lll_resume
 .text.lll_disable
                0x0000000000007888       0x98 zephyr/subsys/bluetooth/controller/libsubsys__bluetooth__controller.a(lll.c.obj)
                0x0000000000007888                lll_disable
 .text.lll_done
                0x0000000000007920       0xa4 zephyr/subsys/bluetooth/controller/libsubsys__bluetooth__controller.a(lll.c.obj)
                0x0000000000007920                lll_done
 .text.lll_is_done
                0x00000000000079c4       0x10 zephyr/subsys/bluetooth/controller/libsubsys__bluetooth__controller.a(lll.c.obj)
                0x00000000000079c4                lll_is_done
 .text.lll_chan_set
                0x00000000000079d4       0x74 zephyr/subsys/bluetooth/controller/libsubsys__bluetooth__controller.a(lll.c.obj)
                0x00000000000079d4                lll_chan_set
 .text.lll_clock_init
                0x0000000000007a48       0x28 zephyr/subsys/bluetooth/controller/libsubsys__bluetooth__controller.a(lll_clock.c.obj)
                0x0000000000007a48                lll_clock_init
 .text.lll_hfclock_on
                0x0000000000007a70       0x14 zephyr/subsys/bluetooth/controller/libsubsys__bluetooth__controller.a(lll_clock.c.obj)
                0x0000000000007a70                lll_hfclock_on
 .text.lll_hfclock_off
                0x0000000000007a84       0x14 zephyr/subsys/bluetooth/controller/libsubsys__bluetooth__controller.a(lll_clock.c.obj)
                0x0000000000007a84                lll_hfclock_off
 .text.ticker_op_start_cb
                0x0000000000007a98       0x30 zephyr/subsys/bluetooth/controller/libsubsys__bluetooth__controller.a(lll_scan.c.obj)
 .text.ticker_stop_cb
                0x0000000000007ac8       0x14 zephyr/subsys/bluetooth/controller/libsubsys__bluetooth__controller.a(lll_scan.c.obj)
 .text.abort_cb
                0x0000000000007adc       0x54 zephyr/subsys/bluetooth/controller/libsubsys__bluetooth__controller.a(lll_scan.c.obj)
 .text.is_abort_cb
                0x0000000000007b30       0x90 zephyr/subsys/bluetooth/controller/libsubsys__bluetooth__controller.a(lll_scan.c.obj)
 .text.prepare_cb
                0x0000000000007bc0      0x1d4 zephyr/subsys/bluetooth/controller/libsubsys__bluetooth__controller.a(lll_scan.c.obj)
 .text.isr_cleanup
                0x0000000000007d94       0x88 zephyr/subsys/bluetooth/controller/libsubsys__bluetooth__controller.a(lll_scan.c.obj)
 .text.isr_common_done
                0x0000000000007e1c       0x7c zephyr/subsys/bluetooth/controller/libsubsys__bluetooth__controller.a(lll_scan.c.obj)
 .text.isr_tx   0x0000000000007e98       0xb4 zephyr/subsys/bluetooth/controller/libsubsys__bluetooth__controller.a(lll_scan.c.obj)
 .text.isr_rx   0x0000000000007f4c      0x27c zephyr/subsys/bluetooth/controller/libsubsys__bluetooth__controller.a(lll_scan.c.obj)
 .text.lll_scan_prepare
                0x00000000000081c8       0x78 zephyr/subsys/bluetooth/controller/libsubsys__bluetooth__controller.a(lll_scan.c.obj)
                0x00000000000081c8                lll_scan_prepare
 .text.cntr_init
                0x0000000000008240       0x1c zephyr/subsys/bluetooth/controller/libsubsys__bluetooth__controller.a(cntr.c.obj)
                0x0000000000008240                cntr_init
 .text.cntr_start
                0x000000000000825c       0x20 zephyr/subsys/bluetooth/controller/libsubsys__bluetooth__controller.a(cntr.c.obj)
                0x000000000000825c                cntr_start
 .text.cntr_stop
                0x000000000000827c       0x50 zephyr/subsys/bluetooth/controller/libsubsys__bluetooth__controller.a(cntr.c.obj)
                0x000000000000827c                cntr_stop
 .text.cntr_cnt_get
                0x00000000000082cc        0xc zephyr/subsys/bluetooth/controller/libsubsys__bluetooth__controller.a(cntr.c.obj)
                0x00000000000082cc                cntr_cnt_get
 .text.cntr_cmp_set
                0x00000000000082d8       0x10 zephyr/subsys/bluetooth/controller/libsubsys__bluetooth__controller.a(cntr.c.obj)
                0x00000000000082d8                cntr_cmp_set
 .text.do_ecb   0x00000000000082e8       0x64 zephyr/subsys/bluetooth/controller/libsubsys__bluetooth__controller.a(ecb.c.obj)
 .text.sw_switch
                0x000000000000834c       0xe4 zephyr/subsys/bluetooth/controller/libsubsys__bluetooth__controller.a(radio.c.obj)
 .text.radio_isr_set
                0x0000000000008430       0x40 zephyr/subsys/bluetooth/controller/libsubsys__bluetooth__controller.a(radio.c.obj)
                0x0000000000008430                radio_isr_set
 .text.radio_reset
                0x0000000000008470       0x30 zephyr/subsys/bluetooth/controller/libsubsys__bluetooth__controller.a(radio.c.obj)
                0x0000000000008470                radio_reset
 .text.radio_phy_set
                0x00000000000084a0       0x28 zephyr/subsys/bluetooth/controller/libsubsys__bluetooth__controller.a(radio.c.obj)
                0x00000000000084a0                radio_phy_set
 .text.radio_tx_power_set
                0x00000000000084c8        0xc zephyr/subsys/bluetooth/controller/libsubsys__bluetooth__controller.a(radio.c.obj)
                0x00000000000084c8                radio_tx_power_set
 .text.radio_freq_chan_set
                0x00000000000084d4        0xc zephyr/subsys/bluetooth/controller/libsubsys__bluetooth__controller.a(radio.c.obj)
                0x00000000000084d4                radio_freq_chan_set
 .text.radio_whiten_iv_set
                0x00000000000084e0       0x24 zephyr/subsys/bluetooth/controller/libsubsys__bluetooth__controller.a(radio.c.obj)
                0x00000000000084e0                radio_whiten_iv_set
 .text.radio_aa_set
                0x0000000000008504       0x30 zephyr/subsys/bluetooth/controller/libsubsys__bluetooth__controller.a(radio.c.obj)
                0x0000000000008504                radio_aa_set
 .text.radio_pkt_configure
                0x0000000000008534       0x5c zephyr/subsys/bluetooth/controller/libsubsys__bluetooth__controller.a(radio.c.obj)
                0x0000000000008534                radio_pkt_configure
 .text.radio_pkt_rx_set
                0x0000000000008590        0xc zephyr/subsys/bluetooth/controller/libsubsys__bluetooth__controller.a(radio.c.obj)
                0x0000000000008590                radio_pkt_rx_set
 .text.radio_pkt_tx_set
                0x000000000000859c        0xc zephyr/subsys/bluetooth/controller/libsubsys__bluetooth__controller.a(radio.c.obj)
                0x000000000000859c                radio_pkt_tx_set
 .text.radio_rx_enable
                0x00000000000085a8        0xc zephyr/subsys/bluetooth/controller/libsubsys__bluetooth__controller.a(radio.c.obj)
                0x00000000000085a8                radio_rx_enable
 .text.radio_disable
                0x00000000000085b4       0x24 zephyr/subsys/bluetooth/controller/libsubsys__bluetooth__controller.a(radio.c.obj)
                0x00000000000085b4                radio_disable
 .text.radio_status_reset
                0x00000000000085d8       0x18 zephyr/subsys/bluetooth/controller/libsubsys__bluetooth__controller.a(radio.c.obj)
                0x00000000000085d8                radio_status_reset
 .text.radio_is_ready
                0x00000000000085f0       0x14 zephyr/subsys/bluetooth/controller/libsubsys__bluetooth__controller.a(radio.c.obj)
                0x00000000000085f0                radio_is_ready
 .text.radio_is_done
                0x0000000000008604       0x14 zephyr/subsys/bluetooth/controller/libsubsys__bluetooth__controller.a(radio.c.obj)
                0x0000000000008604                radio_is_done
 .text.radio_has_disabled
                0x0000000000008618       0x14 zephyr/subsys/bluetooth/controller/libsubsys__bluetooth__controller.a(radio.c.obj)
                0x0000000000008618                radio_has_disabled
 .text.isr_radio
                0x000000000000862c       0x1c zephyr/subsys/bluetooth/controller/libsubsys__bluetooth__controller.a(radio.c.obj)
                0x000000000000862c                isr_radio
 .text.radio_is_idle
                0x0000000000008648       0x14 zephyr/subsys/bluetooth/controller/libsubsys__bluetooth__controller.a(radio.c.obj)
                0x0000000000008648                radio_is_idle
 .text.radio_crc_configure
                0x000000000000865c       0x18 zephyr/subsys/bluetooth/controller/libsubsys__bluetooth__controller.a(radio.c.obj)
                0x000000000000865c                radio_crc_configure
 .text.radio_crc_is_valid
                0x0000000000008674       0x14 zephyr/subsys/bluetooth/controller/libsubsys__bluetooth__controller.a(radio.c.obj)
                0x0000000000008674                radio_crc_is_valid
 .text.radio_pkt_scratch_get
                0x0000000000008688        0x8 zephyr/subsys/bluetooth/controller/libsubsys__bluetooth__controller.a(radio.c.obj)
                0x0000000000008688                radio_pkt_scratch_get
 .text.radio_switch_complete_and_rx
                0x0000000000008690       0x28 zephyr/subsys/bluetooth/controller/libsubsys__bluetooth__controller.a(radio.c.obj)
                0x0000000000008690                radio_switch_complete_and_rx
 .text.radio_switch_complete_and_tx
                0x00000000000086b8       0x28 zephyr/subsys/bluetooth/controller/libsubsys__bluetooth__controller.a(radio.c.obj)
                0x00000000000086b8                radio_switch_complete_and_tx
 .text.radio_rssi_measure
                0x00000000000086e0       0x14 zephyr/subsys/bluetooth/controller/libsubsys__bluetooth__controller.a(radio.c.obj)
                0x00000000000086e0                radio_rssi_measure
 .text.radio_rssi_get
                0x00000000000086f4        0xc zephyr/subsys/bluetooth/controller/libsubsys__bluetooth__controller.a(radio.c.obj)
                0x00000000000086f4                radio_rssi_get
 .text.radio_rssi_status_reset
                0x0000000000008700       0x10 zephyr/subsys/bluetooth/controller/libsubsys__bluetooth__controller.a(radio.c.obj)
                0x0000000000008700                radio_rssi_status_reset
 .text.radio_rssi_is_ready
                0x0000000000008710       0x14 zephyr/subsys/bluetooth/controller/libsubsys__bluetooth__controller.a(radio.c.obj)
                0x0000000000008710                radio_rssi_is_ready
 .text.radio_filter_configure
                0x0000000000008724       0x50 zephyr/subsys/bluetooth/controller/libsubsys__bluetooth__controller.a(radio.c.obj)
                0x0000000000008724                radio_filter_configure
 .text.radio_filter_disable
                0x0000000000008774       0x14 zephyr/subsys/bluetooth/controller/libsubsys__bluetooth__controller.a(radio.c.obj)
                0x0000000000008774                radio_filter_disable
 .text.radio_filter_status_reset
                0x0000000000008788       0x10 zephyr/subsys/bluetooth/controller/libsubsys__bluetooth__controller.a(radio.c.obj)
                0x0000000000008788                radio_filter_status_reset
 .text.radio_filter_has_match
                0x0000000000008798       0x14 zephyr/subsys/bluetooth/controller/libsubsys__bluetooth__controller.a(radio.c.obj)
                0x0000000000008798                radio_filter_has_match
 .text.radio_filter_match_get
                0x00000000000087ac        0xc zephyr/subsys/bluetooth/controller/libsubsys__bluetooth__controller.a(radio.c.obj)
                0x00000000000087ac                radio_filter_match_get
 .text.radio_bc_status_reset
                0x00000000000087b8       0x10 zephyr/subsys/bluetooth/controller/libsubsys__bluetooth__controller.a(radio.c.obj)
                0x00000000000087b8                radio_bc_status_reset
 .text.radio_bc_has_match
                0x00000000000087c8       0x14 zephyr/subsys/bluetooth/controller/libsubsys__bluetooth__controller.a(radio.c.obj)
                0x00000000000087c8                radio_bc_has_match
 .text.radio_tmr_status_reset
                0x00000000000087dc       0x20 zephyr/subsys/bluetooth/controller/libsubsys__bluetooth__controller.a(radio.c.obj)
                0x00000000000087dc                radio_tmr_status_reset
 .text.radio_tmr_tifs_set
                0x00000000000087fc       0x18 zephyr/subsys/bluetooth/controller/libsubsys__bluetooth__controller.a(radio.c.obj)
                0x00000000000087fc                radio_tmr_tifs_set
 .text.radio_tmr_start
                0x0000000000008814      0x100 zephyr/subsys/bluetooth/controller/libsubsys__bluetooth__controller.a(radio.c.obj)
                0x0000000000008814                radio_tmr_start
 .text.radio_tmr_start_tick
                0x0000000000008914       0x6c zephyr/subsys/bluetooth/controller/libsubsys__bluetooth__controller.a(radio.c.obj)
                0x0000000000008914                radio_tmr_start_tick
 .text.radio_tmr_stop
                0x0000000000008980       0x1c zephyr/subsys/bluetooth/controller/libsubsys__bluetooth__controller.a(radio.c.obj)
                0x0000000000008980                radio_tmr_stop
 .text.radio_tmr_hcto_configure
                0x000000000000899c       0x18 zephyr/subsys/bluetooth/controller/libsubsys__bluetooth__controller.a(radio.c.obj)
                0x000000000000899c                radio_tmr_hcto_configure
 .text.radio_tmr_end_capture
                0x00000000000089b4       0x10 zephyr/subsys/bluetooth/controller/libsubsys__bluetooth__controller.a(radio.c.obj)
                0x00000000000089b4                radio_tmr_end_capture
 .text.radio_tmr_end_get
                0x00000000000089c4        0xc zephyr/subsys/bluetooth/controller/libsubsys__bluetooth__controller.a(radio.c.obj)
                0x00000000000089c4                radio_tmr_end_get
 .text.radio_ar_match_get
                0x00000000000089d0        0xc zephyr/subsys/bluetooth/controller/libsubsys__bluetooth__controller.a(radio.c.obj)
                0x00000000000089d0                radio_ar_match_get
 .text.radio_ar_status_reset
                0x00000000000089dc       0x14 zephyr/subsys/bluetooth/controller/libsubsys__bluetooth__controller.a(radio.c.obj)
                0x00000000000089dc                radio_ar_status_reset
 .text.radio_ar_has_match
                0x00000000000089f0       0x38 zephyr/subsys/bluetooth/controller/libsubsys__bluetooth__controller.a(radio.c.obj)
                0x00000000000089f0                radio_ar_has_match
 .text.radio_dfe_mode_set
                0x0000000000008a28       0x24 zephyr/subsys/bluetooth/controller/libsubsys__bluetooth__controller.a(radio.c.obj)
                0x0000000000008a28                radio_dfe_mode_set
 .text.radio_cte_inline_ctrl_set
                0x0000000000008a4c       0x24 zephyr/subsys/bluetooth/controller/libsubsys__bluetooth__controller.a(radio.c.obj)
                0x0000000000008a4c                radio_cte_inline_ctrl_set
 .text.radio_cte_infos1_set
                0x0000000000008a70       0x24 zephyr/subsys/bluetooth/controller/libsubsys__bluetooth__controller.a(radio.c.obj)
                0x0000000000008a70                radio_cte_infos1_set
 .text.radio_dfe_numberof8us_set
                0x0000000000008a94       0x24 zephyr/subsys/bluetooth/controller/libsubsys__bluetooth__controller.a(radio.c.obj)
                0x0000000000008a94                radio_dfe_numberof8us_set
 .text.radio_dfe_inextension_set
                0x0000000000008ab8       0x24 zephyr/subsys/bluetooth/controller/libsubsys__bluetooth__controller.a(radio.c.obj)
                0x0000000000008ab8                radio_dfe_inextension_set
 .text.radio_dfe_backoff_gain_set
                0x0000000000008adc       0x1c zephyr/subsys/bluetooth/controller/libsubsys__bluetooth__controller.a(radio.c.obj)
                0x0000000000008adc                radio_dfe_backoff_gain_set
 .text.radio_cte_error_handling_set
                0x0000000000008af8       0x24 zephyr/subsys/bluetooth/controller/libsubsys__bluetooth__controller.a(radio.c.obj)
                0x0000000000008af8                radio_cte_error_handling_set
 .text.radio_dfe_tsampleoffset_set
                0x0000000000008b1c       0x2c zephyr/subsys/bluetooth/controller/libsubsys__bluetooth__controller.a(radio.c.obj)
                0x0000000000008b1c                radio_dfe_tsampleoffset_set
 .text.radio_dfe_sampletype_set
                0x0000000000008b48       0x24 zephyr/subsys/bluetooth/controller/libsubsys__bluetooth__controller.a(radio.c.obj)
                0x0000000000008b48                radio_dfe_sampletype_set
 .text.radio_dfe_tsamplespacingref_set
                0x0000000000008b6c       0x24 zephyr/subsys/bluetooth/controller/libsubsys__bluetooth__controller.a(radio.c.obj)
                0x0000000000008b6c                radio_dfe_tsamplespacingref_set
 .text.radio_dfe_tsamplespacing_set
                0x0000000000008b90       0x24 zephyr/subsys/bluetooth/controller/libsubsys__bluetooth__controller.a(radio.c.obj)
                0x0000000000008b90                radio_dfe_tsamplespacing_set
 .text.radio_dfe_tswitchspacing_set
                0x0000000000008bb4       0x24 zephyr/subsys/bluetooth/controller/libsubsys__bluetooth__controller.a(radio.c.obj)
                0x0000000000008bb4                radio_dfe_tswitchspacing_set
 .text.radio_dfe_gpio_set
                0x0000000000008bd8       0x30 zephyr/subsys/bluetooth/controller/libsubsys__bluetooth__controller.a(radio.c.obj)
                0x0000000000008bd8                radio_dfe_gpio_set
 .text.radio_dfe_switch_patterns_set
                0x0000000000008c08       0x2c zephyr/subsys/bluetooth/controller/libsubsys__bluetooth__controller.a(radio.c.obj)
                0x0000000000008c08                radio_dfe_switch_patterns_set
 .text.radio_dfe_frequency
                0x0000000000008c34       0x14 zephyr/subsys/bluetooth/controller/libsubsys__bluetooth__controller.a(radio.c.obj)
                0x0000000000008c34                radio_dfe_frequency
 .text.radio_dfe_samples_buffer_set
                0x0000000000008c48       0x10 zephyr/subsys/bluetooth/controller/libsubsys__bluetooth__controller.a(radio.c.obj)
                0x0000000000008c48                radio_dfe_samples_buffer_set
 .text.radio_dfe_get_recv_sampl_num
                0x0000000000008c58        0xc zephyr/subsys/bluetooth/controller/libsubsys__bluetooth__controller.a(radio.c.obj)
                0x0000000000008c58                radio_dfe_get_recv_sampl_num
 .text.mayfly_enable_cb
                0x0000000000008c64       0x40 zephyr/subsys/bluetooth/controller/libsubsys__bluetooth__controller.a(mayfly.c.obj)
                0x0000000000008c64                mayfly_enable_cb
 .text.mayfly_is_enabled
                0x0000000000008ca4       0x4c zephyr/subsys/bluetooth/controller/libsubsys__bluetooth__controller.a(mayfly.c.obj)
                0x0000000000008ca4                mayfly_is_enabled
 .text.mayfly_pend
                0x0000000000008cf0       0x5c zephyr/subsys/bluetooth/controller/libsubsys__bluetooth__controller.a(mayfly.c.obj)
                0x0000000000008cf0                mayfly_pend
 .text.hal_ticker_instance0_caller_id_get
                0x0000000000008d4c       0x5c zephyr/subsys/bluetooth/controller/libsubsys__bluetooth__controller.a(ticker.c.obj)
                0x0000000000008d4c                hal_ticker_instance0_caller_id_get
 .text.hal_ticker_instance0_sched
                0x0000000000008da8      0x14c zephyr/subsys/bluetooth/controller/libsubsys__bluetooth__controller.a(ticker.c.obj)
                0x0000000000008da8                hal_ticker_instance0_sched
 .text.pool_id  0x0000000000008ef4       0x18 zephyr/subsys/net/libsubsys__net.a(buf.c.obj)
 .text.net_buf_pool_get
                0x0000000000008f0c       0x10 zephyr/subsys/net/libsubsys__net.a(buf.c.obj)
                0x0000000000008f0c                net_buf_pool_get
 .text.net_buf_id
                0x0000000000008f1c       0x1c zephyr/subsys/net/libsubsys__net.a(buf.c.obj)
                0x0000000000008f1c                net_buf_id
 .text.gpiote_channel_alloc
                0x0000000000008f38       0x98 zephyr/drivers/gpio/libdrivers__gpio.a(gpio_nrfx.c.obj)
 .text.gpiote_channel_free
                0x0000000000008fd0       0x54 zephyr/drivers/gpio/libdrivers__gpio.a(gpio_nrfx.c.obj)
 .text.gpio_nrfx_init
                0x0000000000009024       0x38 zephyr/drivers/gpio/libdrivers__gpio.a(gpio_nrfx.c.obj)
 .text.cfg_level_pins
                0x000000000000905c       0x90 zephyr/drivers/gpio/libdrivers__gpio.a(gpio_nrfx.c.obj)
 .text.check_level_trigger_pins
                0x00000000000090ec       0x88 zephyr/drivers/gpio/libdrivers__gpio.a(gpio_nrfx.c.obj)
 .text.gpiote_pin_int_cfg
                0x0000000000009174       0xf8 zephyr/drivers/gpio/libdrivers__gpio.a(gpio_nrfx.c.obj)
 .text.gpio_nrfx_config
                0x000000000000926c      0x110 zephyr/drivers/gpio/libdrivers__gpio.a(gpio_nrfx.c.obj)
 .text.gpio_nrfx_pin_interrupt_configure
                0x000000000000937c       0xf0 zephyr/drivers/gpio/libdrivers__gpio.a(gpio_nrfx.c.obj)
 .text.gpiote_event_handler
                0x000000000000946c      0x144 zephyr/drivers/gpio/libdrivers__gpio.a(gpio_nrfx.c.obj)
 .text.event_txdrdy_check
                0x00000000000095b0       0x20 zephyr/drivers/serial/libdrivers__serial.a(uart_nrfx_uart.c.obj)
 .text.event_txdrdy_clear
                0x00000000000095d0       0x20 zephyr/drivers/serial/libdrivers__serial.a(uart_nrfx_uart.c.obj)
 .text.baudrate_set
                0x00000000000095f0      0x15c zephyr/drivers/serial/libdrivers__serial.a(uart_nrfx_uart.c.obj)
 .text.uart_nrfx_poll_in
                0x000000000000974c       0x30 zephyr/drivers/serial/libdrivers__serial.a(uart_nrfx_uart.c.obj)
 .text.uart_nrfx_err_check
                0x000000000000977c       0x10 zephyr/drivers/serial/libdrivers__serial.a(uart_nrfx_uart.c.obj)
 .text.uart_nrfx_configure
                0x000000000000978c       0xd0 zephyr/drivers/serial/libdrivers__serial.a(uart_nrfx_uart.c.obj)
 .text.uart_nrfx_fifo_fill
                0x000000000000985c       0x30 zephyr/drivers/serial/libdrivers__serial.a(uart_nrfx_uart.c.obj)
 .text.uart_nrfx_fifo_read
                0x000000000000988c       0x3c zephyr/drivers/serial/libdrivers__serial.a(uart_nrfx_uart.c.obj)
 .text.uart_nrfx_irq_rx_enable
                0x00000000000098c8       0x10 zephyr/drivers/serial/libdrivers__serial.a(uart_nrfx_uart.c.obj)
 .text.uart_nrfx_irq_rx_disable
                0x00000000000098d8       0x10 zephyr/drivers/serial/libdrivers__serial.a(uart_nrfx_uart.c.obj)
 .text.uart_nrfx_irq_rx_ready
                0x00000000000098e8       0x10 zephyr/drivers/serial/libdrivers__serial.a(uart_nrfx_uart.c.obj)
 .text.uart_nrfx_irq_err_enable
                0x00000000000098f8       0x10 zephyr/drivers/serial/libdrivers__serial.a(uart_nrfx_uart.c.obj)
 .text.uart_nrfx_irq_err_disable
                0x0000000000009908       0x10 zephyr/drivers/serial/libdrivers__serial.a(uart_nrfx_uart.c.obj)
 .text.uart_nrfx_irq_is_pending
                0x0000000000009918       0x40 zephyr/drivers/serial/libdrivers__serial.a(uart_nrfx_uart.c.obj)
 .text.uart_nrfx_irq_callback_set
                0x0000000000009958       0x14 zephyr/drivers/serial/libdrivers__serial.a(uart_nrfx_uart.c.obj)
 .text.uart_nrfx_isr
                0x000000000000996c       0x34 zephyr/drivers/serial/libdrivers__serial.a(uart_nrfx_uart.c.obj)
 .text.uart_nrfx_irq_tx_disable
                0x00000000000099a0       0x1c zephyr/drivers/serial/libdrivers__serial.a(uart_nrfx_uart.c.obj)
 .text.uart_nrfx_irq_tx_enable
                0x00000000000099bc       0x48 zephyr/drivers/serial/libdrivers__serial.a(uart_nrfx_uart.c.obj)
 .text.uart_nrfx_poll_out
                0x0000000000009a04       0x80 zephyr/drivers/serial/libdrivers__serial.a(uart_nrfx_uart.c.obj)
 .text.uart_nrfx_init
                0x0000000000009a84       0x88 zephyr/drivers/serial/libdrivers__serial.a(uart_nrfx_uart.c.obj)
 .text.baudrate_set
                0x0000000000009b0c      0x150 zephyr/drivers/serial/libdrivers__serial.a(uart_nrfx_uarte.c.obj)
 .text.uarte_instance_init
                0x0000000000009c5c      0x1b0 zephyr/drivers/serial/libdrivers__serial.a(uart_nrfx_uarte.c.obj)
 .text.uarte_1_init
                0x0000000000009e0c       0x34 zephyr/drivers/serial/libdrivers__serial.a(uart_nrfx_uarte.c.obj)
 .text.random_byte_get
                0x0000000000009e40       0x50 zephyr/drivers/entropy/libdrivers__entropy.a(entropy_nrf5.c.obj)
 .text.rng_pool_get
                0x0000000000009e90       0x9c zephyr/drivers/entropy/libdrivers__entropy.a(entropy_nrf5.c.obj)
 .text.entropy_nrf5_get_entropy_isr
                0x0000000000009f2c       0xa0 zephyr/drivers/entropy/libdrivers__entropy.a(entropy_nrf5.c.obj)
 .text.isr      0x0000000000009fcc       0x48 zephyr/drivers/entropy/libdrivers__entropy.a(entropy_nrf5.c.obj)
 .text.entropy_nrf5_get_entropy
                0x000000000000a014       0x54 zephyr/drivers/entropy/libdrivers__entropy.a(entropy_nrf5.c.obj)
 .text.entropy_nrf5_init
                0x000000000000a068       0x78 zephyr/drivers/entropy/libdrivers__entropy.a(entropy_nrf5.c.obj)
 .text.errata_36
                0x000000000000a0e0       0x14 modules/nordic/lib..__modules__hal__nordic.a(system_nrf52833.c.obj)
 .text.errata_66
                0x000000000000a0f4       0x14 modules/nordic/lib..__modules__hal__nordic.a(system_nrf52833.c.obj)
 .text.errata_136
                0x000000000000a108       0x14 modules/nordic/lib..__modules__hal__nordic.a(system_nrf52833.c.obj)
 .text.SystemCoreClockUpdate
                0x000000000000a11c       0x10 modules/nordic/lib..__modules__hal__nordic.a(system_nrf52833.c.obj)
                0x000000000000a11c                SystemCoreClockUpdate
 .text.SystemInit
                0x000000000000a12c      0x164 modules/nordic/lib..__modules__hal__nordic.a(system_nrf52833.c.obj)
                0x000000000000a12c                SystemInit
 .text.z_sys_init_run_level
                0x000000000000a290       0x38 zephyr/kernel/libkernel.a(device.c.obj)
                0x000000000000a290                z_sys_init_run_level
 .text.z_impl_device_get_binding
                0x000000000000a2c8       0x4c zephyr/kernel/libkernel.a(device.c.obj)
                0x000000000000a2c8                z_impl_device_get_binding
 .text.reason_to_str
                0x000000000000a314       0x40 zephyr/kernel/libkernel.a(fatal.c.obj)
 .text.thread_name_get
                0x000000000000a354       0x20 zephyr/kernel/libkernel.a(fatal.c.obj)
 .text.k_sys_fatal_error_handler
                0x000000000000a374       0x3c zephyr/kernel/libkernel.a(fatal.c.obj)
                0x000000000000a374                k_sys_fatal_error_handler
 .text.z_fatal_error
                0x000000000000a3b0       0xe4 zephyr/kernel/libkernel.a(fatal.c.obj)
                0x000000000000a3b0                z_fatal_error
 .text.set_kernel_idle_time_in_ticks
                0x000000000000a494        0xc zephyr/kernel/libkernel.a(idle.c.obj)
 .text.init_idle_thread
                0x000000000000a4a0       0x4c zephyr/kernel/libkernel.a(init.c.obj)
 .text.prepare_multithreading
                0x000000000000a4ec       0x98 zephyr/kernel/libkernel.a(init.c.obj)
 .text.switch_to_main_thread
                0x000000000000a584       0x1c zephyr/kernel/libkernel.a(init.c.obj)
 .text.z_bss_zero
                0x000000000000a5a0       0x18 zephyr/kernel/libkernel.a(init.c.obj)
                0x000000000000a5a0                z_bss_zero
 .text.z_data_copy
                0x000000000000a5b8       0x34 zephyr/kernel/libkernel.a(init.c.obj)
                0x000000000000a5b8                z_data_copy
 .text.bg_thread_main
                0x000000000000a5ec       0x48 zephyr/kernel/libkernel.a(init.c.obj)
 .text.z_cstart
                0x000000000000a634       0x74 zephyr/kernel/libkernel.a(init.c.obj)
                0x000000000000a634                z_cstart
 .text.statics_init
                0x000000000000a6a8       0x24 zephyr/kernel/libkernel.a(kheap.c.obj)
 .text.init_mem_slab_module
                0x000000000000a6cc       0x24 zephyr/kernel/libkernel.a(mem_slab.c.obj)
 .text.k_mem_slab_alloc
                0x000000000000a6f0       0x6c zephyr/kernel/libkernel.a(mem_slab.c.obj)
                0x000000000000a6f0                k_mem_slab_alloc
 .text.k_mem_slab_free
                0x000000000000a75c       0x50 zephyr/kernel/libkernel.a(mem_slab.c.obj)
                0x000000000000a75c                k_mem_slab_free
 .text.z_thread_malloc
                0x000000000000a7ac       0x28 zephyr/kernel/libkernel.a(mempool.c.obj)
                0x000000000000a7ac                z_thread_malloc
 .text.z_impl_k_msgq_put
                0x000000000000a7d4       0xb0 zephyr/kernel/libkernel.a(msg_q.c.obj)
                0x000000000000a7d4                z_impl_k_msgq_put
 .text.z_impl_k_msgq_get
                0x000000000000a884       0xc8 zephyr/kernel/libkernel.a(msg_q.c.obj)
                0x000000000000a884                z_impl_k_msgq_get
 .text.z_impl_k_mutex_lock
                0x000000000000a94c      0x114 zephyr/kernel/libkernel.a(mutex.c.obj)
                0x000000000000a94c                z_impl_k_mutex_lock
 .text.z_impl_k_mutex_unlock
                0x000000000000aa60       0x84 zephyr/kernel/libkernel.a(mutex.c.obj)
                0x000000000000aa60                z_impl_k_mutex_unlock
 .text.z_impl_k_queue_get
                0x000000000000aae4       0x78 zephyr/kernel/libkernel.a(queue.c.obj)
                0x000000000000aae4                z_impl_k_queue_get
 .text.add_thread_timeout
                0x000000000000ab5c       0x20 zephyr/kernel/libkernel.a(sched.c.obj)
 .text.z_reset_time_slice
                0x000000000000ab7c       0x2c zephyr/kernel/libkernel.a(sched.c.obj)
                0x000000000000ab7c                z_reset_time_slice
 .text.k_sched_time_slice_set
                0x000000000000aba8       0x68 zephyr/kernel/libkernel.a(sched.c.obj)
                0x000000000000aba8                k_sched_time_slice_set
 .text.k_sched_lock
                0x000000000000ac10       0x30 zephyr/kernel/libkernel.a(sched.c.obj)
                0x000000000000ac10                k_sched_lock
 .text.z_priq_dumb_remove
                0x000000000000ac40       0x30 zephyr/kernel/libkernel.a(sched.c.obj)
                0x000000000000ac40                z_priq_dumb_remove
 .text.update_cache
                0x000000000000ac70       0x54 zephyr/kernel/libkernel.a(sched.c.obj)
 .text.k_sched_unlock
                0x000000000000acc4       0x4c zephyr/kernel/libkernel.a(sched.c.obj)
                0x000000000000acc4                k_sched_unlock
 .text.ready_thread
                0x000000000000ad10       0x78 zephyr/kernel/libkernel.a(sched.c.obj)
 .text.z_sched_start
                0x000000000000ad88       0x3c zephyr/kernel/libkernel.a(sched.c.obj)
                0x000000000000ad88                z_sched_start
 .text.z_move_thread_to_end_of_prio_q
                0x000000000000adc4       0xa8 zephyr/kernel/libkernel.a(sched.c.obj)
                0x000000000000adc4                z_move_thread_to_end_of_prio_q
 .text.z_time_slice
                0x000000000000ae6c       0x74 zephyr/kernel/libkernel.a(sched.c.obj)
                0x000000000000ae6c                z_time_slice
 .text.z_impl_k_thread_suspend
                0x000000000000aee0       0x84 zephyr/kernel/libkernel.a(sched.c.obj)
                0x000000000000aee0                z_impl_k_thread_suspend
 .text.z_thread_single_abort
                0x000000000000af64       0xe0 zephyr/kernel/libkernel.a(sched.c.obj)
                0x000000000000af64                z_thread_single_abort
 .text.unready_thread
                0x000000000000b044       0x38 zephyr/kernel/libkernel.a(sched.c.obj)
 .text.z_pend_curr
                0x000000000000b07c       0x28 zephyr/kernel/libkernel.a(sched.c.obj)
                0x000000000000b07c                z_pend_curr
 .text.z_set_prio
                0x000000000000b0a4       0xb0 zephyr/kernel/libkernel.a(sched.c.obj)
                0x000000000000b0a4                z_set_prio
 .text.z_sched_init
                0x000000000000b154       0x1c zephyr/kernel/libkernel.a(sched.c.obj)
                0x000000000000b154                z_sched_init
 .text.z_impl_k_yield
                0x000000000000b170       0xb8 zephyr/kernel/libkernel.a(sched.c.obj)
                0x000000000000b170                z_impl_k_yield
 .text.z_tick_sleep
                0x000000000000b228       0x70 zephyr/kernel/libkernel.a(sched.c.obj)
 .text.z_impl_k_sleep
                0x000000000000b298       0x58 zephyr/kernel/libkernel.a(sched.c.obj)
                0x000000000000b298                z_impl_k_sleep
 .text.z_impl_k_current_get
                0x000000000000b2f0        0xc zephyr/kernel/libkernel.a(sched.c.obj)
                0x000000000000b2f0                z_impl_k_current_get
 .text.z_impl_k_sem_give
                0x000000000000b2fc       0x50 zephyr/kernel/libkernel.a(sem.c.obj)
                0x000000000000b2fc                z_impl_k_sem_give
 .text.z_impl_k_sem_take
                0x000000000000b34c       0x54 zephyr/kernel/libkernel.a(sem.c.obj)
                0x000000000000b34c                z_impl_k_sem_take
 .text.k_sys_work_q_init
                0x000000000000b3a0       0x30 zephyr/kernel/libkernel.a(system_work_q.c.obj)
 .text.schedule_new_thread
                0x000000000000b3d0       0x24 zephyr/kernel/libkernel.a(thread.c.obj)
 .text.z_setup_new_thread
                0x000000000000b3f4       0x68 zephyr/kernel/libkernel.a(thread.c.obj)
                0x000000000000b3f4                z_setup_new_thread
 .text.z_init_static_threads
                0x000000000000b45c       0x8c zephyr/kernel/libkernel.a(thread.c.obj)
                0x000000000000b45c                z_init_static_threads
 .text.k_work_q_start
                0x000000000000b4e8       0x4c zephyr/kernel/libkernel.a(work_q.c.obj)
                0x000000000000b4e8                k_work_q_start
 .text.first    0x000000000000b534       0x14 zephyr/kernel/libkernel.a(timeout.c.obj)
 .text.next     0x000000000000b548       0x18 zephyr/kernel/libkernel.a(timeout.c.obj)
 .text.elapsed  0x000000000000b560       0x18 zephyr/kernel/libkernel.a(timeout.c.obj)
 .text.next_timeout
                0x000000000000b578       0x30 zephyr/kernel/libkernel.a(timeout.c.obj)
 .text.z_add_timeout
                0x000000000000b5a8       0xf0 zephyr/kernel/libkernel.a(timeout.c.obj)
                0x000000000000b5a8                z_add_timeout
 .text.z_clock_announce
                0x000000000000b698       0xb0 zephyr/kernel/libkernel.a(timeout.c.obj)
                0x000000000000b698                z_clock_announce
 .text.z_tick_get
                0x000000000000b748       0x40 zephyr/kernel/libkernel.a(timeout.c.obj)
                0x000000000000b748                z_tick_get
 .text.z_timer_expiration_handler
                0x000000000000b788       0x54 zephyr/kernel/libkernel.a(timer.c.obj)
                0x000000000000b788                z_timer_expiration_handler
 .text.z_impl_k_timer_start
                0x000000000000b7dc       0xbc zephyr/kernel/libkernel.a(timer.c.obj)
                0x000000000000b7dc                z_impl_k_timer_start
 .text.z_impl_k_poll
                0x000000000000b898      0x414 zephyr/kernel/libkernel.a(poll.c.obj)
                0x000000000000b898                z_impl_k_poll
 .text.__assert_func
                0x000000000000bcac       0x3c /home/rabbi/zephyr-sdk/arm-zephyr-eabi/arm-zephyr-eabi/lib/thumb/v7e-m/nofp/libc_nano.a(lib_a-assert.o)
                0x000000000000bcac                __assert_func
 .text.fprintf  0x000000000000bce8       0x24 /home/rabbi/zephyr-sdk/arm-zephyr-eabi/arm-zephyr-eabi/lib/thumb/v7e-m/nofp/libc_nano.a(lib_a-fprintf.o)
                0x000000000000bce8                fprintf
                0x000000000000bce8                fiprintf
 .text._vfprintf_r
                0x000000000000bd0c      0x22c /home/rabbi/zephyr-sdk/arm-zephyr-eabi/arm-zephyr-eabi/lib/thumb/v7e-m/nofp/libc_nano.a(lib_a-nano-vfprintf.o)
                0x000000000000bd0c                _vfiprintf_r
                0x000000000000bd0c                _vfprintf_r
 .text._printf_i
                0x000000000000bf38      0x24c /home/rabbi/zephyr-sdk/arm-zephyr-eabi/arm-zephyr-eabi/lib/thumb/v7e-m/nofp/libc_nano.a(lib_a-nano-vfprintf_i.o)
                0x000000000000bf38                _printf_i
 .text.sprintf  0x000000000000c184       0x40 /home/rabbi/zephyr-sdk/arm-zephyr-eabi/arm-zephyr-eabi/lib/thumb/v7e-m/nofp/libc_nano.a(lib_a-sprintf.o)
                0x000000000000c184                sprintf
                0x000000000000c184                siprintf
 .text.__swbuf_r
                0x000000000000c1c4       0xa4 /home/rabbi/zephyr-sdk/arm-zephyr-eabi/arm-zephyr-eabi/lib/thumb/v7e-m/nofp/libc_nano.a(lib_a-wbuf.o)
                0x000000000000c1c4                __swbuf_r
 .text.__swsetup_r
                0x000000000000c268       0xdc /home/rabbi/zephyr-sdk/arm-zephyr-eabi/arm-zephyr-eabi/lib/thumb/v7e-m/nofp/libc_nano.a(lib_a-wsetup.o)
                0x000000000000c268                __swsetup_r
 .text.__sflush_r
                0x000000000000c344      0x11c /home/rabbi/zephyr-sdk/arm-zephyr-eabi/arm-zephyr-eabi/lib/thumb/v7e-m/nofp/libc_nano.a(lib_a-fflush.o)
                0x000000000000c344                __sflush_r
 .text._fflush_r
                0x000000000000c460       0x54 /home/rabbi/zephyr-sdk/arm-zephyr-eabi/arm-zephyr-eabi/lib/thumb/v7e-m/nofp/libc_nano.a(lib_a-fflush.o)
                0x000000000000c460                _fflush_r
 .text.std      0x000000000000c4b4       0x48 /home/rabbi/zephyr-sdk/arm-zephyr-eabi/arm-zephyr-eabi/lib/thumb/v7e-m/nofp/libc_nano.a(lib_a-findfp.o)
 .text._cleanup_r
                0x000000000000c4fc        0xc /home/rabbi/zephyr-sdk/arm-zephyr-eabi/arm-zephyr-eabi/lib/thumb/v7e-m/nofp/libc_nano.a(lib_a-findfp.o)
                0x000000000000c4fc                _cleanup_r
 .text.__sinit  0x000000000000c508       0x60 /home/rabbi/zephyr-sdk/arm-zephyr-eabi/arm-zephyr-eabi/lib/thumb/v7e-m/nofp/libc_nano.a(lib_a-findfp.o)
                0x000000000000c508                __sinit
 .text.__sfp    0x000000000000c568       0x78 /home/rabbi/zephyr-sdk/arm-zephyr-eabi/arm-zephyr-eabi/lib/thumb/v7e-m/nofp/libc_nano.a(lib_a-findfp.o)
                0x000000000000c568                __sfp
 .text.__smakebuf_r
                0x000000000000c5e0       0x80 /home/rabbi/zephyr-sdk/arm-zephyr-eabi/arm-zephyr-eabi/lib/thumb/v7e-m/nofp/libc_nano.a(lib_a-makebuf.o)
                0x000000000000c5e0                __smakebuf_r
 .text._free_r  0x000000000000c660       0x9c /home/rabbi/zephyr-sdk/arm-zephyr-eabi/arm-zephyr-eabi/lib/thumb/v7e-m/nofp/libc_nano.a(lib_a-nano-freer.o)
                0x000000000000c660                _free_r
 .text._malloc_r
                0x000000000000c6fc       0xb4 /home/rabbi/zephyr-sdk/arm-zephyr-eabi/arm-zephyr-eabi/lib/thumb/v7e-m/nofp/libc_nano.a(lib_a-nano-mallocr.o)
                0x000000000000c6fc                _malloc_r
 .text._svfprintf_r
                0x000000000000c7b0      0x200 /home/rabbi/zephyr-sdk/arm-zephyr-eabi/arm-zephyr-eabi/lib/thumb/v7e-m/nofp/libc_nano.a(lib_a-nano-svfprintf.o)
                0x000000000000c7b0                _svfprintf_r
                0x000000000000c7b0                _svfiprintf_r
 .text._sbrk_r  0x000000000000c9b0       0x20 /home/rabbi/zephyr-sdk/arm-zephyr-eabi/arm-zephyr-eabi/lib/thumb/v7e-m/nofp/libc_nano.a(lib_a-sbrkr.o)
                0x000000000000c9b0                _sbrk_r
 .text.raise    0x000000000000c9d0       0x10 /home/rabbi/zephyr-sdk/arm-zephyr-eabi/arm-zephyr-eabi/lib/thumb/v7e-m/nofp/libc_nano.a(lib_a-signal.o)
                0x000000000000c9d0                raise
 .text._kill_r  0x000000000000c9e0       0x24 /home/rabbi/zephyr-sdk/arm-zephyr-eabi/arm-zephyr-eabi/lib/thumb/v7e-m/nofp/libc_nano.a(lib_a-signalr.o)
                0x000000000000c9e0                _kill_r
 .text._write_r
                0x000000000000ca04       0x24 /home/rabbi/zephyr-sdk/arm-zephyr-eabi/arm-zephyr-eabi/lib/thumb/v7e-m/nofp/libc_nano.a(lib_a-writer.o)
                0x000000000000ca04                _write_r
 .text._close_r
                0x000000000000ca28       0x20 /home/rabbi/zephyr-sdk/arm-zephyr-eabi/arm-zephyr-eabi/lib/thumb/v7e-m/nofp/libc_nano.a(lib_a-closer.o)
                0x000000000000ca28                _close_r
 .text._fstat_r
                0x000000000000ca48       0x24 /home/rabbi/zephyr-sdk/arm-zephyr-eabi/arm-zephyr-eabi/lib/thumb/v7e-m/nofp/libc_nano.a(lib_a-fstatr.o)
                0x000000000000ca48                _fstat_r
 .text._isatty_r