Archive member included to satisfy reference by file (symbol)

app/libapp.a(main.c.obj)      (--whole-archive)
zephyr/libzephyr.a(crc32_sw.c.obj)
                              (--whole-archive)
zephyr/libzephyr.a(crc16_sw.c.obj)
                              (--whole-archive)
zephyr/libzephyr.a(crc8_sw.c.obj)
                              (--whole-archive)
zephyr/libzephyr.a(crc7_sw.c.obj)
                              (--whole-archive)
zephyr/libzephyr.a(dec.c.obj)
                              (--whole-archive)
zephyr/libzephyr.a(fdtable.c.obj)
                              (--whole-archive)
zephyr/libzephyr.a(hex.c.obj)
                              (--whole-archive)
zephyr/libzephyr.a(mempool.c.obj)
                              (--whole-archive)
zephyr/libzephyr.a(notify.c.obj)
                              (--whole-archive)
zephyr/libzephyr.a(printk.c.obj)
                              (--whole-archive)
zephyr/libzephyr.a(onoff.c.obj)
                              (--whole-archive)
zephyr/libzephyr.a(rb.c.obj)  (--whole-archive)
zephyr/libzephyr.a(sem.c.obj)
                              (--whole-archive)
zephyr/libzephyr.a(thread_entry.c.obj)
                              (--whole-archive)
zephyr/libzephyr.a(timeutil.c.obj)
                              (--whole-archive)
zephyr/libzephyr.a(work_q.c.obj)
                              (--whole-archive)
zephyr/libzephyr.a(heap.c.obj)
                              (--whole-archive)
zephyr/libzephyr.a(heap-validate.c.obj)
                              (--whole-archive)
zephyr/libzephyr.a(configs.c.obj)
                              (--whole-archive)
zephyr/libzephyr.a(validate_base_addresses.c.obj)
                              (--whole-archive)
zephyr/libzephyr.a(validate_enabled_instances.c.obj)
                              (--whole-archive)
zephyr/libzephyr.a(log_list.c.obj)
                              (--whole-archive)
zephyr/libzephyr.a(log_core.c.obj)
                              (--whole-archive)
zephyr/libzephyr.a(log_msg.c.obj)
                              (--whole-archive)
zephyr/libzephyr.a(log_output.c.obj)
                              (--whole-archive)
zephyr/libzephyr.a(log_backend_uart.c.obj)
                              (--whole-archive)
zephyr/libzephyr.a(log_backend_rtt.c.obj)
                              (--whole-archive)
zephyr/libzephyr.a(addr_utils.c.obj)
                              (--whole-archive)
zephyr/libzephyr.a(power.c.obj)
                              (--whole-archive)
zephyr/libzephyr.a(reboot.c.obj)
                              (--whole-archive)
zephyr/libzephyr.a(policy_residency.c.obj)
                              (--whole-archive)
zephyr/libzephyr.a(uart_console.c.obj)
                              (--whole-archive)
zephyr/libzephyr.a(nrf_power_clock.c.obj)
                              (--whole-archive)
zephyr/libzephyr.a(sys_clock_init.c.obj)
                              (--whole-archive)
zephyr/libzephyr.a(nrf_rtc_timer.c.obj)
                              (--whole-archive)
zephyr/libzephyr.a(SEGGER_RTT.c.obj)
                              (--whole-archive)
zephyr/libzephyr.a(SEGGER_RTT_zephyr.c.obj)
                              (--whole-archive)
zephyr/arch/common/libarch__common.a(isr_tables.c.obj)
                              (--whole-archive)
zephyr/arch/common/libarch__common.a(sw_isr_common.c.obj)
                              (--whole-archive)
zephyr/arch/arch/arm/core/aarch32/libarch__arm__core__aarch32.a(swap.c.obj)
                              (--whole-archive)
zephyr/arch/arch/arm/core/aarch32/libarch__arm__core__aarch32.a(swap_helper.S.obj)
                              (--whole-archive)
zephyr/arch/arch/arm/core/aarch32/libarch__arm__core__aarch32.a(irq_manage.c.obj)
                              (--whole-archive)
zephyr/arch/arch/arm/core/aarch32/libarch__arm__core__aarch32.a(thread.c.obj)
                              (--whole-archive)
zephyr/arch/arch/arm/core/aarch32/libarch__arm__core__aarch32.a(cpu_idle.S.obj)
                              (--whole-archive)
zephyr/arch/arch/arm/core/aarch32/libarch__arm__core__aarch32.a(fatal.c.obj)
                              (--whole-archive)
zephyr/arch/arch/arm/core/aarch32/libarch__arm__core__aarch32.a(nmi.c.obj)
                              (--whole-archive)
zephyr/arch/arch/arm/core/aarch32/libarch__arm__core__aarch32.a(nmi_on_reset.S.obj)
                              (--whole-archive)
zephyr/arch/arch/arm/core/aarch32/libarch__arm__core__aarch32.a(prep_c.c.obj)
                              (--whole-archive)
zephyr/arch/arch/arm/core/aarch32/libarch__arm__core__aarch32.a(isr_wrapper.S.obj)
                              (--whole-archive)
zephyr/arch/arch/arm/core/aarch32/cortex_m/libarch__arm__core__aarch32__cortex_m.a(vector_table.S.obj)
                              (--whole-archive)
zephyr/arch/arch/arm/core/aarch32/cortex_m/libarch__arm__core__aarch32__cortex_m.a(reset.S.obj)
                              (--whole-archive)
[...]
Memory Configuration

Name             Origin             Length             Attributes
FLASH            0x0000000000000000 0x0000000000080000 xr
SRAM             0x0000000020000000 0x0000000000020000 xw
IDT_LIST         0x0000000020020000 0x0000000000000800 xw
*default*        0x0000000000000000 0xffffffffffffffff

Linker script and memory map

LOAD zephyr/CMakeFiles/zephyr_prebuilt.dir/misc/empty_file.c.obj
LOAD zephyr/CMakeFiles/offsets.dir/./arch/arm/core/offsets/offsets.c.obj
                0x0000000000000020                _region_min_align = 0x20

.rel.plt        0x0000000000000000        0x0
 *(SORT_BY_ALIGNMENT(.rel.plt))
                [!provide]                        PROVIDE (__rel_iplt_start = .)
 *(SORT_BY_ALIGNMENT(.rel.iplt))
 .rel.iplt      0x0000000000000000        0x0 zephyr/CMakeFiles/offsets.dir/./arch/arm/core/offsets/offsets.c.obj
                [!provide]                        PROVIDE (__rel_iplt_end = .)

.rela.plt       0x0000000000000000        0x0
 *(SORT_BY_ALIGNMENT(.rela.plt))
                [!provide]                        PROVIDE (__rela_iplt_start = .)
 *(SORT_BY_ALIGNMENT(.rela.iplt))
                [!provide]                        PROVIDE (__rela_iplt_end = .)

.rel.dyn
 *(SORT_BY_ALIGNMENT(.rel.*))

.rela.dyn
 *(SORT_BY_ALIGNMENT(.rela.*))

/DISCARD/
 *(SORT_BY_ALIGNMENT(.plt))
 *(SORT_BY_ALIGNMENT(.iplt))
 *(SORT_BY_ALIGNMENT(.got.plt))
 *(SORT_BY_ALIGNMENT(.igot.plt))
 *(SORT_BY_ALIGNMENT(.got))
 *(SORT_BY_ALIGNMENT(.igot))
 *(SORT_BY_ALIGNMENT(.note.GNU-stack))
                0x0000000000000000                _image_rom_start = 0x0

rom_start       0x0000000000000000      0x100
                0x0000000000000000                . = 0x0
                0x0000000000000000                . = ALIGN (0x4)
                0x0000000000000000                _vector_start = .
 *(SORT_BY_ALIGNMENT(.exc_vector_table))
 *(SORT_BY_ALIGNMENT(.exc_vector_table.*))
 .exc_vector_table._vector_table_section
                0x0000000000000000       0x40 zephyr/arch/arch/arm/core/aarch32/cortex_m/libarch__arm__core__aarch32__cortex_m.a(vector_table.S.obj)
                0x0000000000000000                _vector_table
 *(SORT_BY_ALIGNMENT(.gnu.linkonce.irq_vector_table))
 .gnu.linkonce.irq_vector_table
                0x0000000000000040       0xc0 zephyr/arch/common/libarch__common.a(isr_tables.c.obj)
                0x0000000000000040                _irq_vector_table
 *(SORT_BY_ALIGNMENT(.vectors))
                0x0000000000000100                _vector_end = .
 *(SORT_BY_ALIGNMENT(.openocd_dbg))
 *(SORT_BY_ALIGNMENT(.openocd_dbg.*))

text            0x0000000000000100     0xb446
                0x0000000000000100                _image_text_start = .
 *(SORT_BY_ALIGNMENT(.text))
 .text          0x0000000000000100       0x30 /home/rabbi/zephyr-sdk/arm-zephyr-eabi/bin/../lib/gcc/arm-zephyr-eabi/9.2.0/thumb/v7e-m/nofp/libgcc.a(_aeabi_uldivmod.o)
                0x0000000000000100                __aeabi_uldivmod
 .text          0x0000000000000130      0x2c4 /home/rabbi/zephyr-sdk/arm-zephyr-eabi/bin/../lib/gcc/arm-zephyr-eabi/9.2.0/thumb/v7e-m/nofp/libgcc.a(_udivmoddi4.o)
                0x0000000000000130                __udivmoddi4
 .text          0x00000000000003f4        0x4 /home/rabbi/zephyr-sdk/arm-zephyr-eabi/bin/../lib/gcc/arm-zephyr-eabi/9.2.0/thumb/v7e-m/nofp/libgcc.a(_dvmd_tls.o)
                0x00000000000003f4                __aeabi_ldiv0
                0x00000000000003f4                __aeabi_idiv0
 *(SORT_BY_ALIGNMENT(.text.*))
 .text.ll_adv_enable
                0x00000000000003f8      0x1c8 zephyr/subsys/bluetooth/controller/libsubsys__bluetooth__controller.a(ull_adv.c.obj)
                0x00000000000003f8                ll_adv_enable
 .text.bt_ready_clb
                0x00000000000005c0       0x60 app/libapp.a(main.c.obj)
 .text.main     0x0000000000000620       0x8c app/libapp.a(main.c.obj)
                0x0000000000000620                main
 .text.char_out
                0x00000000000006ac       0x10 zephyr/libzephyr.a(printk.c.obj)
 .text._printk_dec_ulong
                0x00000000000006bc       0xa0 zephyr/libzephyr.a(printk.c.obj)
 .text.__printk_hook_install
                0x000000000000075c        0xc zephyr/libzephyr.a(printk.c.obj)
                0x000000000000075c                __printk_hook_install
 .text.z_vprintk
                0x0000000000000768      0x328 zephyr/libzephyr.a(printk.c.obj)
                0x0000000000000768                z_vprintk
 .text.vprintk  0x0000000000000a90       0x1c zephyr/libzephyr.a(printk.c.obj)
                0x0000000000000a90                vprintk
 .text.vsnprintk
                0x0000000000000aac       0x28 zephyr/libzephyr.a(printk.c.obj)
                0x0000000000000aac                vsnprintk
 .text.enable_logger
                0x0000000000000ad4       0x5c zephyr/libzephyr.a(log_core.c.obj)
 .text.log_process_thread_timer_expiry_fn
                0x0000000000000b30        0xc zephyr/libzephyr.a(log_core.c.obj)
 .text.log_core_init
                0x0000000000000b3c       0x40 zephyr/libzephyr.a(log_core.c.obj)
                0x0000000000000b3c                log_core_init
 .text.dropped_notify
                0x0000000000000b7c       0x4c zephyr/libzephyr.a(log_core.c.obj)
                0x0000000000000b7c                dropped_notify
 .text.log_dropped
                0x0000000000000bc8       0x20 zephyr/libzephyr.a(log_core.c.obj)
                0x0000000000000bc8                log_dropped
 .text.log_source_name_get
                0x0000000000000be8       0x1c zephyr/libzephyr.a(log_core.c.obj)
                0x0000000000000be8                log_source_name_get
 .text.log_backend_enable
                0x0000000000000c04       0x34 zephyr/libzephyr.a(log_core.c.obj)
                0x0000000000000c04                log_backend_enable
 .text.log_init
                0x0000000000000c38       0x54 zephyr/libzephyr.a(log_core.c.obj)
                0x0000000000000c38                log_init
 .text.log_strdup
                0x0000000000000c8c       0x6c zephyr/libzephyr.a(log_core.c.obj)
                0x0000000000000c8c                log_strdup
 .text.log_is_strdup
                0x0000000000000cf8       0x1c zephyr/libzephyr.a(log_core.c.obj)
                0x0000000000000cf8                log_is_strdup
 .text.z_impl_log_process
                0x0000000000000d14      0x170 zephyr/libzephyr.a(log_core.c.obj)
                0x0000000000000d14                z_impl_log_process
 .text.msg_finalize
                0x0000000000000e84       0xc4 zephyr/libzephyr.a(log_core.c.obj)
 .text.log_process_thread_func
                0x0000000000000f48       0x48 zephyr/libzephyr.a(log_core.c.obj)
 .text.z_impl_log_panic
                0x0000000000000f90       0x48 zephyr/libzephyr.a(log_core.c.obj)
                0x0000000000000f90                z_impl_log_panic
 .text.log_free
                0x0000000000000fd8       0x34 zephyr/libzephyr.a(log_core.c.obj)
                0x0000000000000fd8                log_free
 .text.log_msg_pool_init
                0x000000000000100c       0x14 zephyr/libzephyr.a(log_msg.c.obj)
                0x000000000000100c                log_msg_pool_init
 .text.log_msg_no_space_handle
                0x0000000000001020       0x30 zephyr/libzephyr.a(log_msg.c.obj)
                0x0000000000001020                log_msg_no_space_handle
 .text.log_msg_chunk_alloc
                0x0000000000001050       0x28 zephyr/libzephyr.a(log_msg.c.obj)
                0x0000000000001050                log_msg_chunk_alloc
 .text.msg_free
                0x0000000000001078       0x7c zephyr/libzephyr.a(log_msg.c.obj)
 .text.print_formatted
                0x00000000000010f4       0x24 zephyr/libzephyr.a(log_output.c.obj)
 .text.prefix_print
                0x0000000000001118      0x11c zephyr/libzephyr.a(log_output.c.obj)
 .text.postfix_print
                0x0000000000001234       0x3c zephyr/libzephyr.a(log_output.c.obj)
 .text.hexdump_line_print
                0x0000000000001270       0xdc zephyr/libzephyr.a(log_output.c.obj)
 .text.log_output_msg_process
                0x000000000000134c       0xf4 zephyr/libzephyr.a(log_output.c.obj)
                0x000000000000134c                log_output_msg_process
 .text.log_output_dropped_process
                0x0000000000001440       0x54 zephyr/libzephyr.a(log_output.c.obj)
                0x0000000000001440                log_output_dropped_process
 .text.log_output_timestamp_freq_set
                0x0000000000001494       0x30 zephyr/libzephyr.a(log_output.c.obj)
                0x0000000000001494                log_output_timestamp_freq_set
 .text.panic    0x00000000000014c4        0xc zephyr/libzephyr.a(log_backend_uart.c.obj)
 .text.dropped  0x00000000000014d0        0xc zephyr/libzephyr.a(log_backend_uart.c.obj)
 .text.log_backend_uart_init
                0x00000000000014dc       0x18 zephyr/libzephyr.a(log_backend_uart.c.obj)
 .text.put      0x00000000000014f4       0x24 zephyr/libzephyr.a(log_backend_uart.c.obj)
 .text.log_backend_rtt_init
                0x0000000000001518        0xc zephyr/libzephyr.a(log_backend_rtt.c.obj)
 .text.panic    0x0000000000001524       0x18 zephyr/libzephyr.a(log_backend_rtt.c.obj)
 .text.dropped  0x000000000000153c        0xc zephyr/libzephyr.a(log_backend_rtt.c.obj)
 .text.put      0x0000000000001548       0x24 zephyr/libzephyr.a(log_backend_rtt.c.obj)
 .text.on_failed_write.part.0
                0x000000000000156c       0x1c zephyr/libzephyr.a(log_backend_rtt.c.obj)
 .text.data_out_block_mode
                0x0000000000001588       0xa0 zephyr/libzephyr.a(log_backend_rtt.c.obj)
 .text.uart_console_init
                0x0000000000001628       0x2c zephyr/libzephyr.a(uart_console.c.obj)
 .text.console_out
                0x0000000000001654       0x28 zephyr/libzephyr.a(uart_console.c.obj)
 .text.clkstarted_handle.constprop.0
                0x000000000000167c       0x50 zephyr/libzephyr.a(nrf_power_clock.c.obj)
 .text.nrf_power_clock_isr
                0x00000000000016cc       0x64 zephyr/libzephyr.a(nrf_power_clock.c.obj)
                0x00000000000016cc                nrf_power_clock_isr
 .text.handle_next_tick_case
                0x0000000000001730       0x28 zephyr/libzephyr.a(nrf_rtc_timer.c.obj)
 .text.event_clear
                0x0000000000001758       0x18 zephyr/libzephyr.a(nrf_rtc_timer.c.obj)
 .text.rtc1_nrf_isr
                0x0000000000001770       0x2c zephyr/libzephyr.a(nrf_rtc_timer.c.obj)
                0x0000000000001770                rtc1_nrf_isr
 .text.z_clock_driver_init
                0x000000000000179c       0x64 zephyr/libzephyr.a(nrf_rtc_timer.c.obj)
                0x000000000000179c                z_clock_driver_init
 .text.z_clock_set_timeout
                0x0000000000001800       0xbc zephyr/libzephyr.a(nrf_rtc_timer.c.obj)
                0x0000000000001800                z_clock_set_timeout
 .text.z_clock_elapsed
                0x00000000000018bc       0x34 zephyr/libzephyr.a(nrf_rtc_timer.c.obj)
                0x00000000000018bc                z_clock_elapsed
 .text.z_timer_cycle_get_32
                0x00000000000018f0       0x34 zephyr/libzephyr.a(nrf_rtc_timer.c.obj)
                0x00000000000018f0                z_timer_cycle_get_32
 .text._DoInit  0x0000000000001924       0x60 zephyr/libzephyr.a(SEGGER_RTT.c.obj)
 .text.SEGGER_RTT_WriteSkipNoLock
                0x0000000000001984       0x98 zephyr/libzephyr.a(SEGGER_RTT.c.obj)
                0x0000000000001984                SEGGER_RTT_WriteSkipNoLock
 .text.SEGGER_RTT_HasDataUp
                0x0000000000001a1c       0x14 zephyr/libzephyr.a(SEGGER_RTT.c.obj)
                0x0000000000001a1c                SEGGER_RTT_HasDataUp
 .text.arch_swap
                0x0000000000001a30       0x34 zephyr/arch/arch/arm/core/aarch32/libarch__arm__core__aarch32.a(swap.c.obj)
                0x0000000000001a30                arch_swap
 .text.z_arm_pendsv
                0x0000000000001a64       0x48 zephyr/arch/arch/arm/core/aarch32/libarch__arm__core__aarch32.a(swap_helper.S.obj)
                0x0000000000001a64                z_arm_pendsv
 .text.z_arm_svc
                0x0000000000001aac       0x20 zephyr/arch/arch/arm/core/aarch32/libarch__arm__core__aarch32.a(swap_helper.S.obj)
                0x0000000000001aac                z_arm_svc
 .text.arch_irq_enable
                0x0000000000001acc       0x20 zephyr/arch/arch/arm/core/aarch32/libarch__arm__core__aarch32.a(irq_manage.c.obj)
                0x0000000000001acc                arch_irq_enable
 .text.arch_irq_disable
                0x0000000000001aec       0x28 zephyr/arch/arch/arm/core/aarch32/libarch__arm__core__aarch32.a(irq_manage.c.obj)
                0x0000000000001aec                arch_irq_disable
 .text.arch_irq_is_enabled
                0x0000000000001b14       0x1c zephyr/arch/arch/arm/core/aarch32/libarch__arm__core__aarch32.a(irq_manage.c.obj)
                0x0000000000001b14                arch_irq_is_enabled
 .text.z_arm_irq_priority_set
                0x0000000000001b30       0x30 zephyr/arch/arch/arm/core/aarch32/libarch__arm__core__aarch32.a(irq_manage.c.obj)
                0x0000000000001b30                z_arm_irq_priority_set
 .text._arch_isr_direct_pm
                0x0000000000001b60       0x1c zephyr/arch/arch/arm/core/aarch32/libarch__arm__core__aarch32.a(irq_manage.c.obj)
                0x0000000000001b60                _arch_isr_direct_pm
 .text.arch_new_thread
                0x0000000000001b7c       0x34 zephyr/arch/arch/arm/core/aarch32/libarch__arm__core__aarch32.a(thread.c.obj)
                0x0000000000001b7c                arch_new_thread
 .text.arch_switch_to_main_thread
                0x0000000000001bb0       0x38 zephyr/arch/arch/arm/core/aarch32/libarch__arm__core__aarch32.a(thread.c.obj)
                0x0000000000001bb0                arch_switch_to_main_thread
 .text.z_arm_cpu_idle_init
                0x0000000000001be8        0xc zephyr/arch/arch/arm/core/aarch32/libarch__arm__core__aarch32.a(cpu_idle.S.obj)
                0x0000000000001be8                z_arm_cpu_idle_init
 .text.arch_cpu_idle
                0x0000000000001bf4       0x1c zephyr/arch/arch/arm/core/aarch32/libarch__arm__core__aarch32.a(cpu_idle.S.obj)
                0x0000000000001bf4                arch_cpu_idle
 .text.z_arm_fatal_error
                0x0000000000001c10       0x70 zephyr/arch/arch/arm/core/aarch32/libarch__arm__core__aarch32.a(fatal.c.obj)
                0x0000000000001c10                z_arm_fatal_error
 .text.z_SysNmiOnReset
                0x0000000000001c80        0x8 zephyr/arch/arch/arm/core/aarch32/libarch__arm__core__aarch32.a(nmi_on_reset.S.obj)
                0x0000000000001c80                z_SysNmiOnReset
 .text.z_arm_prep_c
                0x0000000000001c88       0x44 zephyr/arch/arch/arm/core/aarch32/libarch__arm__core__aarch32.a(prep_c.c.obj)
                0x0000000000001c88                z_arm_prep_c
 .text._isr_wrapper
                0x0000000000001ccc       0x40 zephyr/arch/arch/arm/core/aarch32/libarch__arm__core__aarch32.a(isr_wrapper.S.obj)
                0x0000000000001ccc                _isr_wrapper
 .text._reset_section
                0x0000000000001d0c       0x30 zephyr/arch/arch/arm/core/aarch32/cortex_m/libarch__arm__core__aarch32__cortex_m.a(reset.S.obj)
                0x0000000000001d0c                z_arm_reset
                0x0000000000001d0c                __start
 .text.__fault  0x0000000000001d3c       0x14 zephyr/arch/arch/arm/core/aarch32/cortex_m/libarch__arm__core__aarch32__cortex_m.a(fault_s.S.obj)
                0x0000000000001d3c                z_arm_bus_fault
                0x0000000000001d3c                z_arm_usage_fault
                0x0000000000001d3c                z_arm_mpu_fault
                0x0000000000001d3c                z_arm_exc_spurious
                0x0000000000001d3c                z_arm_debug_monitor
                0x0000000000001d3c                z_arm_hard_fault
 .text.usage_fault.isra.0
                0x0000000000001d50       0xb8 zephyr/arch/arch/arm/core/aarch32/cortex_m/libarch__arm__core__aarch32__cortex_m.a(fault.c.obj)
 .text.mem_manage_fault.isra.0
                0x0000000000001e08       0xcc zephyr/arch/arch/arm/core/aarch32/cortex_m/libarch__arm__core__aarch32__cortex_m.a(fault.c.obj)
 .text.bus_fault.isra.0
                0x0000000000001ed4       0xdc zephyr/arch/arch/arm/core/aarch32/cortex_m/libarch__arm__core__aarch32__cortex_m.a(fault.c.obj)
 .text.z_arm_fault
                0x0000000000001fb0      0x198 zephyr/arch/arch/arm/core/aarch32/cortex_m/libarch__arm__core__aarch32__cortex_m.a(fault.c.obj)
                0x0000000000001fb0                z_arm_fault
 .text.z_arm_fault_init
                0x0000000000002148       0x10 zephyr/arch/arch/arm/core/aarch32/cortex_m/libarch__arm__core__aarch32__cortex_m.a(fault.c.obj)
                0x0000000000002148                z_arm_fault_init
 .text._HandlerModeExit
                0x0000000000002158       0x1c zephyr/arch/arch/arm/core/aarch32/cortex_m/libarch__arm__core__aarch32__cortex_m.a(exc_exit.S.obj)
                0x0000000000002158                z_arm_exc_exit
                0x0000000000002158                z_arm_int_exit
 .text.z_arm_interrupt_init
                0x0000000000002174       0x18 zephyr/arch/arch/arm/core/aarch32/cortex_m/libarch__arm__core__aarch32__cortex_m.a(irq_init.c.obj)
                0x0000000000002174                z_arm_interrupt_init
 .text.z_impl_k_thread_abort
                0x000000000000218c       0x4c zephyr/arch/arch/arm/core/aarch32/cortex_m/libarch__arm__core__aarch32__cortex_m.a(thread_abort.c.obj)
                0x000000000000218c                z_impl_k_thread_abort
 .text.z_arm_configure_static_mpu_regions
                0x00000000000021d8       0x38 zephyr/arch/arch/arm/core/aarch32/cortex_m/mpu/libarch__arm__core__aarch32__cortex_m__mpu.a(arm_core_mpu.c.obj)
                0x00000000000021d8                z_arm_configure_static_mpu_regions
 .text.mpu_configure_regions
                0x0000000000002210       0xc4 zephyr/arch/arch/arm/core/aarch32/cortex_m/mpu/libarch__arm__core__aarch32__cortex_m__mpu.a(arm_mpu.c.obj)
 .text.arm_core_mpu_enable
                0x00000000000022d4       0x14 zephyr/arch/arch/arm/core/aarch32/cortex_m/mpu/libarch__arm__core__aarch32__cortex_m__mpu.a(arm_mpu.c.obj)
                0x00000000000022d4                arm_core_mpu_enable
 .text.arm_core_mpu_disable
                0x00000000000022e8       0x10 zephyr/arch/arch/arm/core/aarch32/cortex_m/mpu/libarch__arm__core__aarch32__cortex_m__mpu.a(arm_mpu.c.obj)
                0x00000000000022e8                arm_core_mpu_disable
 .text.arm_mpu_init
                0x00000000000022f8       0x5c zephyr/arch/arch/arm/core/aarch32/cortex_m/mpu/libarch__arm__core__aarch32__cortex_m__mpu.a(arm_mpu.c.obj)
 .text.arm_core_mpu_configure_static_mpu_regions
                0x0000000000002354       0x14 zephyr/arch/arch/arm/core/aarch32/cortex_m/mpu/libarch__arm__core__aarch32__cortex_m__mpu.a(arm_mpu.c.obj)
                0x0000000000002354                arm_core_mpu_configure_static_mpu_regions
 .text.__stdout_hook_install
                0x0000000000002368        0xc zephyr/lib/libc/minimal/liblib__libc__minimal.a(stdout_console.c.obj)
                0x0000000000002368                __stdout_hook_install
 .text.nordicsemi_nrf52_init
                0x0000000000002374       0x30 zephyr/soc/arm/nordic_nrf/nrf52/libsoc__arm__nordic_nrf__nrf52.a(soc.c.obj)
 .text.sys_arch_reboot
                0x00000000000023a4       0x2c zephyr/soc/arm/nordic_nrf/nrf52/libsoc__arm__nordic_nrf__nrf52.a(soc.c.obj)
                0x00000000000023a4                sys_arch_reboot
 .text.arch_busy_wait
                0x00000000000023d0       0x14 zephyr/soc/arm/nordic_nrf/nrf52/libsoc__arm__nordic_nrf__nrf52.a(soc.c.obj)
                0x00000000000023d0                arch_busy_wait
 .text.bt_hex_real
                0x00000000000023e4       0x44 zephyr/subsys/bluetooth/common/libsubsys__bluetooth__common.a(log.c.obj)
                0x00000000000023e4                bt_hex_real
 .text.bt_addr_le_str_real
                0x0000000000002428       0x7c zephyr/subsys/bluetooth/common/libsubsys__bluetooth__common.a(log.c.obj)
                0x0000000000002428                bt_addr_le_str_real
 .text.ver_str  0x00000000000024a4       0x38 zephyr/subsys/bluetooth/host/libsubsys__bluetooth__host.a(hci_core.c.obj)
 .text.hci_vendor_event
                0x00000000000024dc       0x38 zephyr/subsys/bluetooth/host/libsubsys__bluetooth__host.a(hci_core.c.obj)
 .text.handle_event
                0x0000000000002514       0x88 zephyr/subsys/bluetooth/host/libsubsys__bluetooth__host.a(hci_core.c.obj)
 .text.hci_le_meta_event
                0x000000000000259c       0x20 zephyr/subsys/bluetooth/host/libsubsys__bluetooth__host.a(hci_core.c.obj)
 .text.hci_cmd_done
                0x00000000000025bc       0xf4 zephyr/subsys/bluetooth/host/libsubsys__bluetooth__host.a(hci_core.c.obj)
 .text.id_find  0x00000000000026b0       0x34 zephyr/subsys/bluetooth/host/libsubsys__bluetooth__host.a(hci_core.c.obj)
 .text.hci_cmd_status
                0x00000000000026e4       0x2c zephyr/subsys/bluetooth/host/libsubsys__bluetooth__host.a(hci_core.c.obj)
 .text.hci_cmd_complete
                0x0000000000002710       0x30 zephyr/subsys/bluetooth/host/libsubsys__bluetooth__host.a(hci_core.c.obj)
 .text.valid_adv_param
                0x0000000000002740       0x74 zephyr/subsys/bluetooth/host/libsubsys__bluetooth__host.a(hci_core.c.obj)
 .text.bt_hci_cmd_create
                0x00000000000027b4       0x70 zephyr/subsys/bluetooth/host/libsubsys__bluetooth__host.a(hci_core.c.obj)
                0x00000000000027b4                bt_hci_cmd_create
 .text.bt_hci_cmd_send_sync
                0x0000000000002824       0xf0 zephyr/subsys/bluetooth/host/libsubsys__bluetooth__host.a(hci_core.c.obj)
                0x0000000000002824                bt_hci_cmd_send_sync
 .text.set_random_address
                0x0000000000002914       0x5c zephyr/subsys/bluetooth/host/libsubsys__bluetooth__host.a(hci_core.c.obj)
 .text.le_adv_set_random_addr.isra.0
                0x0000000000002970       0x84 zephyr/subsys/bluetooth/host/libsubsys__bluetooth__host.a(hci_core.c.obj)
 .text.hci_set_ad
                0x00000000000029f4       0xe0 zephyr/subsys/bluetooth/host/libsubsys__bluetooth__host.a(hci_core.c.obj)
 .text.le_adv_update.constprop.0
                0x0000000000002ad4       0xfc zephyr/subsys/bluetooth/host/libsubsys__bluetooth__host.a(hci_core.c.obj)
 .text.set_le_adv_enable_legacy.constprop.0
                0x0000000000002bd0       0x60 zephyr/subsys/bluetooth/host/libsubsys__bluetooth__host.a(hci_core.c.obj)
 .text.id_create.isra.0
                0x0000000000002c30       0x58 zephyr/subsys/bluetooth/host/libsubsys__bluetooth__host.a(hci_core.c.obj)
 .text.bt_send  0x0000000000002c88       0x10 zephyr/subsys/bluetooth/host/libsubsys__bluetooth__host.a(hci_core.c.obj)
                0x0000000000002c88                bt_send
 .text.hci_tx_thread
                0x0000000000002c98      0x158 zephyr/subsys/bluetooth/host/libsubsys__bluetooth__host.a(hci_core.c.obj)
 .text.bt_recv  0x0000000000002df0       0xb0 zephyr/subsys/bluetooth/host/libsubsys__bluetooth__host.a(hci_core.c.obj)
                0x0000000000002df0                bt_recv
 .text.bt_recv_prio
                0x0000000000002ea0       0xa0 zephyr/subsys/bluetooth/host/libsubsys__bluetooth__host.a(hci_core.c.obj)
                0x0000000000002ea0                bt_recv_prio
 .text.bt_hci_driver_register
                0x0000000000002f40       0x28 zephyr/subsys/bluetooth/host/libsubsys__bluetooth__host.a(hci_core.c.obj)
                0x0000000000002f40                bt_hci_driver_register
 .text.bt_finalize_init
                0x0000000000002f68       0xec zephyr/subsys/bluetooth/host/libsubsys__bluetooth__host.a(hci_core.c.obj)
                0x0000000000002f68                bt_finalize_init
 .text.bt_id_create
                0x0000000000003054       0x8c zephyr/subsys/bluetooth/host/libsubsys__bluetooth__host.a(hci_core.c.obj)
                0x0000000000003054                bt_id_create
 .text.bt_set_id_addr
                0x00000000000030e0       0x50 zephyr/subsys/bluetooth/host/libsubsys__bluetooth__host.a(hci_core.c.obj)
                0x00000000000030e0                bt_set_id_addr
 .text.bt_setup_public_id_addr
                0x0000000000003130       0xa0 zephyr/subsys/bluetooth/host/libsubsys__bluetooth__host.a(hci_core.c.obj)
                0x0000000000003130                bt_setup_public_id_addr
 .text.bt_read_static_addr
                0x00000000000031d0       0xb4 zephyr/subsys/bluetooth/host/libsubsys__bluetooth__host.a(hci_core.c.obj)
                0x00000000000031d0                bt_read_static_addr
 .text.bt_setup_random_id_addr
                0x0000000000003284       0x58 zephyr/subsys/bluetooth/host/libsubsys__bluetooth__host.a(hci_core.c.obj)
                0x0000000000003284                bt_setup_random_id_addr
 .text.hci_init
                0x00000000000032dc      0x3ac zephyr/subsys/bluetooth/host/libsubsys__bluetooth__host.a(hci_core.c.obj)
 .text.bt_enable
                0x0000000000003688      0x114 zephyr/subsys/bluetooth/host/libsubsys__bluetooth__host.a(hci_core.c.obj)
                0x0000000000003688                bt_enable
 .text.init_work
                0x000000000000379c       0x24 zephyr/subsys/bluetooth/host/libsubsys__bluetooth__host.a(hci_core.c.obj)
 .text.bt_le_adv_start_legacy
                0x00000000000037c0      0x1d0 zephyr/subsys/bluetooth/host/libsubsys__bluetooth__host.a(hci_core.c.obj)
                0x00000000000037c0                bt_le_adv_start_legacy
 .text.bt_buf_get_rx
                0x0000000000003990       0x20 zephyr/subsys/bluetooth/host/libsubsys__bluetooth__host.a(hci_core.c.obj)
                0x0000000000003990                bt_buf_get_rx
 .text.bt_buf_get_cmd_complete
                0x00000000000039b0       0x4c zephyr/subsys/bluetooth/host/libsubsys__bluetooth__host.a(hci_core.c.obj)
                0x00000000000039b0                bt_buf_get_cmd_complete
 .text.bt_buf_get_evt
                0x00000000000039fc       0x40 zephyr/subsys/bluetooth/host/libsubsys__bluetooth__host.a(hci_core.c.obj)
                0x00000000000039fc                bt_buf_get_evt
 .text.mayfly_init
                0x0000000000003a3c       0x54 zephyr/subsys/bluetooth/controller/libsubsys__bluetooth__controller.a(mayfly.c.obj)
                0x0000000000003a3c                mayfly_init
 .text.mayfly_enqueue
                0x0000000000003a90       0xa0 zephyr/subsys/bluetooth/controller/libsubsys__bluetooth__controller.a(mayfly.c.obj)
                0x0000000000003a90                mayfly_enqueue
 .text.mayfly_run
                0x0000000000003b30      0x17c zephyr/subsys/bluetooth/controller/libsubsys__bluetooth__controller.a(mayfly.c.obj)
                0x0000000000003b30                mayfly_run
 .text.ticker_job
                0x0000000000003cac      0x794 zephyr/subsys/bluetooth/controller/libsubsys__bluetooth__controller.a(ticker.c.obj)
                0x0000000000003cac                ticker_job
 .text.ticker_init
                0x0000000000004440       0x80 zephyr/subsys/bluetooth/controller/libsubsys__bluetooth__controller.a(ticker.c.obj)
                0x0000000000004440                ticker_init
 .text.ticker_trigger
                0x00000000000044c0       0x24 zephyr/subsys/bluetooth/controller/libsubsys__bluetooth__controller.a(ticker.c.obj)
                0x00000000000044c0                ticker_trigger
 .text.ticker_start_ext
                0x00000000000044e4       0x9c zephyr/subsys/bluetooth/controller/libsubsys__bluetooth__controller.a(ticker.c.obj)
                0x00000000000044e4                ticker_start_ext
 .text.ticker_update
                0x0000000000004580       0x90 zephyr/subsys/bluetooth/controller/libsubsys__bluetooth__controller.a(ticker.c.obj)
                0x0000000000004580                ticker_update
 .text.ticker_stop
                0x0000000000004610       0x74 zephyr/subsys/bluetooth/controller/libsubsys__bluetooth__controller.a(ticker.c.obj)
                0x0000000000004610                ticker_stop
 .text.ll_addr_get
                0x0000000000004684       0x34 zephyr/subsys/bluetooth/controller/libsubsys__bluetooth__controller.a(ll_addr.c.obj)
                0x0000000000004684                ll_addr_get
 .text.ll_addr_set
                0x00000000000046b8       0x30 zephyr/subsys/bluetooth/controller/libsubsys__bluetooth__controller.a(ll_addr.c.obj)
                0x00000000000046b8                ll_addr_set
 .text.hci_driver_init
                0x00000000000046e8       0x10 zephyr/subsys/bluetooth/controller/libsubsys__bluetooth__controller.a(hci_driver.c.obj)
 .text.hci_driver_send
                0x00000000000046f8       0x80 zephyr/subsys/bluetooth/controller/libsubsys__bluetooth__controller.a(hci_driver.c.obj)
 .text.prio_recv_thread
                0x0000000000004778       0x48 zephyr/subsys/bluetooth/controller/libsubsys__bluetooth__controller.a(hci_driver.c.obj)
 .text.recv_thread
                0x00000000000047c0       0xa0 zephyr/subsys/bluetooth/controller/libsubsys__bluetooth__controller.a(hci_driver.c.obj)
 .text.hci_driver_open
                0x0000000000004860       0xb4 zephyr/subsys/bluetooth/controller/libsubsys__bluetooth__controller.a(hci_driver.c.obj)
 .text.hci_cmd_complete
                0x0000000000004914       0x20 zephyr/subsys/bluetooth/controller/libsubsys__bluetooth__controller.a(hci.c.obj)
                0x0000000000004914                hci_cmd_complete
 .text.hci_vendor_cmd_handle_common
                0x0000000000004934      0x11c zephyr/subsys/bluetooth/controller/libsubsys__bluetooth__controller.a(hci.c.obj)
                0x0000000000004934                hci_vendor_cmd_handle_common
 .text.hci_cmd_handle
                0x0000000000004a50      0x394 zephyr/subsys/bluetooth/controller/libsubsys__bluetooth__controller.a(hci.c.obj)
                0x0000000000004a50                hci_cmd_handle
 .text.hci_evt_encode
                0x0000000000004de4       0x30 zephyr/subsys/bluetooth/controller/libsubsys__bluetooth__controller.a(hci.c.obj)
                0x0000000000004de4                hci_evt_encode
 .text.perform_lll_reset
                0x0000000000004e14       0x5c zephyr/subsys/bluetooth/controller/libsubsys__bluetooth__controller.a(ull.c.obj)
 .text.rx_alloc.constprop.0
                0x0000000000004e70       0x80 zephyr/subsys/bluetooth/controller/libsubsys__bluetooth__controller.a(ull.c.obj)
 .text.init_reset
                0x0000000000004ef0      0x118 zephyr/subsys/bluetooth/controller/libsubsys__bluetooth__controller.a(ull.c.obj)
 .text.ll_init  0x0000000000005008       0xbc zephyr/subsys/bluetooth/controller/libsubsys__bluetooth__controller.a(ull.c.obj)
                0x0000000000005008                ll_init
 .text.ll_reset
                0x00000000000050c4       0xc0 zephyr/subsys/bluetooth/controller/libsubsys__bluetooth__controller.a(ull.c.obj)
                0x00000000000050c4                ll_reset
 .text.ll_rx_get
                0x0000000000005184       0x24 zephyr/subsys/bluetooth/controller/libsubsys__bluetooth__controller.a(ull.c.obj)
                0x0000000000005184                ll_rx_get
 .text.ll_rx_dequeue
                0x00000000000051a8       0x80 zephyr/subsys/bluetooth/controller/libsubsys__bluetooth__controller.a(ull.c.obj)
                0x00000000000051a8                ll_rx_dequeue
 .text.ll_rx_mem_release
                0x0000000000005228       0xa4 zephyr/subsys/bluetooth/controller/libsubsys__bluetooth__controller.a(ull.c.obj)
                0x0000000000005228                ll_rx_mem_release
 .text.ull_ticker_status_give
                0x00000000000052cc        0xc zephyr/subsys/bluetooth/controller/libsubsys__bluetooth__controller.a(ull.c.obj)
                0x00000000000052cc                ull_ticker_status_give
 .text.ull_ticker_status_take
                0x00000000000052d8       0x1c zephyr/subsys/bluetooth/controller/libsubsys__bluetooth__controller.a(ull.c.obj)
                0x00000000000052d8                ull_ticker_status_take
 .text.ull_disable_mark
                0x00000000000052f4       0x10 zephyr/subsys/bluetooth/controller/libsubsys__bluetooth__controller.a(ull.c.obj)
                0x00000000000052f4                ull_disable_mark
 .text.ull_disable_unmark
                0x0000000000005304       0x1c zephyr/subsys/bluetooth/controller/libsubsys__bluetooth__controller.a(ull.c.obj)
                0x0000000000005304                ull_disable_unmark
 .text.ull_disable_mark_get
                0x0000000000005320        0xc zephyr/subsys/bluetooth/controller/libsubsys__bluetooth__controller.a(ull.c.obj)
                0x0000000000005320                ull_disable_mark_get
 .text.ull_disable
                0x000000000000532c       0x7c zephyr/subsys/bluetooth/controller/libsubsys__bluetooth__controller.a(ull.c.obj)
                0x000000000000532c                ull_disable
 .text.ull_rx_put
                0x00000000000053a8        0xc zephyr/subsys/bluetooth/controller/libsubsys__bluetooth__controller.a(ull.c.obj)
                0x00000000000053a8                ull_rx_put
 .text.ull_rx_sched
                0x00000000000053b4       0x10 zephyr/subsys/bluetooth/controller/libsubsys__bluetooth__controller.a(ull.c.obj)
                0x00000000000053b4                ull_rx_sched
 .text.ull_prepare_enqueue
                0x00000000000053c4       0x68 zephyr/subsys/bluetooth/controller/libsubsys__bluetooth__controller.a(ull.c.obj)
                0x00000000000053c4                ull_prepare_enqueue
 .text.ull_prepare_dequeue_get
                0x000000000000542c       0x1c zephyr/subsys/bluetooth/controller/libsubsys__bluetooth__controller.a(ull.c.obj)
                0x000000000000542c                ull_prepare_dequeue_get
 .text.rx_demux
                0x0000000000005448      0x1b4 zephyr/subsys/bluetooth/controller/libsubsys__bluetooth__controller.a(ull.c.obj)
 .text.ull_prepare_dequeue_iter
                0x00000000000055fc       0x3c zephyr/subsys/bluetooth/controller/libsubsys__bluetooth__controller.a(ull.c.obj)
                0x00000000000055fc                ull_prepare_dequeue_iter
 .text.ull_event_done
                0x0000000000005638       0x48 zephyr/subsys/bluetooth/controller/libsubsys__bluetooth__controller.a(ull.c.obj)
                0x0000000000005638                ull_event_done
 .text.ticker_cb
                0x0000000000005680       0xfc zephyr/subsys/bluetooth/controller/libsubsys__bluetooth__controller.a(ull_adv.c.obj)
 .text.ticker_op_update_cb
                0x000000000000577c       0x38 zephyr/subsys/bluetooth/controller/libsubsys__bluetooth__controller.a(ull_adv.c.obj)
 .text.ll_adv_params_set
                0x00000000000057b4       0xd0 zephyr/subsys/bluetooth/controller/libsubsys__bluetooth__controller.a(ull_adv.c.obj)
                0x00000000000057b4                ll_adv_params_set
 .text.ll_adv_data_set
                0x0000000000005884       0x80 zephyr/subsys/bluetooth/controller/libsubsys__bluetooth__controller.a(ull_adv.c.obj)
                0x0000000000005884                ll_adv_data_set
 .text.ll_adv_scan_rsp_set
                0x0000000000005904       0x70 zephyr/subsys/bluetooth/controller/libsubsys__bluetooth__controller.a(ull_adv.c.obj)
                0x0000000000005904                ll_adv_scan_rsp_set
 .text.ull_adv_lll_handle_get
                0x0000000000005974       0x14 zephyr/subsys/bluetooth/controller/libsubsys__bluetooth__controller.a(ull_adv.c.obj)
                0x0000000000005974                ull_adv_lll_handle_get
 .text.ull_adv_is_enabled_get
                0x0000000000005988       0x1c zephyr/subsys/bluetooth/controller/libsubsys__bluetooth__controller.a(ull_adv.c.obj)
                0x0000000000005988                ull_adv_is_enabled_get
 .text.disable.constprop.0
                0x00000000000059a4       0xe4 zephyr/subsys/bluetooth/controller/libsubsys__bluetooth__controller.a(ull_adv.c.obj)
 .text.dfe_set_mode
                0x0000000000005a88       0x1c zephyr/subsys/bluetooth/controller/libsubsys__bluetooth__controller.a(lll_dfe.c.obj)
                0x0000000000005a88                dfe_set_mode
 .text.dfe_set_duration
                0x0000000000005aa4       0x18 zephyr/subsys/bluetooth/controller/libsubsys__bluetooth__controller.a(lll_dfe.c.obj)
                0x0000000000005aa4                dfe_set_duration
 .text.dfe_get_duration_us
                0x0000000000005abc        0xc zephyr/subsys/bluetooth/controller/libsubsys__bluetooth__controller.a(lll_dfe.c.obj)
                0x0000000000005abc                dfe_get_duration_us
 .text.dfe_common_init
                0x0000000000005ac8        0xc zephyr/subsys/bluetooth/controller/libsubsys__bluetooth__controller.a(lll_dfe.c.obj)
                0x0000000000005ac8                dfe_common_init
 .text.dfe_init_adv_tx
                0x0000000000005ad4       0x38 zephyr/subsys/bluetooth/controller/libsubsys__bluetooth__controller.a(lll_dfe.c.obj)
                0x0000000000005ad4                dfe_init_adv_tx
 .text.ll_wl_clear
                0x0000000000005b0c       0x24 zephyr/subsys/bluetooth/controller/libsubsys__bluetooth__controller.a(ull_filter.c.obj)
                0x0000000000005b0c                ll_wl_clear
 .text.ll_wl_add
                0x0000000000005b30       0x68 zephyr/subsys/bluetooth/controller/libsubsys__bluetooth__controller.a(ull_filter.c.obj)
                0x0000000000005b30                ll_wl_add
 .text.ll_wl_remove
                0x0000000000005b98       0x88 zephyr/subsys/bluetooth/controller/libsubsys__bluetooth__controller.a(ull_filter.c.obj)
                0x0000000000005b98                ll_wl_remove
 .text.ull_filter_reset
                0x0000000000005c20       0x18 zephyr/subsys/bluetooth/controller/libsubsys__bluetooth__controller.a(ull_filter.c.obj)
                0x0000000000005c20                ull_filter_reset
 .text.ull_filter_lll_get
                0x0000000000005c38       0x34 zephyr/subsys/bluetooth/controller/libsubsys__bluetooth__controller.a(ull_filter.c.obj)
                0x0000000000005c38                ull_filter_lll_get
 .text.rtc0_nrf5_isr
                0x0000000000005c6c       0x28 zephyr/subsys/bluetooth/controller/libsubsys__bluetooth__controller.a(lll.c.obj)
 .text.ticker_start_op_cb
                0x0000000000005c94       0x30 zephyr/subsys/bluetooth/controller/libsubsys__bluetooth__controller.a(lll.c.obj)
 .text.preempt_ticker_start
                0x0000000000005cc4       0x74 zephyr/subsys/bluetooth/controller/libsubsys__bluetooth__controller.a(lll.c.obj)
 .text.preempt  0x0000000000005d38      0x108 zephyr/subsys/bluetooth/controller/libsubsys__bluetooth__controller.a(lll.c.obj)
 .text.prepare  0x0000000000005e40       0x94 zephyr/subsys/bluetooth/controller/libsubsys__bluetooth__controller.a(lll.c.obj)
 .text.preempt_ticker_cb
                0x0000000000005ed4       0x3c zephyr/subsys/bluetooth/controller/libsubsys__bluetooth__controller.a(lll.c.obj)
 .text.lll_init
                0x0000000000005f10       0x68 zephyr/subsys/bluetooth/controller/libsubsys__bluetooth__controller.a(lll.c.obj)
                0x0000000000005f10                lll_init
 .text.lll_trng_get
                0x0000000000005f78       0x1c zephyr/subsys/bluetooth/controller/libsubsys__bluetooth__controller.a(lll.c.obj)
                0x0000000000005f78                lll_trng_get
 .text.lll_trng_isr_get
                0x0000000000005f94       0x28 zephyr/subsys/bluetooth/controller/libsubsys__bluetooth__controller.a(lll.c.obj)
                0x0000000000005f94                lll_trng_isr_get
 .text.lll_resume
                0x0000000000005fbc       0x4c zephyr/subsys/bluetooth/controller/libsubsys__bluetooth__controller.a(lll.c.obj)
                0x0000000000005fbc                lll_resume
 .text.lll_disable
                0x0000000000006008       0x80 zephyr/subsys/bluetooth/controller/libsubsys__bluetooth__controller.a(lll.c.obj)
                0x0000000000006008                lll_disable
 .text.lll_done
                0x0000000000006088       0x94 zephyr/subsys/bluetooth/controller/libsubsys__bluetooth__controller.a(lll.c.obj)
                0x0000000000006088                lll_done
 .text.lll_chan_set
                0x000000000000611c       0x64 zephyr/subsys/bluetooth/controller/libsubsys__bluetooth__controller.a(lll.c.obj)
                0x000000000000611c                lll_chan_set
 .text.lll_clock_init
                0x0000000000006180       0x28 zephyr/subsys/bluetooth/controller/libsubsys__bluetooth__controller.a(lll_clock.c.obj)
                0x0000000000006180                lll_clock_init
 .text.lll_hfclock_on
                0x00000000000061a8       0x10 zephyr/subsys/bluetooth/controller/libsubsys__bluetooth__controller.a(lll_clock.c.obj)
                0x00000000000061a8                lll_hfclock_on
 .text.lll_hfclock_off
                0x00000000000061b8       0x10 zephyr/subsys/bluetooth/controller/libsubsys__bluetooth__controller.a(lll_clock.c.obj)
                0x00000000000061b8                lll_hfclock_off
 .text.isr_cleanup
                0x00000000000061c8       0x58 zephyr/subsys/bluetooth/controller/libsubsys__bluetooth__controller.a(lll_adv.c.obj)
 .text.isr_tx   0x0000000000006220       0x88 zephyr/subsys/bluetooth/controller/libsubsys__bluetooth__controller.a(lll_adv.c.obj)
 .text.abort_cb
                0x00000000000062a8       0x54 zephyr/subsys/bluetooth/controller/libsubsys__bluetooth__controller.a(lll_adv.c.obj)
 .text.isr_rx   0x00000000000062fc       0xf4 zephyr/subsys/bluetooth/controller/libsubsys__bluetooth__controller.a(lll_adv.c.obj)
 .text.chan_prepare
                0x00000000000063f0       0xd4 zephyr/subsys/bluetooth/controller/libsubsys__bluetooth__controller.a(lll_adv.c.obj)
 .text.prepare_cb
                0x00000000000064c4      0x118 zephyr/subsys/bluetooth/controller/libsubsys__bluetooth__controller.a(lll_adv.c.obj)
 .text.lll_adv_prepare
                0x00000000000065dc       0x70 zephyr/subsys/bluetooth/controller/libsubsys__bluetooth__controller.a(lll_adv.c.obj)
                0x00000000000065dc                lll_adv_prepare
 .text.cntr_init
                0x000000000000664c       0x1c zephyr/subsys/bluetooth/controller/libsubsys__bluetooth__controller.a(cntr.c.obj)
                0x000000000000664c                cntr_init
 .text.cntr_start
                0x0000000000006668       0x1c zephyr/subsys/bluetooth/controller/libsubsys__bluetooth__controller.a(cntr.c.obj)
                0x0000000000006668                cntr_start
 .text.cntr_stop
                0x0000000000006684       0x4c zephyr/subsys/bluetooth/controller/libsubsys__bluetooth__controller.a(cntr.c.obj)
                0x0000000000006684                cntr_stop
 .text.cntr_cnt_get
                0x00000000000066d0        0xc zephyr/subsys/bluetooth/controller/libsubsys__bluetooth__controller.a(cntr.c.obj)
                0x00000000000066d0                cntr_cnt_get
 .text.cntr_cmp_set
                0x00000000000066dc       0x10 zephyr/subsys/bluetooth/controller/libsubsys__bluetooth__controller.a(cntr.c.obj)
                0x00000000000066dc                cntr_cmp_set
 .text.do_ecb   0x00000000000066ec       0x58 zephyr/subsys/bluetooth/controller/libsubsys__bluetooth__controller.a(ecb.c.obj)
 .text.hal_radio_enable_on_tick_ppi_config_and_enable
                0x0000000000006744       0x28 zephyr/subsys/bluetooth/controller/libsubsys__bluetooth__controller.a(radio.c.obj)
 .text.sw_switch.isra.0
                0x000000000000676c       0xc4 zephyr/subsys/bluetooth/controller/libsubsys__bluetooth__controller.a(radio.c.obj)
 .text.isr_radio
                0x0000000000006830       0x20 zephyr/subsys/bluetooth/controller/libsubsys__bluetooth__controller.a(radio.c.obj)
                0x0000000000006830                isr_radio
 .text.radio_isr_set
                0x0000000000006850       0x40 zephyr/subsys/bluetooth/controller/libsubsys__bluetooth__controller.a(radio.c.obj)
                0x0000000000006850                radio_isr_set
 .text.radio_reset
                0x0000000000006890       0x30 zephyr/subsys/bluetooth/controller/libsubsys__bluetooth__controller.a(radio.c.obj)
                0x0000000000006890                radio_reset
 .text.radio_phy_set
                0x00000000000068c0       0x20 zephyr/subsys/bluetooth/controller/libsubsys__bluetooth__controller.a(radio.c.obj)
                0x00000000000068c0                radio_phy_set
 .text.radio_tx_power_set
                0x00000000000068e0        0xc zephyr/subsys/bluetooth/controller/libsubsys__bluetooth__controller.a(radio.c.obj)
                0x00000000000068e0                radio_tx_power_set
 .text.radio_freq_chan_set
                0x00000000000068ec        0xc zephyr/subsys/bluetooth/controller/libsubsys__bluetooth__controller.a(radio.c.obj)
                0x00000000000068ec                radio_freq_chan_set
 .text.radio_whiten_iv_set
                0x00000000000068f8       0x24 zephyr/subsys/bluetooth/controller/libsubsys__bluetooth__controller.a(radio.c.obj)
                0x00000000000068f8                radio_whiten_iv_set
 .text.radio_aa_set
                0x000000000000691c       0x30 zephyr/subsys/bluetooth/controller/libsubsys__bluetooth__controller.a(radio.c.obj)
                0x000000000000691c                radio_aa_set
 .text.radio_pkt_configure
                0x000000000000694c       0x58 zephyr/subsys/bluetooth/controller/libsubsys__bluetooth__controller.a(radio.c.obj)
                0x000000000000694c                radio_pkt_configure
 .text.radio_pkt_rx_set
                0x00000000000069a4        0xc zephyr/subsys/bluetooth/controller/libsubsys__bluetooth__controller.a(radio.c.obj)
                0x00000000000069a4                radio_pkt_rx_set
 .text.radio_pkt_tx_set
                0x00000000000069b0        0xc zephyr/subsys/bluetooth/controller/libsubsys__bluetooth__controller.a(radio.c.obj)
                0x00000000000069b0                radio_pkt_tx_set
 .text.radio_tx_enable
                0x00000000000069bc        0xc zephyr/subsys/bluetooth/controller/libsubsys__bluetooth__controller.a(radio.c.obj)
                0x00000000000069bc                radio_tx_enable
 .text.radio_disable
                0x00000000000069c8       0x24 zephyr/subsys/bluetooth/controller/libsubsys__bluetooth__controller.a(radio.c.obj)
                0x00000000000069c8                radio_disable
 .text.radio_status_reset
                0x00000000000069ec       0x18 zephyr/subsys/bluetooth/controller/libsubsys__bluetooth__controller.a(radio.c.obj)
                0x00000000000069ec                radio_status_reset
 .text.radio_is_ready
                0x0000000000006a04       0x14 zephyr/subsys/bluetooth/controller/libsubsys__bluetooth__controller.a(radio.c.obj)
                0x0000000000006a04                radio_is_ready
 .text.radio_is_done
                0x0000000000006a18       0x14 zephyr/subsys/bluetooth/controller/libsubsys__bluetooth__controller.a(radio.c.obj)
                0x0000000000006a18                radio_is_done
 .text.radio_is_idle
                0x0000000000006a2c       0x14 zephyr/subsys/bluetooth/controller/libsubsys__bluetooth__controller.a(radio.c.obj)
                0x0000000000006a2c                radio_is_idle
 .text.radio_crc_configure
                0x0000000000006a40       0x18 zephyr/subsys/bluetooth/controller/libsubsys__bluetooth__controller.a(radio.c.obj)
                0x0000000000006a40                radio_crc_configure
 .text.radio_crc_is_valid
                0x0000000000006a58       0x14 zephyr/subsys/bluetooth/controller/libsubsys__bluetooth__controller.a(radio.c.obj)
                0x0000000000006a58                radio_crc_is_valid
 .text.radio_pkt_scratch_get
                0x0000000000006a6c        0x8 zephyr/subsys/bluetooth/controller/libsubsys__bluetooth__controller.a(radio.c.obj)
                0x0000000000006a6c                radio_pkt_scratch_get
 .text.radio_switch_complete_and_rx
                0x0000000000006a74       0x1c zephyr/subsys/bluetooth/controller/libsubsys__bluetooth__controller.a(radio.c.obj)
                0x0000000000006a74                radio_switch_complete_and_rx
 .text.radio_switch_complete_and_tx
                0x0000000000006a90       0x18 zephyr/subsys/bluetooth/controller/libsubsys__bluetooth__controller.a(radio.c.obj)
                0x0000000000006a90                radio_switch_complete_and_tx
 .text.radio_switch_complete_and_disable
                0x0000000000006aa8       0x20 zephyr/subsys/bluetooth/controller/libsubsys__bluetooth__controller.a(radio.c.obj)
                0x0000000000006aa8                radio_switch_complete_and_disable
 .text.radio_rssi_status_reset
                0x0000000000006ac8       0x10 zephyr/subsys/bluetooth/controller/libsubsys__bluetooth__controller.a(radio.c.obj)
                0x0000000000006ac8                radio_rssi_status_reset
 .text.radio_rssi_is_ready
                0x0000000000006ad8       0x14 zephyr/subsys/bluetooth/controller/libsubsys__bluetooth__controller.a(radio.c.obj)
                0x0000000000006ad8                radio_rssi_is_ready
 .text.radio_filter_configure
                0x0000000000006aec       0x38 zephyr/subsys/bluetooth/controller/libsubsys__bluetooth__controller.a(radio.c.obj)
                0x0000000000006aec                radio_filter_configure
 .text.radio_filter_disable
                0x0000000000006b24       0x14 zephyr/subsys/bluetooth/controller/libsubsys__bluetooth__controller.a(radio.c.obj)
                0x0000000000006b24                radio_filter_disable
 .text.radio_filter_status_reset
                0x0000000000006b38       0x10 zephyr/subsys/bluetooth/controller/libsubsys__bluetooth__controller.a(radio.c.obj)
                0x0000000000006b38                radio_filter_status_reset
 .text.radio_filter_has_match
                0x0000000000006b48       0x14 zephyr/subsys/bluetooth/controller/libsubsys__bluetooth__controller.a(radio.c.obj)
                0x0000000000006b48                radio_filter_has_match
 .text.radio_filter_match_get
                0x0000000000006b5c        0xc zephyr/subsys/bluetooth/controller/libsubsys__bluetooth__controller.a(radio.c.obj)
                0x0000000000006b5c                radio_filter_match_get
 .text.radio_tmr_status_reset
                0x0000000000006b68       0x20 zephyr/subsys/bluetooth/controller/libsubsys__bluetooth__controller.a(radio.c.obj)
                0x0000000000006b68                radio_tmr_status_reset
 .text.radio_tmr_tifs_set
                0x0000000000006b88       0x18 zephyr/subsys/bluetooth/controller/libsubsys__bluetooth__controller.a(radio.c.obj)
                0x0000000000006b88                radio_tmr_tifs_set
 .text.radio_tmr_start
                0x0000000000006ba0       0xe0 zephyr/subsys/bluetooth/controller/libsubsys__bluetooth__controller.a(radio.c.obj)
                0x0000000000006ba0                radio_tmr_start
 .text.radio_tmr_stop
                0x0000000000006c80       0x18 zephyr/subsys/bluetooth/controller/libsubsys__bluetooth__controller.a(radio.c.obj)
                0x0000000000006c80                radio_tmr_stop
 .text.radio_tmr_hcto_configure
                0x0000000000006c98       0x18 zephyr/subsys/bluetooth/controller/libsubsys__bluetooth__controller.a(radio.c.obj)
                0x0000000000006c98                radio_tmr_hcto_configure
 .text.radio_tmr_end_capture
                0x0000000000006cb0       0x10 zephyr/subsys/bluetooth/controller/libsubsys__bluetooth__controller.a(radio.c.obj)
                0x0000000000006cb0                radio_tmr_end_capture
 .text.radio_tmr_tifs_base_get
                0x0000000000006cc0        0xc zephyr/subsys/bluetooth/controller/libsubsys__bluetooth__controller.a(radio.c.obj)
                0x0000000000006cc0                radio_tmr_tifs_base_get
 .text.radio_ar_match_get
                0x0000000000006ccc        0xc zephyr/subsys/bluetooth/controller/libsubsys__bluetooth__controller.a(radio.c.obj)
                0x0000000000006ccc                radio_ar_match_get
 .text.radio_ar_status_reset
                0x0000000000006cd8       0x18 zephyr/subsys/bluetooth/controller/libsubsys__bluetooth__controller.a(radio.c.obj)
                0x0000000000006cd8                radio_ar_status_reset
 .text.radio_ar_has_match
                0x0000000000006cf0       0x28 zephyr/subsys/bluetooth/controller/libsubsys__bluetooth__controller.a(radio.c.obj)
                0x0000000000006cf0                radio_ar_has_match
 .text.radio_dfe_mode_set
                0x0000000000006d18       0x24 zephyr/subsys/bluetooth/controller/libsubsys__bluetooth__controller.a(radio.c.obj)
                0x0000000000006d18                radio_dfe_mode_set
 .text.radio_cte_inline_ctrl_set
                0x0000000000006d3c       0x24 zephyr/subsys/bluetooth/controller/libsubsys__bluetooth__controller.a(radio.c.obj)
                0x0000000000006d3c                radio_cte_inline_ctrl_set
 .text.radio_dfe_numberof8us_set
                0x0000000000006d60       0x24 zephyr/subsys/bluetooth/controller/libsubsys__bluetooth__controller.a(radio.c.obj)
                0x0000000000006d60                radio_dfe_numberof8us_set
 .text.radio_dfe_inextension_set
                0x0000000000006d84       0x24 zephyr/subsys/bluetooth/controller/libsubsys__bluetooth__controller.a(radio.c.obj)
                0x0000000000006d84                radio_dfe_inextension_set
 .text.mayfly_enable_cb
                0x0000000000006da8       0x40 zephyr/subsys/bluetooth/controller/libsubsys__bluetooth__controller.a(mayfly.c.obj)
                0x0000000000006da8                mayfly_enable_cb
 .text.mayfly_is_enabled
                0x0000000000006de8       0x40 zephyr/subsys/bluetooth/controller/libsubsys__bluetooth__controller.a(mayfly.c.obj)
                0x0000000000006de8                mayfly_is_enabled
 .text.mayfly_pend
                0x0000000000006e28       0x4c zephyr/subsys/bluetooth/controller/libsubsys__bluetooth__controller.a(mayfly.c.obj)
                0x0000000000006e28                mayfly_pend
 .text.hal_ticker_instance0_caller_id_get
                0x0000000000006e74       0x58 zephyr/subsys/bluetooth/controller/libsubsys__bluetooth__controller.a(ticker.c.obj)
                0x0000000000006e74                hal_ticker_instance0_caller_id_get
 .text.hal_ticker_instance0_sched
                0x0000000000006ecc       0xc0 zephyr/subsys/bluetooth/controller/libsubsys__bluetooth__controller.a(ticker.c.obj)
                0x0000000000006ecc                hal_ticker_instance0_sched
 .text.net_buf_pool_get
                0x0000000000006f8c       0x10 zephyr/subsys/net/libsubsys__net.a(buf.c.obj)
                0x0000000000006f8c                net_buf_pool_get
 .text.net_buf_id
                0x0000000000006f9c       0x20 zephyr/subsys/net/libsubsys__net.a(buf.c.obj)
                0x0000000000006f9c                net_buf_id
 .text.fixed_data_alloc
                0x0000000000006fbc       0x30 zephyr/subsys/net/libsubsys__net.a(buf.c.obj)
 .text.net_buf_alloc_len
                0x0000000000006fec      0x118 zephyr/subsys/net/libsubsys__net.a(buf.c.obj)
                0x0000000000006fec                net_buf_alloc_len
 .text.net_buf_unref
                0x0000000000007104       0x68 zephyr/subsys/net/libsubsys__net.a(buf.c.obj)
                0x0000000000007104                net_buf_unref
 .text.gpio_nrfx_init
                0x000000000000716c       0x30 zephyr/drivers/gpio/libdrivers__gpio.a(gpio_nrfx.c.obj)
 .text.gpio_nrfx_config
                0x000000000000719c       0xc8 zephyr/drivers/gpio/libdrivers__gpio.a(gpio_nrfx.c.obj)
 .text.nrf_gpio_cfg_sense_set
                0x0000000000007264       0x28 zephyr/drivers/gpio/libdrivers__gpio.a(gpio_nrfx.c.obj)
 .text.gpiote_pin_int_cfg
                0x000000000000728c      0x138 zephyr/drivers/gpio/libdrivers__gpio.a(gpio_nrfx.c.obj)
 .text.gpio_nrfx_pin_interrupt_configure
                0x00000000000073c4       0x9c zephyr/drivers/gpio/libdrivers__gpio.a(gpio_nrfx.c.obj)
 .text.gpiote_event_handler
                0x0000000000007460       0xbc zephyr/drivers/gpio/libdrivers__gpio.a(gpio_nrfx.c.obj)
 .text.uart_nrfx_err_check
                0x000000000000751c       0x10 zephyr/drivers/serial/libdrivers__serial.a(uart_nrfx_uart.c.obj)
 .text.uart_nrfx_configure
                0x000000000000752c      0x188 zephyr/drivers/serial/libdrivers__serial.a(uart_nrfx_uart.c.obj)
 .text.uart_nrfx_poll_in
                0x00000000000076b4       0x2c zephyr/drivers/serial/libdrivers__serial.a(uart_nrfx_uart.c.obj)
 .text.uart_nrfx_poll_out
                0x00000000000076e0       0x88 zephyr/drivers/serial/libdrivers__serial.a(uart_nrfx_uart.c.obj)
 .text.uart_nrfx_init
                0x0000000000007768       0x68 zephyr/drivers/serial/libdrivers__serial.a(uart_nrfx_uart.c.obj)
 .text.uarte_nrfx_configure
                0x00000000000077d0      0x180 zephyr/drivers/serial/libdrivers__serial.a(uart_nrfx_uarte.c.obj)
 .text.uarte_1_init
                0x0000000000007950       0x58 zephyr/drivers/serial/libdrivers__serial.a(uart_nrfx_uarte.c.obj)
 .text.rng_pool_get
                0x00000000000079a8       0x90 zephyr/drivers/entropy/libdrivers__entropy.a(entropy_nrf5.c.obj)
 .text.entropy_nrf5_get_entropy
                0x0000000000007a38       0x58 zephyr/drivers/entropy/libdrivers__entropy.a(entropy_nrf5.c.obj)
 .text.random_byte_get
                0x0000000000007a90       0x44 zephyr/drivers/entropy/libdrivers__entropy.a(entropy_nrf5.c.obj)
 .text.entropy_nrf5_get_entropy_isr
                0x0000000000007ad4       0xa4 zephyr/drivers/entropy/libdrivers__entropy.a(entropy_nrf5.c.obj)
 .text.entropy_nrf5_init
                0x0000000000007b78       0x78 zephyr/drivers/entropy/libdrivers__entropy.a(entropy_nrf5.c.obj)
 .text.isr      0x0000000000007bf0       0x74 zephyr/drivers/entropy/libdrivers__entropy.a(entropy_nrf5.c.obj)
 .text.k_sys_fatal_error_handler
                0x0000000000007c64       0x2c modules/nrf/lib/fatal_error/lib..__nrf__lib__fatal_error.a(fatal_error.c.obj)
                0x0000000000007c64                k_sys_fatal_error_handler
 .text.SystemInit
                0x0000000000007c90      0x150 modules/nordic/lib..__modules__hal__nordic.a(system_nrf52833.c.obj)
                0x0000000000007c90                SystemInit
 .text.z_sys_init_run_level
                0x0000000000007de0       0x2c zephyr/kernel/libkernel.a(device.c.obj)
                0x0000000000007de0                z_sys_init_run_level
 .text.z_impl_device_get_binding
                0x0000000000007e0c       0x48 zephyr/kernel/libkernel.a(device.c.obj)
                0x0000000000007e0c                z_impl_device_get_binding
 .text.z_fatal_error
                0x0000000000007e54       0xc4 zephyr/kernel/libkernel.a(fatal.c.obj)
                0x0000000000007e54                z_fatal_error
 .text.idle     0x0000000000007f18       0x34 zephyr/kernel/libkernel.a(idle.c.obj)
                0x0000000000007f18                idle
 .text.z_bss_zero
                0x0000000000007f4c       0x14 zephyr/kernel/libkernel.a(init.c.obj)
                0x0000000000007f4c                z_bss_zero
 .text.z_data_copy
                0x0000000000007f60       0x34 zephyr/kernel/libkernel.a(init.c.obj)
                0x0000000000007f60                z_data_copy
 .text.bg_thread_main
                0x0000000000007f94       0x48 zephyr/kernel/libkernel.a(init.c.obj)
 .text.z_cstart
                0x0000000000007fdc      0x10c zephyr/kernel/libkernel.a(init.c.obj)
                0x0000000000007fdc                z_cstart
 .text.statics_init
                0x00000000000080e8       0x24 zephyr/kernel/libkernel.a(kheap.c.obj)
 .text.init_mem_slab_module
                0x000000000000810c       0x44 zephyr/kernel/libkernel.a(mem_slab.c.obj)
 .text.k_mem_slab_alloc
                0x0000000000008150       0x64 zephyr/kernel/libkernel.a(mem_slab.c.obj)
                0x0000000000008150                k_mem_slab_alloc
 .text.k_mem_slab_free
                0x00000000000081b4       0x54 zephyr/kernel/libkernel.a(mem_slab.c.obj)
                0x00000000000081b4                k_mem_slab_free
 .text.z_impl_k_mutex_lock
                0x0000000000008208       0xf0 zephyr/kernel/libkernel.a(mutex.c.obj)
                0x0000000000008208                z_impl_k_mutex_lock
 .text.z_impl_k_mutex_unlock
                0x00000000000082f8       0x8c zephyr/kernel/libkernel.a(mutex.c.obj)
                0x00000000000082f8                z_impl_k_mutex_unlock
 .text.z_impl_k_queue_get
                0x0000000000008384       0x68 zephyr/kernel/libkernel.a(queue.c.obj)
                0x0000000000008384                z_impl_k_queue_get
 .text.z_reset_time_slice
                0x00000000000083ec       0x2c zephyr/kernel/libkernel.a(sched.c.obj)
                0x00000000000083ec                z_reset_time_slice
 .text.k_sched_time_slice_set
                0x0000000000008418       0x58 zephyr/kernel/libkernel.a(sched.c.obj)
                0x0000000000008418                k_sched_time_slice_set
 .text.k_sched_lock
                0x0000000000008470       0x28 zephyr/kernel/libkernel.a(sched.c.obj)
                0x0000000000008470                k_sched_lock
 .text.z_priq_dumb_remove
                0x0000000000008498       0x2c zephyr/kernel/libkernel.a(sched.c.obj)
                0x0000000000008498                z_priq_dumb_remove
 .text.update_cache
                0x00000000000084c4       0x48 zephyr/kernel/libkernel.a(sched.c.obj)
 .text.k_sched_unlock
                0x000000000000850c       0x38 zephyr/kernel/libkernel.a(sched.c.obj)
                0x000000000000850c                k_sched_unlock
 .text.ready_thread
                0x0000000000008544       0x68 zephyr/kernel/libkernel.a(sched.c.obj)
 .text.z_sched_start
                0x00000000000085ac       0x3c zephyr/kernel/libkernel.a(sched.c.obj)
                0x00000000000085ac                z_sched_start
 .text.z_move_thread_to_end_of_prio_q
                0x00000000000085e8       0x8c zephyr/kernel/libkernel.a(sched.c.obj)
                0x00000000000085e8                z_move_thread_to_end_of_prio_q
 .text.z_time_slice
                0x0000000000008674       0x6c zephyr/kernel/libkernel.a(sched.c.obj)
                0x0000000000008674                z_time_slice
 .text.z_impl_k_thread_suspend
                0x00000000000086e0       0x68 zephyr/kernel/libkernel.a(sched.c.obj)
                0x00000000000086e0                z_impl_k_thread_suspend
 .text.z_thread_single_abort
                0x0000000000008748       0xb8 zephyr/kernel/libkernel.a(sched.c.obj)
                0x0000000000008748                z_thread_single_abort
 .text.unready_thread
                0x0000000000008800       0x34 zephyr/kernel/libkernel.a(sched.c.obj)
 .text.z_tick_sleep.part.0
                0x0000000000008834       0x5c zephyr/kernel/libkernel.a(sched.c.obj)
 .text.pend     0x0000000000008890       0x4c zephyr/kernel/libkernel.a(sched.c.obj)
 .text.z_pend_curr
                0x00000000000088dc       0x28 zephyr/kernel/libkernel.a(sched.c.obj)
                0x00000000000088dc                z_pend_curr
 .text.z_set_prio
                0x0000000000008904       0x88 zephyr/kernel/libkernel.a(sched.c.obj)
                0x0000000000008904                z_set_prio
 .text.z_sched_init
                0x000000000000898c       0x18 zephyr/kernel/libkernel.a(sched.c.obj)
                0x000000000000898c                z_sched_init
 .text.z_impl_k_yield
                0x00000000000089a4       0x9c zephyr/kernel/libkernel.a(sched.c.obj)
                0x00000000000089a4                z_impl_k_yield
 .text.z_impl_k_sleep
                0x0000000000008a40       0x40 zephyr/kernel/libkernel.a(sched.c.obj)
                0x0000000000008a40                z_impl_k_sleep
 .text.z_impl_k_current_get
                0x0000000000008a80        0xc zephyr/kernel/libkernel.a(sched.c.obj)
                0x0000000000008a80                z_impl_k_current_get
 .text.z_impl_k_sem_give
                0x0000000000008a8c       0x4c zephyr/kernel/libkernel.a(sem.c.obj)
                0x0000000000008a8c                z_impl_k_sem_give
 .text.z_impl_k_sem_take
                0x0000000000008ad8       0x54 zephyr/kernel/libkernel.a(sem.c.obj)
                0x0000000000008ad8                z_impl_k_sem_take
 .text.k_sys_work_q_init
                0x0000000000008b2c       0x30 zephyr/kernel/libkernel.a(system_work_q.c.obj)
 .text.z_setup_new_thread
                0x0000000000008b5c       0x4c zephyr/kernel/libkernel.a(thread.c.obj)
                0x0000000000008b5c                z_setup_new_thread
 .text.z_impl_k_thread_create
                0x0000000000008ba8       0x58 zephyr/kernel/libkernel.a(thread.c.obj)
                0x0000000000008ba8                z_impl_k_thread_create
 .text.z_init_static_threads
                0x0000000000008c00       0xc4 zephyr/kernel/libkernel.a(thread.c.obj)
                0x0000000000008c00                z_init_static_threads
 .text.k_work_q_start
                0x0000000000008cc4       0x4c zephyr/kernel/libkernel.a(work_q.c.obj)
                0x0000000000008cc4                k_work_q_start
 .text.elapsed  0x0000000000008d10       0x14 zephyr/kernel/libkernel.a(timeout.c.obj)
 .text.remove_timeout
                0x0000000000008d24       0x28 zephyr/kernel/libkernel.a(timeout.c.obj)
 .text.next_timeout
                0x0000000000008d4c       0x38 zephyr/kernel/libkernel.a(timeout.c.obj)
 .text.z_add_timeout
                0x0000000000008d84       0xf4 zephyr/kernel/libkernel.a(timeout.c.obj)
                0x0000000000008d84                z_add_timeout
 .text.z_clock_announce
                0x0000000000008e78       0xa8 zephyr/kernel/libkernel.a(timeout.c.obj)
                0x0000000000008e78                z_clock_announce
 .text.z_tick_get
                0x0000000000008f20       0x34 zephyr/kernel/libkernel.a(timeout.c.obj)
                0x0000000000008f20                z_tick_get
 .text.z_timer_expiration_handler
                0x0000000000008f54       0x4c zephyr/kernel/libkernel.a(timer.c.obj)
                0x0000000000008f54                z_timer_expiration_handler
 .text.z_impl_k_timer_start
                0x0000000000008fa0       0x9c zephyr/kernel/libkernel.a(timer.c.obj)
                0x0000000000008fa0                z_impl_k_timer_start
 .text.z_impl_k_poll
                0x000000000000903c       0xc0 zephyr/kernel/libkernel.a(poll.c.obj)
                0x000000000000903c                z_impl_k_poll
 .text.z_thread_malloc
                0x00000000000090fc       0x24 zephyr/kernel/libkernel.a(mempool.c.obj)
                0x00000000000090fc                z_thread_malloc
 .text._OffsetAbsSyms
                0x0000000000009120        0x2 zephyr/CMakeFiles/offsets.dir/./arch/arm/core/offsets/offsets.c.obj
                0x0000000000009120                _OffsetAbsSyms
 .text.arch_printk_char_out
                0x0000000000009122        0x4 zephyr/libzephyr.a(printk.c.obj)
                0x0000000000009122                arch_printk_char_out
 .text.print_err
                0x0000000000009126       0x1c zephyr/libzephyr.a(printk.c.obj)
 .text.str_out  0x0000000000009142       0x26 zephyr/libzephyr.a(printk.c.obj)
 .text.printk   0x0000000000009168       0x1a zephyr/libzephyr.a(printk.c.obj)
                0x0000000000009168                printk
 .text.snprintk
                0x0000000000009182       0x1a zephyr/libzephyr.a(printk.c.obj)
                0x0000000000009182                snprintk
 .text.z_thread_entry
                0x000000000000919c       0x14 zephyr/libzephyr.a(thread_entry.c.obj)
                0x000000000000919c                z_thread_entry
 .text.z_work_q_main
                0x00000000000091b0       0x42 zephyr/libzephyr.a(work_q.c.obj)
                0x00000000000091b0                z_work_q_main
 .text.chunk_field
                0x00000000000091f2       0x18 zephyr/libzephyr.a(heap.c.obj)
 .text.chunk_set
                0x000000000000920a       0x1a zephyr/libzephyr.a(heap.c.obj)
 .text.right_chunk
                0x0000000000009224       0x14 zephyr/libzephyr.a(heap.c.obj)
 .text.free_list_remove
                0x0000000000009238       0x66 zephyr/libzephyr.a(heap.c.obj)
 .text.free_list_add
                0x000000000000929e       0x9a zephyr/libzephyr.a(heap.c.obj)
 .text.split_alloc
                0x0000000000009338       0xca zephyr/libzephyr.a(heap.c.obj)
 .text.sys_heap_free
                0x0000000000009402      0x166 zephyr/libzephyr.a(heap.c.obj)
                0x0000000000009402                sys_heap_free
 .text.sys_heap_alloc
                0x0000000000009568       0xb0 zephyr/libzephyr.a(heap.c.obj)
                0x0000000000009568                sys_heap_alloc
 .text.sys_heap_init
                0x0000000000009618       0x88 zephyr/libzephyr.a(heap.c.obj)
                0x0000000000009618                sys_heap_init
 .text._ConfigAbsSyms
                0x00000000000096a0        0x2 zephyr/libzephyr.a(configs.c.obj)
                0x00000000000096a0                _ConfigAbsSyms
 .text.log_list_init
                0x00000000000096a2        0x8 zephyr/libzephyr.a(log_list.c.obj)
                0x00000000000096a2                log_list_init
 .text.log_list_add_tail
                0x00000000000096aa       0x14 zephyr/libzephyr.a(log_list.c.obj)
                0x00000000000096aa                log_list_add_tail
 .text.log_list_head_peek
                0x00000000000096be        0x4 zephyr/libzephyr.a(log_list.c.obj)
                0x00000000000096be                log_list_head_peek
 .text.log_list_head_get
                0x00000000000096c2        0xc zephyr/libzephyr.a(log_list.c.obj)
                0x00000000000096c2                log_list_head_get
 .text.z_log_msg_std_alloc
                0x00000000000096ce       0x12 zephyr/libzephyr.a(log_core.c.obj)
 .text.k_cycle_get_32_wrapper
                0x00000000000096e0        0x4 zephyr/libzephyr.a(log_core.c.obj)
 .text.dummy_timestamp
                0x00000000000096e4        0x4 zephyr/libzephyr.a(log_core.c.obj)
 .text.z_log_get_s_mask
                0x00000000000096e8       0x40 zephyr/libzephyr.a(log_core.c.obj)
                0x00000000000096e8                z_log_get_s_mask
 .text.log_0    0x0000000000009728       0x1a zephyr/libzephyr.a(log_core.c.obj)
                0x0000000000009728                log_0
 .text.log_1    0x0000000000009742       0x28 zephyr/libzephyr.a(log_core.c.obj)
                0x0000000000009742                log_1
 .text.log_2    0x000000000000976a       0x32 zephyr/libzephyr.a(log_core.c.obj)
                0x000000000000976a                log_2
 .text.log_3    0x000000000000979c       0x38 zephyr/libzephyr.a(log_core.c.obj)
                0x000000000000979c                log_3
 .text.log_n    0x00000000000097d4       0x16 zephyr/libzephyr.a(log_core.c.obj)
                0x00000000000097d4                log_n
 .text.log_msg_hexdump_data_op
                0x00000000000097ea       0xa8 zephyr/libzephyr.a(log_msg.c.obj)
 .text.log_msg_get
                0x0000000000009892       0x1a zephyr/libzephyr.a(log_msg.c.obj)
                0x0000000000009892                log_msg_get
 .text.log_msg_nargs_get
                0x00000000000098ac        0x6 zephyr/libzephyr.a(log_msg.c.obj)
                0x00000000000098ac                log_msg_nargs_get
 .text.log_msg_arg_get
                0x00000000000098b2       0x3e zephyr/libzephyr.a(log_msg.c.obj)
                0x00000000000098b2                log_msg_arg_get
 .text.log_msg_put
                0x00000000000098f0       0x26 zephyr/libzephyr.a(log_msg.c.obj)
                0x00000000000098f0                log_msg_put
 .text.log_msg_str_get
                0x0000000000009916        0x4 zephyr/libzephyr.a(log_msg.c.obj)
                0x0000000000009916                log_msg_str_get
 .text.log_msg_create_n
                0x000000000000991a       0xa8 zephyr/libzephyr.a(log_msg.c.obj)
                0x000000000000991a                log_msg_create_n
 .text.log_msg_hexdump_data_get
                0x00000000000099c2        0xe zephyr/libzephyr.a(log_msg.c.obj)
                0x00000000000099c2                log_msg_hexdump_data_get
 .text.buffer_write
                0x00000000000099d0       0x1a zephyr/libzephyr.a(log_output.c.obj)
 .text.std_print
                0x00000000000099ea      0x2ba zephyr/libzephyr.a(log_output.c.obj)
 .text.log_output_flush
                0x0000000000009ca4       0x1a zephyr/libzephyr.a(log_output.c.obj)
                0x0000000000009ca4                log_output_flush
 .text.out_func
                0x0000000000009cbe       0x36 zephyr/libzephyr.a(log_output.c.obj)
 .text.char_out
                0x0000000000009cf4       0x20 zephyr/libzephyr.a(log_backend_uart.c.obj)
 .text.get_status
                0x0000000000009d14       0x1c zephyr/libzephyr.a(nrf_power_clock.c.obj)
 .text.clock_stop
                0x0000000000009d30       0x52 zephyr/libzephyr.a(nrf_power_clock.c.obj)
 .text.clock_async_start
                0x0000000000009d82       0xc8 zephyr/libzephyr.a(nrf_power_clock.c.obj)
 .text.clock_start
                0x0000000000009e4a        0x6 zephyr/libzephyr.a(nrf_power_clock.c.obj)
 .text.clk_init
                0x0000000000009e50       0x34 zephyr/libzephyr.a(nrf_power_clock.c.obj)
 .text.z_clock_isr
                0x0000000000009e84        0x2 zephyr/libzephyr.a(sys_clock_init.c.obj)
                0x0000000000009e84                z_clock_isr
 .text.z_clock_idle_exit
                0x0000000000009e86        0x2 zephyr/libzephyr.a(sys_clock_init.c.obj)
                0x0000000000009e86                z_clock_idle_exit
 .text.SEGGER_RTT_Init
                0x0000000000009e88        0x4 zephyr/libzephyr.a(SEGGER_RTT.c.obj)
                0x0000000000009e88                SEGGER_RTT_Init
 .text.rtt_init
                0x0000000000009e8c        0xa zephyr/libzephyr.a(SEGGER_RTT_zephyr.c.obj)
 .text.z_irq_spurious
                0x0000000000009e96        0x8 zephyr/arch/arch/arm/core/aarch32/libarch__arm__core__aarch32.a(irq_manage.c.obj)
                0x0000000000009e96                z_irq_spurious
 .text.z_do_kernel_oops
                0x0000000000009e9e        0x8 zephyr/arch/arch/arm/core/aarch32/libarch__arm__core__aarch32.a(fatal.c.obj)
                0x0000000000009e9e                z_do_kernel_oops
 .text.z_arm_nmi
                0x0000000000009ea6        0xe zephyr/arch/arch/arm/core/aarch32/libarch__arm__core__aarch32.a(nmi.c.obj)
                0x0000000000009ea6                z_arm_nmi
 .text.strcpy   0x0000000000009eb4       0x14 zephyr/lib/libc/minimal/liblib__libc__minimal.a(string.c.obj)
                0x0000000000009eb4                strcpy
 .text.strncpy  0x0000000000009ec8       0x26 zephyr/lib/libc/minimal/liblib__libc__minimal.a(string.c.obj)
                0x0000000000009ec8                strncpy
 .text.strlen   0x0000000000009eee        0xe zephyr/lib/libc/minimal/liblib__libc__minimal.a(string.c.obj)
                0x0000000000009eee                strlen
 .text.strcmp   0x0000000000009efc       0x18 zephyr/lib/libc/minimal/liblib__libc__minimal.a(string.c.obj)
                0x0000000000009efc                strcmp
 .text.memcmp   0x0000000000009f14       0x20 zephyr/lib/libc/minimal/liblib__libc__minimal.a(string.c.obj)
                0x0000000000009f14                memcmp
 .text.memcpy   0x0000000000009f34       0x56 zephyr/lib/libc/minimal/liblib__libc__minimal.a(string.c.obj)
                0x0000000000009f34                memcpy
 .text.memset   0x0000000000009f8a       0x46 zephyr/lib/libc/minimal/liblib__libc__minimal.a(string.c.obj)
                0x0000000000009f8a                memset
 .text._stdout_hook_default
                0x0000000000009fd0        0x6 zephyr/lib/libc/minimal/liblib__libc__minimal.a(stdout_console.c.obj)
 .text.z_platform_init
                0x0000000000009fd6        0x4 zephyr/soc/arm/nordic_nrf/nrf52/libsoc__arm__nordic_nrf__nrf52.a(soc.c.obj)
                0x0000000000009fd6                z_platform_init
 .text.atomic_get
                0x0000000000009fda        0xc zephyr/subsys/bluetooth/host/libsubsys__bluetooth__host.a(hci_core.c.obj)
 .text.bt_addr_le_copy
                0x0000000000009fe6        0x6 zephyr/subsys/bluetooth/host/libsubsys__bluetooth__host.a(hci_core.c.obj)
 .text.atomic_and
                0x0000000000009fec       0x1e zephyr/subsys/bluetooth/host/libsubsys__bluetooth__host.a(hci_core.c.obj)
 .text.atomic_set_bit_to
                0x000000000000a00a       0x34 zephyr/subsys/bluetooth/host/libsubsys__bluetooth__host.a(hci_core.c.obj)
 .text.bt_addr_le_create_static
                0x000000000000a03e       0x1c zephyr/subsys/bluetooth/host/libsubsys__bluetooth__host.a(hci_core.c.obj)
                0x000000000000a03e                bt_addr_le_create_static
 .text.bt_le_adv_start
                0x000000000000a05a        0x4 zephyr/subsys/bluetooth/host/libsubsys__bluetooth__host.a(hci_core.c.obj)
                0x000000000000a05a                bt_le_adv_start
 .text.mem_init
                0x000000000000a05e       0x48 zephyr/subsys/bluetooth/controller/libsubsys__bluetooth__controller.a(mem.c.obj)
                0x000000000000a05e                mem_init
 .text.mem_acquire
                0x000000000000a0a6       0x32 zephyr/subsys/bluetooth/controller/libsubsys__bluetooth__controller.a(mem.c.obj)
                0x000000000000a0a6                mem_acquire
 .text.mem_release
                0x000000000000a0d8       0x2a zephyr/subsys/bluetooth/controller/libsubsys__bluetooth__controller.a(mem.c.obj)
                0x000000000000a0d8                mem_release
 .text.mem_rcopy
                0x000000000000a102       0x1e zephyr/subsys/bluetooth/controller/libsubsys__bluetooth__controller.a(mem.c.obj)
                0x000000000000a102                mem_rcopy
 .text.mem_nz   0x000000000000a120       0x16 zephyr/subsys/bluetooth/controller/libsubsys__bluetooth__controller.a(mem.c.obj)
                0x000000000000a120                mem_nz
 .text.memq_init
                0x000000000000a136        0x6 zephyr/subsys/bluetooth/controller/libsubsys__bluetooth__controller.a(memq.c.obj)
                0x000000000000a136                memq_init
 .text.memq_enqueue
                0x000000000000a13c        0xe zephyr/subsys/bluetooth/controller/libsubsys__bluetooth__controller.a(memq.c.obj)
                0x000000000000a13c                memq_enqueue
 .text.memq_peek
                0x000000000000a14a       0x10 zephyr/subsys/bluetooth/controller/libsubsys__bluetooth__controller.a(memq.c.obj)
                0x000000000000a14a                memq_peek
 .text.memq_dequeue
                0x000000000000a15a       0x1e zephyr/subsys/bluetooth/controller/libsubsys__bluetooth__controller.a(memq.c.obj)
                0x000000000000a15a                memq_dequeue
 .text.util_ones_count_get
                0x000000000000a178       0x26 zephyr/subsys/bluetooth/controller/libsubsys__bluetooth__controller.a(util.c.obj)
                0x000000000000a178                util_ones_count_get
 .text.ticks_to_expire_prep
                0x000000000000a19e       0x3c zephyr/subsys/bluetooth/controller/libsubsys__bluetooth__controller.a(ticker.c.obj)
 .text.ticker_job_op_cb
                0x000000000000a1da       0x14 zephyr/subsys/bluetooth/controller/libsubsys__bluetooth__controller.a(ticker.c.obj)
 .text.ticker_job_list_insert
                0x000000000000a1ee      0x18c zephyr/subsys/bluetooth/controller/libsubsys__bluetooth__controller.a(ticker.c.obj)
 .text.ticker_worker
                0x000000000000a37a      0x212 zephyr/subsys/bluetooth/controller/libsubsys__bluetooth__controller.a(ticker.c.obj)
                0x000000000000a37a                ticker_worker
 .text.ticker_start
                0x000000000000a58c       0x36 zephyr/subsys/bluetooth/controller/libsubsys__bluetooth__controller.a(ticker.c.obj)
                0x000000000000a58c                ticker_start
 .text.ticker_ticks_now_get
                0x000000000000a5c2        0x4 zephyr/subsys/bluetooth/controller/libsubsys__bluetooth__controller.a(ticker.c.obj)
                0x000000000000a5c2                ticker_ticks_now_get
 .text.ticker_ticks_diff_get
                0x000000000000a5c6        0x8 zephyr/subsys/bluetooth/controller/libsubsys__bluetooth__controller.a(ticker.c.obj)
                0x000000000000a5c6                ticker_ticks_diff_get
 .text.ll_tx_pwr_get
                0x000000000000a5ce        0x8 zephyr/subsys/bluetooth/controller/libsubsys__bluetooth__controller.a(ll_tx_pwr.c.obj)
                0x000000000000a5ce                ll_tx_pwr_get
 .text.hci_evt_create
                0x000000000000a5d6       0x14 zephyr/subsys/bluetooth/controller/libsubsys__bluetooth__controller.a(hci.c.obj)
                0x000000000000a5d6                hci_evt_create
 .text.bt_hci_evt_create
                0x000000000000a5ea       0x22 zephyr/subsys/bluetooth/controller/libsubsys__bluetooth__controller.a(hci.c.obj)
                0x000000000000a5ea                bt_hci_evt_create
 .text.bt_hci_cmd_complete_create
                0x000000000000a60c       0x24 zephyr/subsys/bluetooth/controller/libsubsys__bluetooth__controller.a(hci.c.obj)
                0x000000000000a60c                bt_hci_cmd_complete_create
 .text.bt_hci_cmd_status_create
                0x000000000000a630       0x24 zephyr/subsys/bluetooth/controller/libsubsys__bluetooth__controller.a(hci.c.obj)
                0x000000000000a630                bt_hci_cmd_status_create
 .text.hci_get_class
                0x000000000000a654        0x4 zephyr/subsys/bluetooth/controller/libsubsys__bluetooth__controller.a(hci.c.obj)
                0x000000000000a654                hci_get_class
 .text.hci_init
                0x000000000000a658        0x2 zephyr/subsys/bluetooth/controller/libsubsys__bluetooth__controller.a(hci.c.obj)
                0x000000000000a658                hci_init
 .text.bt_rand  0x000000000000a65a        0x4 zephyr/subsys/bluetooth/controller/libsubsys__bluetooth__controller.a(crypto.c.obj)
                0x000000000000a65a                bt_rand
 .text.disabled_cb
                0x000000000000a65e        0x4 zephyr/subsys/bluetooth/controller/libsubsys__bluetooth__controller.a(ull.c.obj)
 .text.ull_adv_init
                0x000000000000a662        0x4 zephyr/subsys/bluetooth/controller/libsubsys__bluetooth__controller.a(ull_adv.c.obj)
                0x000000000000a662                ull_adv_init
 .text.ull_adv_reset
                0x000000000000a666        0xa zephyr/subsys/bluetooth/controller/libsubsys__bluetooth__controller.a(ull_adv.c.obj)
                0x000000000000a666                ull_adv_reset
 .text.ull_adv_is_enabled
                0x000000000000a670        0xe zephyr/subsys/bluetooth/controller/libsubsys__bluetooth__controller.a(ull_adv.c.obj)
                0x000000000000a670                ull_adv_is_enabled
 .text.ull_adv_filter_pol_get
                0x000000000000a67e       0x10 zephyr/subsys/bluetooth/controller/libsubsys__bluetooth__controller.a(ull_adv.c.obj)
                0x000000000000a67e                ull_adv_filter_pol_get
 .text.ll_wl_size_get
                0x000000000000a68e        0x4 zephyr/subsys/bluetooth/controller/libsubsys__bluetooth__controller.a(ull_filter.c.obj)
                0x000000000000a68e                ll_wl_size_get
 .text.swi_lll_nrf5_isr
                0x000000000000a692        0x6 zephyr/subsys/bluetooth/controller/libsubsys__bluetooth__controller.a(lll.c.obj)
 .text.radio_nrf5_isr
                0x000000000000a698       0x1e zephyr/subsys/bluetooth/controller/libsubsys__bluetooth__controller.a(lll.c.obj)
                0x000000000000a698                radio_nrf5_isr
 .text.lll_rng_isr_get
                0x000000000000a6b6        0x4 zephyr/subsys/bluetooth/controller/libsubsys__bluetooth__controller.a(lll.c.obj)
                0x000000000000a6b6                lll_rng_isr_get
 .text.lll_reset
                0x000000000000a6ba        0x4 zephyr/subsys/bluetooth/controller/libsubsys__bluetooth__controller.a(lll.c.obj)
                0x000000000000a6ba                lll_reset
 .text.lll_prepare
                0x000000000000a6be       0x12 zephyr/subsys/bluetooth/controller/libsubsys__bluetooth__controller.a(lll.c.obj)
                0x000000000000a6be                lll_prepare
 .text.lll_prepare_done
                0x000000000000a6d0        0x4 zephyr/subsys/bluetooth/controller/libsubsys__bluetooth__controller.a(lll.c.obj)
                0x000000000000a6d0                lll_prepare_done
 .text.lll_evt_offset_get
                0x000000000000a6d4       0x1c zephyr/subsys/bluetooth/controller/libsubsys__bluetooth__controller.a(lll.c.obj)
                0x000000000000a6d4                lll_evt_offset_get
 .text.lll_preempt_calc
                0x000000000000a6f0       0x22 zephyr/subsys/bluetooth/controller/libsubsys__bluetooth__controller.a(lll.c.obj)
                0x000000000000a6f0                lll_preempt_calc
 .text.is_abort_cb
                0x000000000000a712        0x6 zephyr/subsys/bluetooth/controller/libsubsys__bluetooth__controller.a(lll_adv.c.obj)
 .text.isr_race
                0x000000000000a718        0x4 zephyr/subsys/bluetooth/controller/libsubsys__bluetooth__controller.a(lll_adv.c.obj)
 .text.isr_abort
                0x000000000000a71c       0x26 zephyr/subsys/bluetooth/controller/libsubsys__bluetooth__controller.a(lll_adv.c.obj)
 .text.isr_done
                0x000000000000a742       0x40 zephyr/subsys/bluetooth/controller/libsubsys__bluetooth__controller.a(lll_adv.c.obj)
 .text.lll_adv_init
                0x000000000000a782        0x4 zephyr/subsys/bluetooth/controller/libsubsys__bluetooth__controller.a(lll_adv.c.obj)
                0x000000000000a782                lll_adv_init
 .text.lll_adv_reset
                0x000000000000a786        0x4 zephyr/subsys/bluetooth/controller/libsubsys__bluetooth__controller.a(lll_adv.c.obj)
                0x000000000000a786                lll_adv_reset
 .text.ecb_encrypt
                0x000000000000a78a       0x42 zephyr/subsys/bluetooth/controller/libsubsys__bluetooth__controller.a(ecb.c.obj)
                0x000000000000a78a                ecb_encrypt
 .text.radio_tx_chain_delay_get
                0x000000000000a7cc        0x4 zephyr/subsys/bluetooth/controller/libsubsys__bluetooth__controller.a(radio.c.obj)
                0x000000000000a7cc                radio_tx_chain_delay_get
 .text.radio_rx_chain_delay_get
                0x000000000000a7d0        0xa zephyr/subsys/bluetooth/controller/libsubsys__bluetooth__controller.a(radio.c.obj)
                0x000000000000a7d0                radio_rx_chain_delay_get
 .text.mayfly_prio_is_equal
                0x000000000000a7da       0x32 zephyr/subsys/bluetooth/controller/libsubsys__bluetooth__controller.a(mayfly.c.obj)
                0x000000000000a7da                mayfly_prio_is_equal
 .text.hal_ticker_instance0_trigger_set
                0x000000000000a80c        0x8 zephyr/subsys/bluetooth/controller/libsubsys__bluetooth__controller.a(ticker.c.obj)
                0x000000000000a80c                hal_ticker_instance0_trigger_set
 .text.sys_put_le32
                0x000000000000a814       0x12 zephyr/subsys/bluetooth/controller/libsubsys__bluetooth__controller.a(hci_vendor.c.obj)
 .text.hci_vendor_read_static_addr
                0x000000000000a826       0xac zephyr/subsys/bluetooth/controller/libsubsys__bluetooth__controller.a(hci_vendor.c.obj)
                0x000000000000a826                hci_vendor_read_static_addr
 .text.hci_vendor_read_key_hierarchy_roots
                0x000000000000a8d2       0x6e zephyr/subsys/bluetooth/controller/libsubsys__bluetooth__controller.a(hci_vendor.c.obj)
                0x000000000000a8d2                hci_vendor_read_key_hierarchy_roots
 .text.fixed_data_unref
                0x000000000000a940        0x2 zephyr/subsys/net/libsubsys__net.a(buf.c.obj)
 .text.net_buf_alloc_fixed
                0x000000000000a942        0xa zephyr/subsys/net/libsubsys__net.a(buf.c.obj)
                0x000000000000a942                net_buf_alloc_fixed
 .text.net_buf_get
                0x000000000000a94c       0x34 zephyr/subsys/net/libsubsys__net.a(buf.c.obj)
                0x000000000000a94c                net_buf_get
 .text.net_buf_simple_reserve
                0x000000000000a980        0x8 zephyr/subsys/net/libsubsys__net.a(buf.c.obj)
                0x000000000000a980                net_buf_simple_reserve
 .text.net_buf_put
                0x000000000000a988       0x1a zephyr/subsys/net/libsubsys__net.a(buf.c.obj)
                0x000000000000a988                net_buf_put
 .text.net_buf_ref
                0x000000000000a9a2        0x8 zephyr/subsys/net/libsubsys__net.a(buf.c.obj)
                0x000000000000a9a2                net_buf_ref
 .text.net_buf_simple_add
                0x000000000000a9aa        0xc zephyr/subsys/net/libsubsys__net.a(buf.c.obj)
                0x000000000000a9aa                net_buf_simple_add
 .text.net_buf_simple_add_mem
                0x000000000000a9b6       0x12 zephyr/subsys/net/libsubsys__net.a(buf.c.obj)
                0x000000000000a9b6                net_buf_simple_add_mem
 .text.net_buf_simple_add_u8
                0x000000000000a9c8       0x10 zephyr/subsys/net/libsubsys__net.a(buf.c.obj)
                0x000000000000a9c8                net_buf_simple_add_u8
 .text.net_buf_simple_pull_mem
                0x000000000000a9d8       0x10 zephyr/subsys/net/libsubsys__net.a(buf.c.obj)
                0x000000000000a9d8                net_buf_simple_pull_mem
 .text.gpio_nrfx_port_get_raw
                0x000000000000a9e8        0xe zephyr/drivers/gpio/libdrivers__gpio.a(gpio_nrfx.c.obj)
 .text.gpio_nrfx_port_set_masked_raw
                0x000000000000a9f6       0x16 zephyr/drivers/gpio/libdrivers__gpio.a(gpio_nrfx.c.obj)
 .text.gpio_nrfx_port_set_bits_raw
                0x000000000000aa0c        0xc zephyr/drivers/gpio/libdrivers__gpio.a(gpio_nrfx.c.obj)
 .text.gpio_nrfx_port_clear_bits_raw
                0x000000000000aa18        0xc zephyr/drivers/gpio/libdrivers__gpio.a(gpio_nrfx.c.obj)
 .text.gpio_nrfx_port_toggle_bits
                0x000000000000aa24       0x12 zephyr/drivers/gpio/libdrivers__gpio.a(gpio_nrfx.c.obj)
 .text.gpio_nrfx_manage_callback
                0x000000000000aa36       0x56 zephyr/drivers/gpio/libdrivers__gpio.a(gpio_nrfx.c.obj)
 .text.fire_callbacks
                0x000000000000aa8c       0x36 zephyr/drivers/gpio/libdrivers__gpio.a(gpio_nrfx.c.obj)
 .text.check_level_trigger_pins
                0x000000000000aac2       0x4c zephyr/drivers/gpio/libdrivers__gpio.a(gpio_nrfx.c.obj)
 .text.gpio_nrfx_pin_disable_callback
                0x000000000000ab0e       0x18 zephyr/drivers/gpio/libdrivers__gpio.a(gpio_nrfx.c.obj)
 .text.cfg_level_pins
                0x000000000000ab26       0x48 zephyr/drivers/gpio/libdrivers__gpio.a(gpio_nrfx.c.obj)
 .text.gpio_nrfx_pin_enable_callback
                0x000000000000ab6e       0x16 zephyr/drivers/gpio/libdrivers__gpio.a(gpio_nrfx.c.obj)
 .text.uart_nrfx_config_get
                0x000000000000ab84       0x10 zephyr/drivers/serial/libdrivers__serial.a(uart_nrfx_uart.c.obj)
 .text.uarte_nrfx_config_get
                0x000000000000ab94       0x10 zephyr/drivers/serial/libdrivers__serial.a(uart_nrfx_uarte.c.obj)
 .text.uarte_nrfx_err_check
                0x000000000000aba4        0xe zephyr/drivers/serial/libdrivers__serial.a(uart_nrfx_uarte.c.obj)
 .text.uarte_nrfx_poll_in
                0x000000000000abb2       0x2e zephyr/drivers/serial/libdrivers__serial.a(uart_nrfx_uarte.c.obj)
 .text.uarte_nrfx_poll_out
                0x000000000000abe0       0x8e zephyr/drivers/serial/libdrivers__serial.a(uart_nrfx_uarte.c.obj)
 .text.nrfx_busy_wait
                0x000000000000ac6e        0x4 modules/nordic/lib..__modules__hal__nordic.a(nrfx_glue.c.obj)
                0x000000000000ac6e                nrfx_busy_wait
 .text.z_sys_power_save_idle_exit
                0x000000000000ac72        0x4 zephyr/kernel/libkernel.a(idle.c.obj)
                0x000000000000ac72                z_sys_power_save_idle_exit
 .text.k_heap_init
                0x000000000000ac76       0x10 zephyr/kernel/libkernel.a(kheap.c.obj)
                0x000000000000ac76                k_heap_init
 .text.k_heap_alloc
                0x000000000000ac86       0x86 zephyr/kernel/libkernel.a(kheap.c.obj)
                0x000000000000ac86                k_heap_alloc
 .text.k_heap_free
                0x000000000000ad0c       0x3a zephyr/kernel/libkernel.a(kheap.c.obj)
                0x000000000000ad0c                k_heap_free
 .text.k_mem_pool_alloc
                0x000000000000ad46       0x32 zephyr/kernel/libkernel.a(kheap.c.obj)
                0x000000000000ad46                k_mem_pool_alloc
 .text.k_mem_pool_free_id
                0x000000000000ad78        0x8 zephyr/kernel/libkernel.a(kheap.c.obj)
                0x000000000000ad78                k_mem_pool_free_id
 .text.k_mem_slab_init
                0x000000000000ad80       0x36 zephyr/kernel/libkernel.a(mem_slab.c.obj)
                0x000000000000ad80                k_mem_slab_init
 .text.queue_insert
                0x000000000000adb6       0xc0 zephyr/kernel/libkernel.a(queue.c.obj)
 .text.z_queue_node_peek
                0x000000000000ae76       0x18 zephyr/kernel/libkernel.a(queue.c.obj)
                0x000000000000ae76                z_queue_node_peek
 .text.z_impl_k_queue_init
                0x000000000000ae8e       0x18 zephyr/kernel/libkernel.a(queue.c.obj)
                0x000000000000ae8e                z_impl_k_queue_init
 .text.k_queue_append
                0x000000000000aea6        0xa zephyr/kernel/libkernel.a(queue.c.obj)